app/actions/analytics.ts(112,11): error TS2769: No overload matches this call.
  Overload 1 of 2, '(relation: "line_friends" | "organizations" | "users" | "step_campaigns" | "forms" | "tags" | "line_channels" | "messages" | "reservation_types" | "schedules" | "schedule_slots" | ... 19 more ... | "webhook_logs"): PostgrestQueryBuilder<...>', gave the following error.
    Argument of type '"analytics_daily_stats"' is not assignable to parameter of type '"line_friends" | "organizations" | "users" | "step_campaigns" | "forms" | "tags" | "line_channels" | "messages" | "reservation_types" | "schedules" | "schedule_slots" | "rich_menus" | ... 18 more ... | "webhook_logs"'.
  Overload 2 of 2, '(relation: never): PostgrestQueryBuilder<{ PostgrestVersion: "13.0.5"; }, { Tables: { analytics_events: { Row: { created_at: string | null; event_data: Json; event_type: string; id: string; ip_address: unknown; ... 4 more ...; user_agent: string | null; }; Insert: { ...; }; Update: { ...; }; Relationships: [...]; }; ... 29 more ...; webhook_logs: { ...; }; }; Views: {}; Functions: { ...; }; Enums: {}; CompositeTypes: {}; }, never, never, never>', gave the following error.
    Argument of type '"analytics_daily_stats"' is not assignable to parameter of type 'never'.
app/actions/analytics.ts(126,11): error TS2769: No overload matches this call.
  Overload 1 of 2, '(relation: "line_friends" | "organizations" | "users" | "step_campaigns" | "forms" | "tags" | "line_channels" | "messages" | "reservation_types" | "schedules" | "schedule_slots" | ... 19 more ... | "webhook_logs"): PostgrestQueryBuilder<...>', gave the following error.
    Argument of type '"analytics_daily_stats"' is not assignable to parameter of type '"line_friends" | "organizations" | "users" | "step_campaigns" | "forms" | "tags" | "line_channels" | "messages" | "reservation_types" | "schedules" | "schedule_slots" | "rich_menus" | ... 18 more ... | "webhook_logs"'.
  Overload 2 of 2, '(relation: never): PostgrestQueryBuilder<{ PostgrestVersion: "13.0.5"; }, { Tables: { analytics_events: { Row: { created_at: string | null; event_data: Json; event_type: string; id: string; ip_address: unknown; ... 4 more ...; user_agent: string | null; }; Insert: { ...; }; Update: { ...; }; Relationships: [...]; }; ... 29 more ...; webhook_logs: { ...; }; }; Views: {}; Functions: { ...; }; Enums: {}; CompositeTypes: {}; }, never, never, never>', gave the following error.
    Argument of type '"analytics_daily_stats"' is not assignable to parameter of type 'never'.
app/actions/analytics.ts(135,36): error TS2339: Property 'new_friends' does not exist on type '{ created_at: string | null; event_data: Json; event_type: string; id: string; ip_address: unknown; line_friend_id: string | null; organization_id: string; referrer: string | null; session_id: string | null; user_agent: string | null; } | ... 29 more ... | { ...; }'.
  Property 'new_friends' does not exist on type '{ created_at: string | null; event_data: Json; event_type: string; id: string; ip_address: unknown; line_friend_id: string | null; organization_id: string; referrer: string | null; session_id: string | null; user_agent: string | null; }'.
app/actions/analytics.ts(135,62): error TS2339: Property 'blocked_friends' does not exist on type '{ created_at: string | null; event_data: Json; event_type: string; id: string; ip_address: unknown; line_friend_id: string | null; organization_id: string; referrer: string | null; session_id: string | null; user_agent: string | null; } | ... 29 more ... | { ...; }'.
  Property 'blocked_friends' does not exist on type '{ created_at: string | null; event_data: Json; event_type: string; id: string; ip_address: unknown; line_friend_id: string | null; organization_id: string; referrer: string | null; session_id: string | null; user_agent: string | null; }'.
app/actions/analytics.ts(136,38): error TS2339: Property 'messages_sent' does not exist on type '{ created_at: string | null; event_data: Json; event_type: string; id: string; ip_address: unknown; line_friend_id: string | null; organization_id: string; referrer: string | null; session_id: string | null; user_agent: string | null; } | ... 29 more ... | { ...; }'.
  Property 'messages_sent' does not exist on type '{ created_at: string | null; event_data: Json; event_type: string; id: string; ip_address: unknown; line_friend_id: string | null; organization_id: string; referrer: string | null; session_id: string | null; user_agent: string | null; }'.
app/actions/analytics.ts(137,40): error TS2339: Property 'messages_delivered' does not exist on type '{ created_at: string | null; event_data: Json; event_type: string; id: string; ip_address: unknown; line_friend_id: string | null; organization_id: string; referrer: string | null; session_id: string | null; user_agent: string | null; } | ... 29 more ... | { ...; }'.
  Property 'messages_delivered' does not exist on type '{ created_at: string | null; event_data: Json; event_type: string; id: string; ip_address: unknown; line_friend_id: string | null; organization_id: string; referrer: string | null; session_id: string | null; user_agent: string | null; }'.
app/actions/analytics.ts(138,30): error TS2339: Property 'messages_read' does not exist on type '{ created_at: string | null; event_data: Json; event_type: string; id: string; ip_address: unknown; line_friend_id: string | null; organization_id: string; referrer: string | null; session_id: string | null; user_agent: string | null; } | ... 29 more ... | { ...; }'.
  Property 'messages_read' does not exist on type '{ created_at: string | null; event_data: Json; event_type: string; id: string; ip_address: unknown; line_friend_id: string | null; organization_id: string; referrer: string | null; session_id: string | null; user_agent: string | null; }'.
app/actions/analytics.ts(139,36): error TS2339: Property 'messages_clicked' does not exist on type '{ created_at: string | null; event_data: Json; event_type: string; id: string; ip_address: unknown; line_friend_id: string | null; organization_id: string; referrer: string | null; session_id: string | null; user_agent: string | null; } | ... 29 more ... | { ...; }'.
  Property 'messages_clicked' does not exist on type '{ created_at: string | null; event_data: Json; event_type: string; id: string; ip_address: unknown; line_friend_id: string | null; organization_id: string; referrer: string | null; session_id: string | null; user_agent: string | null; }'.
app/actions/analytics.ts(147,36): error TS2339: Property 'new_friends' does not exist on type '{ created_at: string | null; event_data: Json; event_type: string; id: string; ip_address: unknown; line_friend_id: string | null; organization_id: string; referrer: string | null; session_id: string | null; user_agent: string | null; } | ... 29 more ... | { ...; }'.
  Property 'new_friends' does not exist on type '{ created_at: string | null; event_data: Json; event_type: string; id: string; ip_address: unknown; line_friend_id: string | null; organization_id: string; referrer: string | null; session_id: string | null; user_agent: string | null; }'.
app/actions/analytics.ts(147,62): error TS2339: Property 'blocked_friends' does not exist on type '{ created_at: string | null; event_data: Json; event_type: string; id: string; ip_address: unknown; line_friend_id: string | null; organization_id: string; referrer: string | null; session_id: string | null; user_agent: string | null; } | ... 29 more ... | { ...; }'.
  Property 'blocked_friends' does not exist on type '{ created_at: string | null; event_data: Json; event_type: string; id: string; ip_address: unknown; line_friend_id: string | null; organization_id: string; referrer: string | null; session_id: string | null; user_agent: string | null; }'.
app/actions/analytics.ts(148,38): error TS2339: Property 'messages_sent' does not exist on type '{ created_at: string | null; event_data: Json; event_type: string; id: string; ip_address: unknown; line_friend_id: string | null; organization_id: string; referrer: string | null; session_id: string | null; user_agent: string | null; } | ... 29 more ... | { ...; }'.
  Property 'messages_sent' does not exist on type '{ created_at: string | null; event_data: Json; event_type: string; id: string; ip_address: unknown; line_friend_id: string | null; organization_id: string; referrer: string | null; session_id: string | null; user_agent: string | null; }'.
app/actions/analytics.ts(149,40): error TS2339: Property 'messages_delivered' does not exist on type '{ created_at: string | null; event_data: Json; event_type: string; id: string; ip_address: unknown; line_friend_id: string | null; organization_id: string; referrer: string | null; session_id: string | null; user_agent: string | null; } | ... 29 more ... | { ...; }'.
  Property 'messages_delivered' does not exist on type '{ created_at: string | null; event_data: Json; event_type: string; id: string; ip_address: unknown; line_friend_id: string | null; organization_id: string; referrer: string | null; session_id: string | null; user_agent: string | null; }'.
app/actions/analytics.ts(150,30): error TS2339: Property 'messages_read' does not exist on type '{ created_at: string | null; event_data: Json; event_type: string; id: string; ip_address: unknown; line_friend_id: string | null; organization_id: string; referrer: string | null; session_id: string | null; user_agent: string | null; } | ... 29 more ... | { ...; }'.
  Property 'messages_read' does not exist on type '{ created_at: string | null; event_data: Json; event_type: string; id: string; ip_address: unknown; line_friend_id: string | null; organization_id: string; referrer: string | null; session_id: string | null; user_agent: string | null; }'.
app/actions/analytics.ts(151,36): error TS2339: Property 'messages_clicked' does not exist on type '{ created_at: string | null; event_data: Json; event_type: string; id: string; ip_address: unknown; line_friend_id: string | null; organization_id: string; referrer: string | null; session_id: string | null; user_agent: string | null; } | ... 29 more ... | { ...; }'.
  Property 'messages_clicked' does not exist on type '{ created_at: string | null; event_data: Json; event_type: string; id: string; ip_address: unknown; line_friend_id: string | null; organization_id: string; referrer: string | null; session_id: string | null; user_agent: string | null; }'.
app/actions/analytics.ts(211,11): error TS2769: No overload matches this call.
  Overload 1 of 2, '(relation: "line_friends" | "organizations" | "users" | "step_campaigns" | "forms" | "tags" | "line_channels" | "messages" | "reservation_types" | "schedules" | "schedule_slots" | ... 19 more ... | "webhook_logs"): PostgrestQueryBuilder<...>', gave the following error.
    Argument of type '"analytics_daily_stats"' is not assignable to parameter of type '"line_friends" | "organizations" | "users" | "step_campaigns" | "forms" | "tags" | "line_channels" | "messages" | "reservation_types" | "schedules" | "schedule_slots" | "rich_menus" | ... 18 more ... | "webhook_logs"'.
  Overload 2 of 2, '(relation: never): PostgrestQueryBuilder<{ PostgrestVersion: "13.0.5"; }, { Tables: { analytics_events: { Row: { created_at: string | null; event_data: Json; event_type: string; id: string; ip_address: unknown; ... 4 more ...; user_agent: string | null; }; Insert: { ...; }; Update: { ...; }; Relationships: [...]; }; ... 29 more ...; webhook_logs: { ...; }; }; Views: {}; Functions: { ...; }; Enums: {}; CompositeTypes: {}; }, never, never, never>', gave the following error.
    Argument of type '"analytics_daily_stats"' is not assignable to parameter of type 'never'.
app/actions/analytics.ts(224,16): error TS2339: Property 'date' does not exist on type 'SelectQueryError<"column 'date' does not exist on 'line_friends'."> | SelectQueryError<"column 'date' does not exist on 'organizations'."> | ... 28 more ... | SelectQueryError<...>'.
  Property 'date' does not exist on type 'SelectQueryError<"column 'date' does not exist on 'line_friends'.">'.
app/actions/analytics.ts(225,17): error TS2339: Property 'total_friends' does not exist on type 'SelectQueryError<"column 'date' does not exist on 'line_friends'."> | SelectQueryError<"column 'date' does not exist on 'organizations'."> | ... 28 more ... | SelectQueryError<...>'.
  Property 'total_friends' does not exist on type 'SelectQueryError<"column 'date' does not exist on 'line_friends'.">'.
app/actions/analytics.ts(226,23): error TS2339: Property 'new_friends' does not exist on type 'SelectQueryError<"column 'date' does not exist on 'line_friends'."> | SelectQueryError<"column 'date' does not exist on 'organizations'."> | ... 28 more ... | SelectQueryError<...>'.
  Property 'new_friends' does not exist on type 'SelectQueryError<"column 'date' does not exist on 'line_friends'.">'.
app/actions/analytics.ts(227,19): error TS2339: Property 'blocked_friends' does not exist on type 'SelectQueryError<"column 'date' does not exist on 'line_friends'."> | SelectQueryError<"column 'date' does not exist on 'organizations'."> | ... 28 more ... | SelectQueryError<...>'.
  Property 'blocked_friends' does not exist on type 'SelectQueryError<"column 'date' does not exist on 'line_friends'.">'.
app/actions/analytics.ts(251,11): error TS2769: No overload matches this call.
  Overload 1 of 2, '(relation: "line_friends" | "organizations" | "users" | "step_campaigns" | "forms" | "tags" | "line_channels" | "messages" | "reservation_types" | "schedules" | "schedule_slots" | ... 19 more ... | "webhook_logs"): PostgrestQueryBuilder<...>', gave the following error.
    Argument of type '"analytics_daily_stats"' is not assignable to parameter of type '"line_friends" | "organizations" | "users" | "step_campaigns" | "forms" | "tags" | "line_channels" | "messages" | "reservation_types" | "schedules" | "schedule_slots" | "rich_menus" | ... 18 more ... | "webhook_logs"'.
  Overload 2 of 2, '(relation: never): PostgrestQueryBuilder<{ PostgrestVersion: "13.0.5"; }, { Tables: { analytics_events: { Row: { created_at: string | null; event_data: Json; event_type: string; id: string; ip_address: unknown; ... 4 more ...; user_agent: string | null; }; Insert: { ...; }; Update: { ...; }; Relationships: [...]; }; ... 29 more ...; webhook_logs: { ...; }; }; Views: {}; Functions: { ...; }; Enums: {}; CompositeTypes: {}; }, never, never, never>', gave the following error.
    Argument of type '"analytics_daily_stats"' is not assignable to parameter of type 'never'.
app/actions/analytics.ts(265,30): error TS2339: Property 'messages_sent' does not exist on type '{ created_at: string | null; event_data: Json; event_type: string; id: string; ip_address: unknown; line_friend_id: string | null; organization_id: string; referrer: string | null; session_id: string | null; user_agent: string | null; } | ... 29 more ... | { ...; }'.
  Property 'messages_sent' does not exist on type '{ created_at: string | null; event_data: Json; event_type: string; id: string; ip_address: unknown; line_friend_id: string | null; organization_id: string; referrer: string | null; session_id: string | null; user_agent: string | null; }'.
app/actions/analytics.ts(266,40): error TS2339: Property 'messages_delivered' does not exist on type '{ created_at: string | null; event_data: Json; event_type: string; id: string; ip_address: unknown; line_friend_id: string | null; organization_id: string; referrer: string | null; session_id: string | null; user_agent: string | null; } | ... 29 more ... | { ...; }'.
  Property 'messages_delivered' does not exist on type '{ created_at: string | null; event_data: Json; event_type: string; id: string; ip_address: unknown; line_friend_id: string | null; organization_id: string; referrer: string | null; session_id: string | null; user_agent: string | null; }'.
app/actions/analytics.ts(267,30): error TS2339: Property 'messages_read' does not exist on type '{ created_at: string | null; event_data: Json; event_type: string; id: string; ip_address: unknown; line_friend_id: string | null; organization_id: string; referrer: string | null; session_id: string | null; user_agent: string | null; } | ... 29 more ... | { ...; }'.
  Property 'messages_read' does not exist on type '{ created_at: string | null; event_data: Json; event_type: string; id: string; ip_address: unknown; line_friend_id: string | null; organization_id: string; referrer: string | null; session_id: string | null; user_agent: string | null; }'.
app/actions/analytics.ts(268,36): error TS2339: Property 'messages_clicked' does not exist on type '{ created_at: string | null; event_data: Json; event_type: string; id: string; ip_address: unknown; line_friend_id: string | null; organization_id: string; referrer: string | null; session_id: string | null; user_agent: string | null; } | ... 29 more ... | { ...; }'.
  Property 'messages_clicked' does not exist on type '{ created_at: string | null; event_data: Json; event_type: string; id: string; ip_address: unknown; line_friend_id: string | null; organization_id: string; referrer: string | null; session_id: string | null; user_agent: string | null; }'.
app/actions/analytics.ts(269,30): error TS2339: Property 'text_messages' does not exist on type '{ created_at: string | null; event_data: Json; event_type: string; id: string; ip_address: unknown; line_friend_id: string | null; organization_id: string; referrer: string | null; session_id: string | null; user_agent: string | null; } | ... 29 more ... | { ...; }'.
  Property 'text_messages' does not exist on type '{ created_at: string | null; event_data: Json; event_type: string; id: string; ip_address: unknown; line_friend_id: string | null; organization_id: string; referrer: string | null; session_id: string | null; user_agent: string | null; }'.
app/actions/analytics.ts(270,32): error TS2339: Property 'image_messages' does not exist on type '{ created_at: string | null; event_data: Json; event_type: string; id: string; ip_address: unknown; line_friend_id: string | null; organization_id: string; referrer: string | null; session_id: string | null; user_agent: string | null; } | ... 29 more ... | { ...; }'.
  Property 'image_messages' does not exist on type '{ created_at: string | null; event_data: Json; event_type: string; id: string; ip_address: unknown; line_friend_id: string | null; organization_id: string; referrer: string | null; session_id: string | null; user_agent: string | null; }'.
app/actions/analytics.ts(271,32): error TS2339: Property 'video_messages' does not exist on type '{ created_at: string | null; event_data: Json; event_type: string; id: string; ip_address: unknown; line_friend_id: string | null; organization_id: string; referrer: string | null; session_id: string | null; user_agent: string | null; } | ... 29 more ... | { ...; }'.
  Property 'video_messages' does not exist on type '{ created_at: string | null; event_data: Json; event_type: string; id: string; ip_address: unknown; line_friend_id: string | null; organization_id: string; referrer: string | null; session_id: string | null; user_agent: string | null; }'.
app/actions/analytics.ts(272,32): error TS2339: Property 'audio_messages' does not exist on type '{ created_at: string | null; event_data: Json; event_type: string; id: string; ip_address: unknown; line_friend_id: string | null; organization_id: string; referrer: string | null; session_id: string | null; user_agent: string | null; } | ... 29 more ... | { ...; }'.
  Property 'audio_messages' does not exist on type '{ created_at: string | null; event_data: Json; event_type: string; id: string; ip_address: unknown; line_friend_id: string | null; organization_id: string; referrer: string | null; session_id: string | null; user_agent: string | null; }'.
app/actions/analytics.ts(273,30): error TS2339: Property 'flex_messages' does not exist on type '{ created_at: string | null; event_data: Json; event_type: string; id: string; ip_address: unknown; line_friend_id: string | null; organization_id: string; referrer: string | null; session_id: string | null; user_agent: string | null; } | ... 29 more ... | { ...; }'.
  Property 'flex_messages' does not exist on type '{ created_at: string | null; event_data: Json; event_type: string; id: string; ip_address: unknown; line_friend_id: string | null; organization_id: string; referrer: string | null; session_id: string | null; user_agent: string | null; }'.
app/actions/analytics.ts(274,38): error TS2339: Property 'template_messages' does not exist on type '{ created_at: string | null; event_data: Json; event_type: string; id: string; ip_address: unknown; line_friend_id: string | null; organization_id: string; referrer: string | null; session_id: string | null; user_agent: string | null; } | ... 29 more ... | { ...; }'.
  Property 'template_messages' does not exist on type '{ created_at: string | null; event_data: Json; event_type: string; id: string; ip_address: unknown; line_friend_id: string | null; organization_id: string; referrer: string | null; session_id: string | null; user_agent: string | null; }'.
app/actions/analytics.ts(292,5): error TS2322: Type '{ type: string; count: any; delivered: number; read: number; clicked: number; }[]' is not assignable to type '{ type: "text" | "image" | "video" | "audio" | "flex" | "template"; count: number; delivered: number; read: number; clicked: number; }[]'.
  Type '{ type: string; count: any; delivered: number; read: number; clicked: number; }' is not assignable to type '{ type: "text" | "image" | "video" | "audio" | "flex" | "template"; count: number; delivered: number; read: number; clicked: number; }'.
    Types of property 'type' are incompatible.
      Type 'string' is not assignable to type '"text" | "image" | "video" | "audio" | "flex" | "template"'.
app/actions/analytics.ts(323,11): error TS2769: No overload matches this call.
  Overload 1 of 2, '(relation: "line_friends" | "organizations" | "users" | "step_campaigns" | "forms" | "tags" | "line_channels" | "messages" | "reservation_types" | "schedules" | "schedule_slots" | ... 19 more ... | "webhook_logs"): PostgrestQueryBuilder<...>', gave the following error.
    Argument of type '"analytics_daily_stats"' is not assignable to parameter of type '"line_friends" | "organizations" | "users" | "step_campaigns" | "forms" | "tags" | "line_channels" | "messages" | "reservation_types" | "schedules" | "schedule_slots" | "rich_menus" | ... 18 more ... | "webhook_logs"'.
  Overload 2 of 2, '(relation: never): PostgrestQueryBuilder<{ PostgrestVersion: "13.0.5"; }, { Tables: { analytics_events: { Row: { created_at: string | null; event_data: Json; event_type: string; id: string; ip_address: unknown; ... 4 more ...; user_agent: string | null; }; Insert: { ...; }; Update: { ...; }; Relationships: [...]; }; ... 29 more ...; webhook_logs: { ...; }; }; Views: {}; Functions: { ...; }; Enums: {}; CompositeTypes: {}; }, never, never, never>', gave the following error.
    Argument of type '"analytics_daily_stats"' is not assignable to parameter of type 'never'.
app/actions/analytics.ts(336,28): error TS2339: Property 'messages_delivered' does not exist on type 'SelectQueryError<"column 'date' does not exist on 'line_friends'."> | SelectQueryError<"column 'date' does not exist on 'organizations'."> | ... 28 more ... | SelectQueryError<...>'.
  Property 'messages_delivered' does not exist on type 'SelectQueryError<"column 'date' does not exist on 'line_friends'.">'.
app/actions/analytics.ts(337,32): error TS2339: Property 'messages_read' does not exist on type 'SelectQueryError<"column 'date' does not exist on 'line_friends'."> | SelectQueryError<"column 'date' does not exist on 'organizations'."> | ... 28 more ... | SelectQueryError<...>'.
  Property 'messages_read' does not exist on type 'SelectQueryError<"column 'date' does not exist on 'line_friends'.">'.
app/actions/analytics.ts(337,60): error TS2339: Property 'messages_clicked' does not exist on type 'SelectQueryError<"column 'date' does not exist on 'line_friends'."> | SelectQueryError<"column 'date' does not exist on 'organizations'."> | ... 28 more ... | SelectQueryError<...>'.
  Property 'messages_clicked' does not exist on type 'SelectQueryError<"column 'date' does not exist on 'line_friends'.">'.
app/actions/analytics.ts(341,18): error TS2339: Property 'date' does not exist on type 'SelectQueryError<"column 'date' does not exist on 'line_friends'."> | SelectQueryError<"column 'date' does not exist on 'organizations'."> | ... 28 more ... | SelectQueryError<...>'.
  Property 'date' does not exist on type 'SelectQueryError<"column 'date' does not exist on 'line_friends'.">'.
app/actions/analytics.ts(343,27): error TS2339: Property 'messages_sent' does not exist on type 'SelectQueryError<"column 'date' does not exist on 'line_friends'."> | SelectQueryError<"column 'date' does not exist on 'organizations'."> | ... 28 more ... | SelectQueryError<...>'.
  Property 'messages_sent' does not exist on type 'SelectQueryError<"column 'date' does not exist on 'line_friends'.">'.
app/actions/analytics.ts(444,11): error TS2769: No overload matches this call.
  Overload 1 of 2, '(relation: "line_friends" | "organizations" | "users" | "step_campaigns" | "forms" | "tags" | "line_channels" | "messages" | "reservation_types" | "schedules" | "schedule_slots" | ... 19 more ... | "webhook_logs"): PostgrestQueryBuilder<...>', gave the following error.
    Argument of type '"url_tracking"' is not assignable to parameter of type '"line_friends" | "organizations" | "users" | "step_campaigns" | "forms" | "tags" | "line_channels" | "messages" | "reservation_types" | "schedules" | "schedule_slots" | "rich_menus" | ... 18 more ... | "webhook_logs"'.
  Overload 2 of 2, '(relation: never): PostgrestQueryBuilder<{ PostgrestVersion: "13.0.5"; }, { Tables: { analytics_events: { Row: { created_at: string | null; event_data: Json; event_type: string; id: string; ip_address: unknown; ... 4 more ...; user_agent: string | null; }; Insert: { ...; }; Update: { ...; }; Relationships: [...]; }; ... 29 more ...; webhook_logs: { ...; }; }; Views: {}; Functions: { ...; }; Enums: {}; CompositeTypes: {}; }, never, never, never>', gave the following error.
    Argument of type '"url_tracking"' is not assignable to parameter of type 'never'.
app/actions/analytics.ts(597,11): error TS2769: No overload matches this call.
  Overload 1 of 2, '(relation: "line_friends" | "organizations" | "users" | "step_campaigns" | "forms" | "tags" | "line_channels" | "messages" | "reservation_types" | "schedules" | "schedule_slots" | ... 19 more ... | "webhook_logs"): PostgrestQueryBuilder<...>', gave the following error.
    Argument of type '"friends"' is not assignable to parameter of type '"line_friends" | "organizations" | "users" | "step_campaigns" | "forms" | "tags" | "line_channels" | "messages" | "reservation_types" | "schedules" | "schedule_slots" | "rich_menus" | ... 18 more ... | "webhook_logs"'.
  Overload 2 of 2, '(relation: never): PostgrestQueryBuilder<{ PostgrestVersion: "13.0.5"; }, { Tables: { analytics_events: { Row: { created_at: string | null; event_data: Json; event_type: string; id: string; ip_address: unknown; ... 4 more ...; user_agent: string | null; }; Insert: { ...; }; Update: { ...; }; Relationships: [...]; }; ... 29 more ...; webhook_logs: { ...; }; }; Views: {}; Functions: { ...; }; Enums: {}; CompositeTypes: {}; }, never, never, never>', gave the following error.
    Argument of type '"friends"' is not assignable to parameter of type 'never'.
app/actions/analytics.ts(610,32): error TS2339: Property 'metadata' does not exist on type 'SelectQueryError<"column 'metadata' does not exist on 'line_friends'."> | SelectQueryError<"column 'metadata' does not exist on 'organizations'."> | ... 28 more ... | SelectQueryError<...>'.
  Property 'metadata' does not exist on type 'SelectQueryError<"column 'metadata' does not exist on 'line_friends'.">'.
app/actions/auto-response-conversations.ts(48,15): error TS2589: Type instantiation is excessively deep and possibly infinite.
app/actions/auto-response-conversations.ts(49,11): error TS2769: No overload matches this call.
  Overload 1 of 2, '(relation: "line_friends" | "organizations" | "users" | "step_campaigns" | "forms" | "tags" | "line_channels" | "messages" | "reservation_types" | "schedules" | "schedule_slots" | ... 19 more ... | "webhook_logs"): PostgrestQueryBuilder<...>', gave the following error.
    Argument of type '"auto_response_conversations"' is not assignable to parameter of type '"line_friends" | "organizations" | "users" | "step_campaigns" | "forms" | "tags" | "line_channels" | "messages" | "reservation_types" | "schedules" | "schedule_slots" | "rich_menus" | ... 18 more ... | "webhook_logs"'.
  Overload 2 of 2, '(relation: never): PostgrestQueryBuilder<{ PostgrestVersion: "13.0.5"; }, { Tables: { analytics_events: { Row: { created_at: string | null; event_data: Json; event_type: string; id: string; ip_address: unknown; ... 4 more ...; user_agent: string | null; }; Insert: { ...; }; Update: { ...; }; Relationships: [...]; }; ... 29 more ...; webhook_logs: { ...; }; }; Views: {}; Functions: { ...; }; Enums: {}; CompositeTypes: {}; }, never, never, never>', gave the following error.
    Argument of type '"auto_response_conversations"' is not assignable to parameter of type 'never'.
app/actions/auto-response-conversations.ts(109,58): error TS2589: Type instantiation is excessively deep and possibly infinite.
app/actions/auto-response-conversations.ts(110,11): error TS2769: No overload matches this call.
  Overload 1 of 2, '(relation: "line_friends" | "organizations" | "users" | "step_campaigns" | "forms" | "tags" | "line_channels" | "messages" | "reservation_types" | "schedules" | "schedule_slots" | ... 19 more ... | "webhook_logs"): PostgrestQueryBuilder<...>', gave the following error.
    Argument of type '"auto_response_conversations"' is not assignable to parameter of type '"line_friends" | "organizations" | "users" | "step_campaigns" | "forms" | "tags" | "line_channels" | "messages" | "reservation_types" | "schedules" | "schedule_slots" | "rich_menus" | ... 18 more ... | "webhook_logs"'.
  Overload 2 of 2, '(relation: never): PostgrestQueryBuilder<{ PostgrestVersion: "13.0.5"; }, { Tables: { analytics_events: { Row: { created_at: string | null; event_data: Json; event_type: string; id: string; ip_address: unknown; ... 4 more ...; user_agent: string | null; }; Insert: { ...; }; Update: { ...; }; Relationships: [...]; }; ... 29 more ...; webhook_logs: { ...; }; }; Views: {}; Functions: { ...; }; Enums: {}; CompositeTypes: {}; }, never, never, never>', gave the following error.
    Argument of type '"auto_response_conversations"' is not assignable to parameter of type 'never'.
app/actions/auto-response-conversations.ts(136,11): error TS2769: No overload matches this call.
  Overload 1 of 2, '(relation: "line_friends" | "organizations" | "users" | "step_campaigns" | "forms" | "tags" | "line_channels" | "messages" | "reservation_types" | "schedules" | "schedule_slots" | ... 19 more ... | "webhook_logs"): PostgrestQueryBuilder<...>', gave the following error.
    Argument of type '"auto_response_conversation_history"' is not assignable to parameter of type '"line_friends" | "organizations" | "users" | "step_campaigns" | "forms" | "tags" | "line_channels" | "messages" | "reservation_types" | "schedules" | "schedule_slots" | "rich_menus" | ... 18 more ... | "webhook_logs"'.
  Overload 2 of 2, '(relation: never): PostgrestQueryBuilder<{ PostgrestVersion: "13.0.5"; }, { Tables: { analytics_events: { Row: { created_at: string | null; event_data: Json; event_type: string; id: string; ip_address: unknown; ... 4 more ...; user_agent: string | null; }; Insert: { ...; }; Update: { ...; }; Relationships: [...]; }; ... 29 more ...; webhook_logs: { ...; }; }; Views: {}; Functions: { ...; }; Enums: {}; CompositeTypes: {}; }, never, never, never>', gave the following error.
    Argument of type '"auto_response_conversation_history"' is not assignable to parameter of type 'never'.
app/actions/auto-response-conversations.ts(146,19): error TS2352: Conversion of type 'NonNullable<ResultOne>' to type 'ActiveConversation' may be a mistake because neither type sufficiently overlaps with the other. If this was intentional, convert the expression to 'unknown' first.
  Type 'NonNullable<ResultOne>' is missing the following properties from type 'ActiveConversation': id, user_id, friend_id, friend_name, and 8 more.
app/actions/auto-response-conversations.ts(147,14): error TS2352: Conversion of type '({ created_at: string | null; event_data: Json; event_type: string; id: string; ip_address: unknown; line_friend_id: string | null; organization_id: string; referrer: string | null; session_id: string | null; user_agent: string | null; } | ... 29 more ... | { ...; })[]' to type 'ConversationHistory[]' may be a mistake because neither type sufficiently overlaps with the other. If this was intentional, convert the expression to 'unknown' first.
  Type '{ created_at: string | null; event_data: Json; event_type: string; id: string; ip_address: unknown; line_friend_id: string | null; organization_id: string; referrer: string | null; session_id: string | null; user_agent: string | null; } | ... 29 more ... | { ...; }' is not comparable to type 'ConversationHistory'.
    Type '{ created_at: string | null; error_message: string | null; event_type: string; id: string; line_channel_id: string | null; payload: Json; processed_at: string | null; status: string; }' is missing the following properties from type 'ConversationHistory': conversation_id, step_number, step_name, user_input, and 2 more.
app/actions/auto-response-conversations.ts(149,24): error TS2339: Property 'scenario' does not exist on type 'NonNullable<ResultOne>'.
app/actions/auto-response-conversations.ts(150,26): error TS2339: Property 'scenario' does not exist on type 'NonNullable<ResultOne>'.
app/actions/auto-response-conversations.ts(151,33): error TS2339: Property 'scenario' does not exist on type 'NonNullable<ResultOne>'.
app/actions/auto-response-conversations.ts(152,27): error TS2339: Property 'scenario' does not exist on type 'NonNullable<ResultOne>'.
app/actions/auto-response-conversations.ts(170,11): error TS2769: No overload matches this call.
  Overload 1 of 2, '(relation: "line_friends" | "organizations" | "users" | "step_campaigns" | "forms" | "tags" | "line_channels" | "messages" | "reservation_types" | "schedules" | "schedule_slots" | ... 19 more ... | "webhook_logs"): PostgrestQueryBuilder<...>', gave the following error.
    Argument of type '"auto_response_conversations"' is not assignable to parameter of type '"line_friends" | "organizations" | "users" | "step_campaigns" | "forms" | "tags" | "line_channels" | "messages" | "reservation_types" | "schedules" | "schedule_slots" | "rich_menus" | ... 18 more ... | "webhook_logs"'.
  Overload 2 of 2, '(relation: never): PostgrestQueryBuilder<{ PostgrestVersion: "13.0.5"; }, { Tables: { analytics_events: { Row: { created_at: string | null; event_data: Json; event_type: string; id: string; ip_address: unknown; ... 4 more ...; user_agent: string | null; }; Insert: { ...; }; Update: { ...; }; Relationships: [...]; }; ... 29 more ...; webhook_logs: { ...; }; }; Views: {}; Functions: { ...; }; Enums: {}; CompositeTypes: {}; }, never, never, never>', gave the following error.
    Argument of type '"auto_response_conversations"' is not assignable to parameter of type 'never'.
app/actions/auto-response-conversations.ts(181,11): error TS2769: No overload matches this call.
  Overload 1 of 2, '(relation: "line_friends" | "organizations" | "users" | "step_campaigns" | "forms" | "tags" | "line_channels" | "messages" | "reservation_types" | "schedules" | "schedule_slots" | ... 19 more ... | "webhook_logs"): PostgrestQueryBuilder<...>', gave the following error.
    Argument of type '"auto_response_conversations"' is not assignable to parameter of type '"line_friends" | "organizations" | "users" | "step_campaigns" | "forms" | "tags" | "line_channels" | "messages" | "reservation_types" | "schedules" | "schedule_slots" | "rich_menus" | ... 18 more ... | "webhook_logs"'.
  Overload 2 of 2, '(relation: never): PostgrestQueryBuilder<{ PostgrestVersion: "13.0.5"; }, { Tables: { analytics_events: { Row: { created_at: string | null; event_data: Json; event_type: string; id: string; ip_address: unknown; ... 4 more ...; user_agent: string | null; }; Insert: { ...; }; Update: { ...; }; Relationships: [...]; }; ... 29 more ...; webhook_logs: { ...; }; }; Views: {}; Functions: { ...; }; Enums: {}; CompositeTypes: {}; }, never, never, never>', gave the following error.
    Argument of type '"auto_response_conversations"' is not assignable to parameter of type 'never'.
app/actions/auto-response-conversations.ts(213,11): error TS2769: No overload matches this call.
  Overload 1 of 2, '(relation: "line_friends" | "organizations" | "users" | "step_campaigns" | "forms" | "tags" | "line_channels" | "messages" | "reservation_types" | "schedules" | "schedule_slots" | ... 19 more ... | "webhook_logs"): PostgrestQueryBuilder<...>', gave the following error.
    Argument of type '"auto_response_conversations"' is not assignable to parameter of type '"line_friends" | "organizations" | "users" | "step_campaigns" | "forms" | "tags" | "line_channels" | "messages" | "reservation_types" | "schedules" | "schedule_slots" | "rich_menus" | ... 18 more ... | "webhook_logs"'.
  Overload 2 of 2, '(relation: never): PostgrestQueryBuilder<{ PostgrestVersion: "13.0.5"; }, { Tables: { analytics_events: { Row: { created_at: string | null; event_data: Json; event_type: string; id: string; ip_address: unknown; ... 4 more ...; user_agent: string | null; }; Insert: { ...; }; Update: { ...; }; Relationships: [...]; }; ... 29 more ...; webhook_logs: { ...; }; }; Views: {}; Functions: { ...; }; Enums: {}; CompositeTypes: {}; }, never, never, never>', gave the following error.
    Argument of type '"auto_response_conversations"' is not assignable to parameter of type 'never'.
app/actions/auto-response-conversations.ts(224,11): error TS2769: No overload matches this call.
  Overload 1 of 2, '(relation: "line_friends" | "organizations" | "users" | "step_campaigns" | "forms" | "tags" | "line_channels" | "messages" | "reservation_types" | "schedules" | "schedule_slots" | ... 19 more ... | "webhook_logs"): PostgrestQueryBuilder<...>', gave the following error.
    Argument of type '"auto_response_conversations"' is not assignable to parameter of type '"line_friends" | "organizations" | "users" | "step_campaigns" | "forms" | "tags" | "line_channels" | "messages" | "reservation_types" | "schedules" | "schedule_slots" | "rich_menus" | ... 18 more ... | "webhook_logs"'.
  Overload 2 of 2, '(relation: never): PostgrestQueryBuilder<{ PostgrestVersion: "13.0.5"; }, { Tables: { analytics_events: { Row: { created_at: string | null; event_data: Json; event_type: string; id: string; ip_address: unknown; ... 4 more ...; user_agent: string | null; }; Insert: { ...; }; Update: { ...; }; Relationships: [...]; }; ... 29 more ...; webhook_logs: { ...; }; }; Views: {}; Functions: { ...; }; Enums: {}; CompositeTypes: {}; }, never, never, never>', gave the following error.
    Argument of type '"auto_response_conversations"' is not assignable to parameter of type 'never'.
app/actions/auto-response-conversations.ts(243,11): error TS2769: No overload matches this call.
  Overload 1 of 2, '(relation: "line_friends" | "organizations" | "users" | "step_campaigns" | "forms" | "tags" | "line_channels" | "messages" | "reservation_types" | "schedules" | "schedule_slots" | ... 19 more ... | "webhook_logs"): PostgrestQueryBuilder<...>', gave the following error.
    Argument of type '"auto_response_conversation_history"' is not assignable to parameter of type '"line_friends" | "organizations" | "users" | "step_campaigns" | "forms" | "tags" | "line_channels" | "messages" | "reservation_types" | "schedules" | "schedule_slots" | "rich_menus" | ... 18 more ... | "webhook_logs"'.
  Overload 2 of 2, '(relation: never): PostgrestQueryBuilder<{ PostgrestVersion: "13.0.5"; }, { Tables: { analytics_events: { Row: { created_at: string | null; event_data: Json; event_type: string; id: string; ip_address: unknown; ... 4 more ...; user_agent: string | null; }; Insert: { ...; }; Update: { ...; }; Relationships: [...]; }; ... 29 more ...; webhook_logs: { ...; }; }; Views: {}; Functions: { ...; }; Enums: {}; CompositeTypes: {}; }, never, never, never>', gave the following error.
    Argument of type '"auto_response_conversation_history"' is not assignable to parameter of type 'never'.
app/actions/auto-response-conversations.ts(265,11): error TS2769: No overload matches this call.
  Overload 1 of 2, '(relation: "line_friends" | "organizations" | "users" | "step_campaigns" | "forms" | "tags" | "line_channels" | "messages" | "reservation_types" | "schedules" | "schedule_slots" | ... 19 more ... | "webhook_logs"): PostgrestQueryBuilder<...>', gave the following error.
    Argument of type '"auto_response_conversations"' is not assignable to parameter of type '"line_friends" | "organizations" | "users" | "step_campaigns" | "forms" | "tags" | "line_channels" | "messages" | "reservation_types" | "schedules" | "schedule_slots" | "rich_menus" | ... 18 more ... | "webhook_logs"'.
  Overload 2 of 2, '(relation: never): PostgrestQueryBuilder<{ PostgrestVersion: "13.0.5"; }, { Tables: { analytics_events: { Row: { created_at: string | null; event_data: Json; event_type: string; id: string; ip_address: unknown; ... 4 more ...; user_agent: string | null; }; Insert: { ...; }; Update: { ...; }; Relationships: [...]; }; ... 29 more ...; webhook_logs: { ...; }; }; Views: {}; Functions: { ...; }; Enums: {}; CompositeTypes: {}; }, never, never, never>', gave the following error.
    Argument of type '"auto_response_conversations"' is not assignable to parameter of type 'never'.
app/actions/auto-response-conversations.ts(276,11): error TS2769: No overload matches this call.
  Overload 1 of 2, '(relation: "line_friends" | "organizations" | "users" | "step_campaigns" | "forms" | "tags" | "line_channels" | "messages" | "reservation_types" | "schedules" | "schedule_slots" | ... 19 more ... | "webhook_logs"): PostgrestQueryBuilder<...>', gave the following error.
    Argument of type '"auto_response_conversations"' is not assignable to parameter of type '"line_friends" | "organizations" | "users" | "step_campaigns" | "forms" | "tags" | "line_channels" | "messages" | "reservation_types" | "schedules" | "schedule_slots" | "rich_menus" | ... 18 more ... | "webhook_logs"'.
  Overload 2 of 2, '(relation: never): PostgrestQueryBuilder<{ PostgrestVersion: "13.0.5"; }, { Tables: { analytics_events: { Row: { created_at: string | null; event_data: Json; event_type: string; id: string; ip_address: unknown; ... 4 more ...; user_agent: string | null; }; Insert: { ...; }; Update: { ...; }; Relationships: [...]; }; ... 29 more ...; webhook_logs: { ...; }; }; Views: {}; Functions: { ...; }; Enums: {}; CompositeTypes: {}; }, never, never, never>', gave the following error.
    Argument of type '"auto_response_conversations"' is not assignable to parameter of type 'never'.
app/actions/auto-response-conversations.ts(308,11): error TS2769: No overload matches this call.
  Overload 1 of 2, '(relation: "line_friends" | "organizations" | "users" | "step_campaigns" | "forms" | "tags" | "line_channels" | "messages" | "reservation_types" | "schedules" | "schedule_slots" | ... 19 more ... | "webhook_logs"): PostgrestQueryBuilder<...>', gave the following error.
    Argument of type '"auto_response_conversations"' is not assignable to parameter of type '"line_friends" | "organizations" | "users" | "step_campaigns" | "forms" | "tags" | "line_channels" | "messages" | "reservation_types" | "schedules" | "schedule_slots" | "rich_menus" | ... 18 more ... | "webhook_logs"'.
  Overload 2 of 2, '(relation: never): PostgrestQueryBuilder<{ PostgrestVersion: "13.0.5"; }, { Tables: { analytics_events: { Row: { created_at: string | null; event_data: Json; event_type: string; id: string; ip_address: unknown; ... 4 more ...; user_agent: string | null; }; Insert: { ...; }; Update: { ...; }; Relationships: [...]; }; ... 29 more ...; webhook_logs: { ...; }; }; Views: {}; Functions: { ...; }; Enums: {}; CompositeTypes: {}; }, never, never, never>', gave the following error.
    Argument of type '"auto_response_conversations"' is not assignable to parameter of type 'never'.
app/actions/auto-response-conversations.ts(320,11): error TS2769: No overload matches this call.
  Overload 1 of 2, '(relation: "line_friends" | "organizations" | "users" | "step_campaigns" | "forms" | "tags" | "line_channels" | "messages" | "reservation_types" | "schedules" | "schedule_slots" | ... 19 more ... | "webhook_logs"): PostgrestQueryBuilder<...>', gave the following error.
    Argument of type '"auto_response_conversation_history"' is not assignable to parameter of type '"line_friends" | "organizations" | "users" | "step_campaigns" | "forms" | "tags" | "line_channels" | "messages" | "reservation_types" | "schedules" | "schedule_slots" | "rich_menus" | ... 18 more ... | "webhook_logs"'.
  Overload 2 of 2, '(relation: never): PostgrestQueryBuilder<{ PostgrestVersion: "13.0.5"; }, { Tables: { analytics_events: { Row: { created_at: string | null; event_data: Json; event_type: string; id: string; ip_address: unknown; ... 4 more ...; user_agent: string | null; }; Insert: { ...; }; Update: { ...; }; Relationships: [...]; }; ... 29 more ...; webhook_logs: { ...; }; }; Views: {}; Functions: { ...; }; Enums: {}; CompositeTypes: {}; }, never, never, never>', gave the following error.
    Argument of type '"auto_response_conversation_history"' is not assignable to parameter of type 'never'.
app/actions/auto-response-conversations.ts(326,11): error TS2769: No overload matches this call.
  Overload 1 of 2, '(relation: "line_friends" | "organizations" | "users" | "step_campaigns" | "forms" | "tags" | "line_channels" | "messages" | "reservation_types" | "schedules" | "schedule_slots" | ... 19 more ... | "webhook_logs"): PostgrestQueryBuilder<...>', gave the following error.
    Argument of type '"auto_response_conversations"' is not assignable to parameter of type '"line_friends" | "organizations" | "users" | "step_campaigns" | "forms" | "tags" | "line_channels" | "messages" | "reservation_types" | "schedules" | "schedule_slots" | "rich_menus" | ... 18 more ... | "webhook_logs"'.
  Overload 2 of 2, '(relation: never): PostgrestQueryBuilder<{ PostgrestVersion: "13.0.5"; }, { Tables: { analytics_events: { Row: { created_at: string | null; event_data: Json; event_type: string; id: string; ip_address: unknown; ... 4 more ...; user_agent: string | null; }; Insert: { ...; }; Update: { ...; }; Relationships: [...]; }; ... 29 more ...; webhook_logs: { ...; }; }; Views: {}; Functions: { ...; }; Enums: {}; CompositeTypes: {}; }, never, never, never>', gave the following error.
    Argument of type '"auto_response_conversations"' is not assignable to parameter of type 'never'.
app/actions/auto-response-conversations.ts(354,11): error TS2769: No overload matches this call.
  Overload 1 of 2, '(relation: "line_friends" | "organizations" | "users" | "step_campaigns" | "forms" | "tags" | "line_channels" | "messages" | "reservation_types" | "schedules" | "schedule_slots" | ... 19 more ... | "webhook_logs"): PostgrestQueryBuilder<...>', gave the following error.
    Argument of type '"auto_response_conversations"' is not assignable to parameter of type '"line_friends" | "organizations" | "users" | "step_campaigns" | "forms" | "tags" | "line_channels" | "messages" | "reservation_types" | "schedules" | "schedule_slots" | "rich_menus" | ... 18 more ... | "webhook_logs"'.
  Overload 2 of 2, '(relation: never): PostgrestQueryBuilder<{ PostgrestVersion: "13.0.5"; }, { Tables: { analytics_events: { Row: { created_at: string | null; event_data: Json; event_type: string; id: string; ip_address: unknown; ... 4 more ...; user_agent: string | null; }; Insert: { ...; }; Update: { ...; }; Relationships: [...]; }; ... 29 more ...; webhook_logs: { ...; }; }; Views: {}; Functions: { ...; }; Enums: {}; CompositeTypes: {}; }, never, never, never>', gave the following error.
    Argument of type '"auto_response_conversations"' is not assignable to parameter of type 'never'.
app/actions/auto-response-conversations.ts(372,40): error TS2339: Property 'status' does not exist on type 'SelectQueryError<"column 'status' does not exist on 'line_friends'."> | SelectQueryError<"column 'status' does not exist on 'organizations'."> | ... 28 more ... | SelectQueryError<...>'.
  Property 'status' does not exist on type 'SelectQueryError<"column 'status' does not exist on 'line_friends'.">'.
app/actions/auto-response-conversations.ts(373,43): error TS2339: Property 'status' does not exist on type 'SelectQueryError<"column 'status' does not exist on 'line_friends'."> | SelectQueryError<"column 'status' does not exist on 'organizations'."> | ... 28 more ... | SelectQueryError<...>'.
  Property 'status' does not exist on type 'SelectQueryError<"column 'status' does not exist on 'line_friends'.">'.
app/actions/auto-response-conversations.ts(374,43): error TS2339: Property 'status' does not exist on type 'SelectQueryError<"column 'status' does not exist on 'line_friends'."> | SelectQueryError<"column 'status' does not exist on 'organizations'."> | ... 28 more ... | SelectQueryError<...>'.
  Property 'status' does not exist on type 'SelectQueryError<"column 'status' does not exist on 'line_friends'.">'.
app/actions/auto-response-conversations.ts(375,41): error TS2339: Property 'status' does not exist on type 'SelectQueryError<"column 'status' does not exist on 'line_friends'."> | SelectQueryError<"column 'status' does not exist on 'organizations'."> | ... 28 more ... | SelectQueryError<...>'.
  Property 'status' does not exist on type 'SelectQueryError<"column 'status' does not exist on 'line_friends'.">'.
app/actions/auto-response-conversations.ts(382,14): error TS2339: Property 'status' does not exist on type 'SelectQueryError<"column 'status' does not exist on 'line_friends'."> | SelectQueryError<"column 'status' does not exist on 'organizations'."> | ... 28 more ... | SelectQueryError<...>'.
  Property 'status' does not exist on type 'SelectQueryError<"column 'status' does not exist on 'line_friends'.">'.
app/actions/auto-response-conversations.ts(383,35): error TS2339: Property 'started_at' does not exist on type 'SelectQueryError<"column 'status' does not exist on 'line_friends'."> | SelectQueryError<"column 'status' does not exist on 'organizations'."> | ... 28 more ... | SelectQueryError<...>'.
  Property 'started_at' does not exist on type 'SelectQueryError<"column 'status' does not exist on 'line_friends'.">'.
app/actions/auto-response-conversations.ts(384,33): error TS2339: Property 'last_interaction_at' does not exist on type 'SelectQueryError<"column 'status' does not exist on 'line_friends'."> | SelectQueryError<"column 'status' does not exist on 'organizations'."> | ... 28 more ... | SelectQueryError<...>'.
  Property 'last_interaction_at' does not exist on type 'SelectQueryError<"column 'status' does not exist on 'line_friends'.">'.
app/actions/auto-response-conversations.ts(427,15): error TS2589: Type instantiation is excessively deep and possibly infinite.
app/actions/auto-response-conversations.ts(428,11): error TS2769: No overload matches this call.
  Overload 1 of 2, '(relation: "line_friends" | "organizations" | "users" | "step_campaigns" | "forms" | "tags" | "line_channels" | "messages" | "reservation_types" | "schedules" | "schedule_slots" | ... 19 more ... | "webhook_logs"): PostgrestQueryBuilder<...>', gave the following error.
    Argument of type '"auto_response_conversations"' is not assignable to parameter of type '"line_friends" | "organizations" | "users" | "step_campaigns" | "forms" | "tags" | "line_channels" | "messages" | "reservation_types" | "schedules" | "schedule_slots" | "rich_menus" | ... 18 more ... | "webhook_logs"'.
  Overload 2 of 2, '(relation: never): PostgrestQueryBuilder<{ PostgrestVersion: "13.0.5"; }, { Tables: { analytics_events: { Row: { created_at: string | null; event_data: Json; event_type: string; id: string; ip_address: unknown; ... 4 more ...; user_agent: string | null; }; Insert: { ...; }; Update: { ...; }; Relationships: [...]; }; ... 29 more ...; webhook_logs: { ...; }; }; Views: {}; Functions: { ...; }; Enums: {}; CompositeTypes: {}; }, never, never, never>', gave the following error.
    Argument of type '"auto_response_conversations"' is not assignable to parameter of type 'never'.
app/actions/auto-response-conversations.ts(476,11): error TS2769: No overload matches this call.
  Overload 1 of 2, '(relation: "line_friends" | "organizations" | "users" | "step_campaigns" | "forms" | "tags" | "line_channels" | "messages" | "reservation_types" | "schedules" | "schedule_slots" | ... 19 more ... | "webhook_logs"): PostgrestQueryBuilder<...>', gave the following error.
    Argument of type '"auto_response_conversations"' is not assignable to parameter of type '"line_friends" | "organizations" | "users" | "step_campaigns" | "forms" | "tags" | "line_channels" | "messages" | "reservation_types" | "schedules" | "schedule_slots" | "rich_menus" | ... 18 more ... | "webhook_logs"'.
  Overload 2 of 2, '(relation: never): PostgrestQueryBuilder<{ PostgrestVersion: "13.0.5"; }, { Tables: { analytics_events: { Row: { created_at: string | null; event_data: Json; event_type: string; id: string; ip_address: unknown; ... 4 more ...; user_agent: string | null; }; Insert: { ...; }; Update: { ...; }; Relationships: [...]; }; ... 29 more ...; webhook_logs: { ...; }; }; Views: {}; Functions: { ...; }; Enums: {}; CompositeTypes: {}; }, never, never, never>', gave the following error.
    Argument of type '"auto_response_conversations"' is not assignable to parameter of type 'never'.
app/actions/auto-response-conversations.ts(510,17): error TS2589: Type instantiation is excessively deep and possibly infinite.
app/actions/auto-response-conversations.ts(511,13): error TS2769: No overload matches this call.
  Overload 1 of 2, '(relation: "line_friends" | "organizations" | "users" | "step_campaigns" | "forms" | "tags" | "line_channels" | "messages" | "reservation_types" | "schedules" | "schedule_slots" | ... 19 more ... | "webhook_logs"): PostgrestQueryBuilder<...>', gave the following error.
    Argument of type '"auto_response_conversations"' is not assignable to parameter of type '"line_friends" | "organizations" | "users" | "step_campaigns" | "forms" | "tags" | "line_channels" | "messages" | "reservation_types" | "schedules" | "schedule_slots" | "rich_menus" | ... 18 more ... | "webhook_logs"'.
  Overload 2 of 2, '(relation: never): PostgrestQueryBuilder<{ PostgrestVersion: "13.0.5"; }, { Tables: { analytics_events: { Row: { created_at: string | null; event_data: Json; event_type: string; id: string; ip_address: unknown; ... 4 more ...; user_agent: string | null; }; Insert: { ...; }; Update: { ...; }; Relationships: [...]; }; ... 29 more ...; webhook_logs: { ...; }; }; Views: {}; Functions: { ...; }; Enums: {}; CompositeTypes: {}; }, never, never, never>', gave the following error.
    Argument of type '"auto_response_conversations"' is not assignable to parameter of type 'never'.
app/actions/auto-response.ts(79,10): error TS2352: Conversion of type '{ created_at: string | null; description: string | null; id: string; is_active: boolean | null; match_type: string | null; name: string; organization_id: string; priority: number | null; ... 5 more ...; updated_at: string | null; }[]' to type 'AutoResponseRule[]' may be a mistake because neither type sufficiently overlaps with the other. If this was intentional, convert the expression to 'unknown' first.
  Type '{ created_at: string | null; description: string | null; id: string; is_active: boolean | null; match_type: string | null; name: string; organization_id: string; priority: number | null; ... 5 more ...; updated_at: string | null; }' is missing the following properties from type 'AutoResponseRule': user_id, rule_type, conditions, actions, and 2 more.
app/actions/auto-response.ts(102,10): error TS2352: Conversion of type '{ created_at: string | null; description: string | null; id: string; is_active: boolean | null; match_type: string | null; name: string; organization_id: string; priority: number | null; ... 5 more ...; updated_at: string | null; }' to type 'AutoResponseRule' may be a mistake because neither type sufficiently overlaps with the other. If this was intentional, convert the expression to 'unknown' first.
  Type '{ created_at: string | null; description: string | null; id: string; is_active: boolean | null; match_type: string | null; name: string; organization_id: string; priority: number | null; ... 5 more ...; updated_at: string | null; }' is missing the following properties from type 'AutoResponseRule': user_id, rule_type, conditions, actions, and 2 more.
app/actions/auto-response.ts(115,6): error TS2769: No overload matches this call.
  Overload 1 of 2, '(values: { created_at?: string | null | undefined; description?: string | null | undefined; id?: string | undefined; is_active?: boolean | null | undefined; match_type?: string | null | undefined; ... 8 more ...; updated_at?: string | ... 1 more ... | undefined; }, options?: { ...; } | undefined): PostgrestFilterBuilder<...>', gave the following error.
    Type 'string | undefined' is not assignable to type 'string'.
      Type 'undefined' is not assignable to type 'string'.
  Overload 2 of 2, '(values: { created_at?: string | null | undefined; description?: string | null | undefined; id?: string | undefined; is_active?: boolean | null | undefined; match_type?: string | null | undefined; ... 8 more ...; updated_at?: string | ... 1 more ... | undefined; }[], options?: { ...; } | undefined): PostgrestFilterBuilder<...>', gave the following error.
    Object literal may only specify known properties, and 'user_id' does not exist in type '{ created_at?: string | null | undefined; description?: string | null | undefined; id?: string | undefined; is_active?: boolean | null | undefined; match_type?: string | null | undefined; ... 8 more ...; updated_at?: string | ... 1 more ... | undefined; }[]'.
app/actions/auto-response.ts(136,10): error TS2352: Conversion of type '{ created_at: string | null; description: string | null; id: string; is_active: boolean | null; match_type: string | null; name: string; organization_id: string; priority: number | null; ... 5 more ...; updated_at: string | null; }' to type 'AutoResponseRule' may be a mistake because neither type sufficiently overlaps with the other. If this was intentional, convert the expression to 'unknown' first.
  Type '{ created_at: string | null; description: string | null; id: string; is_active: boolean | null; match_type: string | null; name: string; organization_id: string; priority: number | null; ... 5 more ...; updated_at: string | null; }' is missing the following properties from type 'AutoResponseRule': user_id, rule_type, conditions, actions, and 2 more.
app/actions/auto-response.ts(174,10): error TS2352: Conversion of type '{ created_at: string | null; description: string | null; id: string; is_active: boolean | null; match_type: string | null; name: string; organization_id: string; priority: number | null; ... 5 more ...; updated_at: string | null; }' to type 'AutoResponseRule' may be a mistake because neither type sufficiently overlaps with the other. If this was intentional, convert the expression to 'unknown' first.
  Type '{ created_at: string | null; description: string | null; id: string; is_active: boolean | null; match_type: string | null; name: string; organization_id: string; priority: number | null; ... 5 more ...; updated_at: string | null; }' is missing the following properties from type 'AutoResponseRule': user_id, rule_type, conditions, actions, and 2 more.
app/actions/auto-response.ts(232,7): error TS2769: No overload matches this call.
  Overload 1 of 2, '(values: { created_at?: string | null | undefined; description?: string | null | undefined; id?: string | undefined; is_active?: boolean | null | undefined; match_type?: string | null | undefined; ... 8 more ...; updated_at?: string | ... 1 more ... | undefined; }, options?: { ...; } | undefined): PostgrestFilterBuilder<...>', gave the following error.
    Object literal may only specify known properties, and 'user_id' does not exist in type '{ created_at?: string | null | undefined; description?: string | null | undefined; id?: string | undefined; is_active?: boolean | null | undefined; match_type?: string | null | undefined; ... 8 more ...; updated_at?: string | ... 1 more ... | undefined; }'.
  Overload 2 of 2, '(values: { created_at?: string | null | undefined; description?: string | null | undefined; id?: string | undefined; is_active?: boolean | null | undefined; match_type?: string | null | undefined; ... 8 more ...; updated_at?: string | ... 1 more ... | undefined; }[], options?: { ...; } | undefined): PostgrestFilterBuilder<...>', gave the following error.
    Object literal may only specify known properties, and 'user_id' does not exist in type '{ created_at?: string | null | undefined; description?: string | null | undefined; id?: string | undefined; is_active?: boolean | null | undefined; match_type?: string | null | undefined; ... 8 more ...; updated_at?: string | ... 1 more ... | undefined; }[]'.
app/actions/auto-response.ts(232,25): error TS2339: Property 'user_id' does not exist on type '{ created_at: string | null; description: string | null; id: string; is_active: boolean | null; match_type: string | null; name: string; organization_id: string; priority: number | null; ... 5 more ...; updated_at: string | null; }'.
app/actions/auto-response.ts(235,27): error TS2339: Property 'rule_type' does not exist on type '{ created_at: string | null; description: string | null; id: string; is_active: boolean | null; match_type: string | null; name: string; organization_id: string; priority: number | null; ... 5 more ...; updated_at: string | null; }'.
app/actions/auto-response.ts(238,28): error TS2339: Property 'conditions' does not exist on type '{ created_at: string | null; description: string | null; id: string; is_active: boolean | null; match_type: string | null; name: string; organization_id: string; priority: number | null; ... 5 more ...; updated_at: string | null; }'.
app/actions/auto-response.ts(239,25): error TS2339: Property 'actions' does not exist on type '{ created_at: string | null; description: string | null; id: string; is_active: boolean | null; match_type: string | null; name: string; organization_id: string; priority: number | null; ... 5 more ...; updated_at: string | null; }'.
app/actions/auto-response.ts(240,28): error TS2339: Property 'valid_from' does not exist on type '{ created_at: string | null; description: string | null; id: string; is_active: boolean | null; match_type: string | null; name: string; organization_id: string; priority: number | null; ... 5 more ...; updated_at: string | null; }'.
app/actions/auto-response.ts(241,29): error TS2339: Property 'valid_until' does not exist on type '{ created_at: string | null; description: string | null; id: string; is_active: boolean | null; match_type: string | null; name: string; organization_id: string; priority: number | null; ... 5 more ...; updated_at: string | null; }'.
app/actions/auto-response.ts(252,10): error TS2352: Conversion of type '{ created_at: string | null; description: string | null; id: string; is_active: boolean | null; match_type: string | null; name: string; organization_id: string; priority: number | null; ... 5 more ...; updated_at: string | null; }' to type 'AutoResponseRule' may be a mistake because neither type sufficiently overlaps with the other. If this was intentional, convert the expression to 'unknown' first.
  Type '{ created_at: string | null; description: string | null; id: string; is_active: boolean | null; match_type: string | null; name: string; organization_id: string; priority: number | null; ... 5 more ...; updated_at: string | null; }' is missing the following properties from type 'AutoResponseRule': user_id, rule_type, conditions, actions, and 2 more.
app/actions/auto-response.ts(276,32): error TS2339: Property 'is_active' does not exist on type 'SelectQueryError<"column 'user_id' does not exist on 'auto_response_rules'.">'.
app/actions/auto-response.ts(287,10): error TS2352: Conversion of type '{ created_at: string | null; description: string | null; id: string; is_active: boolean | null; match_type: string | null; name: string; organization_id: string; priority: number | null; ... 5 more ...; updated_at: string | null; }' to type 'AutoResponseRule' may be a mistake because neither type sufficiently overlaps with the other. If this was intentional, convert the expression to 'unknown' first.
  Type '{ created_at: string | null; description: string | null; id: string; is_active: boolean | null; match_type: string | null; name: string; organization_id: string; priority: number | null; ... 5 more ...; updated_at: string | null; }' is missing the following properties from type 'AutoResponseRule': user_id, rule_type, conditions, actions, and 2 more.
app/actions/auto-response.ts(322,10): error TS2352: Conversion of type '{ created_at: string | null; description: string | null; id: string; is_active: boolean | null; match_type: string | null; name: string; organization_id: string; priority: number | null; ... 5 more ...; updated_at: string | null; }' to type 'AutoResponseRule' may be a mistake because neither type sufficiently overlaps with the other. If this was intentional, convert the expression to 'unknown' first.
  Type '{ created_at: string | null; description: string | null; id: string; is_active: boolean | null; match_type: string | null; name: string; organization_id: string; priority: number | null; ... 5 more ...; updated_at: string | null; }' is missing the following properties from type 'AutoResponseRule': user_id, rule_type, conditions, actions, and 2 more.
app/actions/auto-response.ts(351,11): error TS2769: No overload matches this call.
  Overload 1 of 2, '(relation: "line_friends" | "organizations" | "users" | "step_campaigns" | "forms" | "tags" | "line_channels" | "messages" | "reservation_types" | "schedules" | "schedule_slots" | ... 19 more ... | "webhook_logs"): PostgrestQueryBuilder<...>', gave the following error.
    Argument of type '"auto_response_logs"' is not assignable to parameter of type '"line_friends" | "organizations" | "users" | "step_campaigns" | "forms" | "tags" | "line_channels" | "messages" | "reservation_types" | "schedules" | "schedule_slots" | "rich_menus" | ... 18 more ... | "webhook_logs"'.
  Overload 2 of 2, '(relation: never): PostgrestQueryBuilder<{ PostgrestVersion: "13.0.5"; }, { Tables: { analytics_events: { Row: { created_at: string | null; event_data: Json; event_type: string; id: string; ip_address: unknown; ... 4 more ...; user_agent: string | null; }; Insert: { ...; }; Update: { ...; }; Relationships: [...]; }; ... 29 more ...; webhook_logs: { ...; }; }; Views: {}; Functions: { ...; }; Enums: {}; CompositeTypes: {}; }, never, never, never>', gave the following error.
    Argument of type '"auto_response_logs"' is not assignable to parameter of type 'never'.
app/actions/auto-response.ts(365,53): error TS2339: Property 'response_sent' does not exist on type 'SelectQueryError<"column 'response_sent' does not exist on 'line_friends'."> | SelectQueryError<"column 'response_sent' does not exist on 'organizations'."> | ... 28 more ... | SelectQueryError<...>'.
  Property 'response_sent' does not exist on type 'SelectQueryError<"column 'response_sent' does not exist on 'line_friends'.">'.
app/actions/auto-response.ts(365,83): error TS2339: Property 'success' does not exist on type 'SelectQueryError<"column 'response_sent' does not exist on 'line_friends'."> | SelectQueryError<"column 'response_sent' does not exist on 'organizations'."> | ... 28 more ... | SelectQueryError<...>'.
  Property 'success' does not exist on type 'SelectQueryError<"column 'response_sent' does not exist on 'line_friends'.">'.
app/actions/auto-response.ts(700,11): error TS2769: No overload matches this call.
  Overload 1 of 2, '(relation: "line_friends" | "organizations" | "users" | "step_campaigns" | "forms" | "tags" | "line_channels" | "messages" | "reservation_types" | "schedules" | "schedule_slots" | ... 19 more ... | "webhook_logs"): PostgrestQueryBuilder<...>', gave the following error.
    Argument of type '"ai_response_config"' is not assignable to parameter of type '"line_friends" | "organizations" | "users" | "step_campaigns" | "forms" | "tags" | "line_channels" | "messages" | "reservation_types" | "schedules" | "schedule_slots" | "rich_menus" | ... 18 more ... | "webhook_logs"'.
  Overload 2 of 2, '(relation: never): PostgrestQueryBuilder<{ PostgrestVersion: "13.0.5"; }, { Tables: { analytics_events: { Row: { created_at: string | null; event_data: Json; event_type: string; id: string; ip_address: unknown; ... 4 more ...; user_agent: string | null; }; Insert: { ...; }; Update: { ...; }; Relationships: [...]; }; ... 29 more ...; webhook_logs: { ...; }; }; Views: {}; Functions: { ...; }; Enums: {}; CompositeTypes: {}; }, never, never, never>', gave the following error.
    Argument of type '"ai_response_config"' is not assignable to parameter of type 'never'.
app/actions/auto-response.ts(734,11): error TS2769: No overload matches this call.
  Overload 1 of 2, '(relation: "line_friends" | "organizations" | "users" | "step_campaigns" | "forms" | "tags" | "line_channels" | "messages" | "reservation_types" | "schedules" | "schedule_slots" | ... 19 more ... | "webhook_logs"): PostgrestQueryBuilder<...>', gave the following error.
    Argument of type '"ai_response_config"' is not assignable to parameter of type '"line_friends" | "organizations" | "users" | "step_campaigns" | "forms" | "tags" | "line_channels" | "messages" | "reservation_types" | "schedules" | "schedule_slots" | "rich_menus" | ... 18 more ... | "webhook_logs"'.
  Overload 2 of 2, '(relation: never): PostgrestQueryBuilder<{ PostgrestVersion: "13.0.5"; }, { Tables: { analytics_events: { Row: { created_at: string | null; event_data: Json; event_type: string; id: string; ip_address: unknown; ... 4 more ...; user_agent: string | null; }; Insert: { ...; }; Update: { ...; }; Relationships: [...]; }; ... 29 more ...; webhook_logs: { ...; }; }; Views: {}; Functions: { ...; }; Enums: {}; CompositeTypes: {}; }, never, never, never>', gave the following error.
    Argument of type '"ai_response_config"' is not assignable to parameter of type 'never'.
app/actions/auto-response.ts(742,13): error TS2769: No overload matches this call.
  Overload 1 of 2, '(relation: "line_friends" | "organizations" | "users" | "step_campaigns" | "forms" | "tags" | "line_channels" | "messages" | "reservation_types" | "schedules" | "schedule_slots" | ... 19 more ... | "webhook_logs"): PostgrestQueryBuilder<...>', gave the following error.
    Argument of type '"ai_response_config"' is not assignable to parameter of type '"line_friends" | "organizations" | "users" | "step_campaigns" | "forms" | "tags" | "line_channels" | "messages" | "reservation_types" | "schedules" | "schedule_slots" | "rich_menus" | ... 18 more ... | "webhook_logs"'.
  Overload 2 of 2, '(relation: never): PostgrestQueryBuilder<{ PostgrestVersion: "13.0.5"; }, { Tables: { analytics_events: { Row: { created_at: string | null; event_data: Json; event_type: string; id: string; ip_address: unknown; ... 4 more ...; user_agent: string | null; }; Insert: { ...; }; Update: { ...; }; Relationships: [...]; }; ... 29 more ...; webhook_logs: { ...; }; }; Views: {}; Functions: { ...; }; Enums: {}; CompositeTypes: {}; }, never, never, never>', gave the following error.
    Argument of type '"ai_response_config"' is not assignable to parameter of type 'never'.
app/actions/auto-response.ts(758,13): error TS2769: No overload matches this call.
  Overload 1 of 2, '(relation: "line_friends" | "organizations" | "users" | "step_campaigns" | "forms" | "tags" | "line_channels" | "messages" | "reservation_types" | "schedules" | "schedule_slots" | ... 19 more ... | "webhook_logs"): PostgrestQueryBuilder<...>', gave the following error.
    Argument of type '"ai_response_config"' is not assignable to parameter of type '"line_friends" | "organizations" | "users" | "step_campaigns" | "forms" | "tags" | "line_channels" | "messages" | "reservation_types" | "schedules" | "schedule_slots" | "rich_menus" | ... 18 more ... | "webhook_logs"'.
  Overload 2 of 2, '(relation: never): PostgrestQueryBuilder<{ PostgrestVersion: "13.0.5"; }, { Tables: { analytics_events: { Row: { created_at: string | null; event_data: Json; event_type: string; id: string; ip_address: unknown; ... 4 more ...; user_agent: string | null; }; Insert: { ...; }; Update: { ...; }; Relationships: [...]; }; ... 29 more ...; webhook_logs: { ...; }; }; Views: {}; Functions: { ...; }; Enums: {}; CompositeTypes: {}; }, never, never, never>', gave the following error.
    Argument of type '"ai_response_config"' is not assignable to parameter of type 'never'.
app/actions/auto-response.ts(759,8): error TS2769: No overload matches this call.
  Overload 1 of 2, '(values: { created_at?: string | null | undefined; event_data?: Json | undefined; event_type: string; id?: string | undefined; ip_address?: unknown; line_friend_id?: string | null | undefined; organization_id: string; referrer?: string | ... 1 more ... | undefined; session_id?: string | ... 1 more ... | undefined; user_agent?: string | ... 1 more ... | undefined; } | ... 29 more ... | { ...; }, options?: { ...; } | undefined): PostgrestFilterBuilder<...>', gave the following error.
    Argument of type '{ created_at: string; updated_at: string; enabled?: boolean; model?: string; temperature?: number; maxTokens?: number; systemPrompt?: string; contextWindow?: number; fallbackToHuman?: boolean; confidenceThreshold?: number; user_id: string; }' is not assignable to parameter of type '{ created_at?: string | null | undefined; event_data?: Json | undefined; event_type: string; id?: string | undefined; ip_address?: unknown; line_friend_id?: string | null | undefined; organization_id: string; referrer?: string | ... 1 more ... | undefined; session_id?: string | ... 1 more ... | undefined; user_agent...'.
      Property 'organization_id' is missing in type '{ created_at: string; updated_at: string; enabled?: boolean; model?: string; temperature?: number; maxTokens?: number; systemPrompt?: string; contextWindow?: number; fallbackToHuman?: boolean; confidenceThreshold?: number; user_id: string; }' but required in type '{ created_at?: string | null | undefined; id?: string | undefined; organization_id: string; role?: string | undefined; updated_at?: string | null | undefined; user_id: string; }'.
  Overload 2 of 2, '(values: ({ created_at?: string | null | undefined; event_data?: Json | undefined; event_type: string; id?: string | undefined; ip_address?: unknown; line_friend_id?: string | null | undefined; organization_id: string; referrer?: string | ... 1 more ... | undefined; session_id?: string | ... 1 more ... | undefined; user_agent?: string | ... 1 more ... | undefined; } | ... 29 more ... | { ...; })[], options?: { ...; } | undefined): PostgrestFilterBuilder<...>', gave the following error.
    Object literal may only specify known properties, and 'created_at' does not exist in type '({ created_at?: string | null | undefined; event_data?: Json | undefined; event_type: string; id?: string | undefined; ip_address?: unknown; line_friend_id?: string | null | undefined; organization_id: string; referrer?: string | ... 1 more ... | undefined; session_id?: string | ... 1 more ... | undefined; user_agen...'.
app/actions/auto-response.ts(788,28): error TS2339: Property 'enabled' does not exist on type '{ created_at: string | null; event_data: Json; event_type: string; id: string; ip_address: unknown; line_friend_id: string | null; organization_id: string; referrer: string | null; session_id: string | null; user_agent: string | null; } | ... 28 more ... | { ...; }'.
  Property 'enabled' does not exist on type '{ created_at: string | null; event_data: Json; event_type: string; id: string; ip_address: unknown; line_friend_id: string | null; organization_id: string; referrer: string | null; session_id: string | null; user_agent: string | null; }'.
app/actions/auto-response.ts(843,15): error TS2589: Type instantiation is excessively deep and possibly infinite.
app/actions/auto-response.ts(844,11): error TS2769: No overload matches this call.
  Overload 1 of 2, '(relation: "line_friends" | "organizations" | "users" | "step_campaigns" | "forms" | "tags" | "line_channels" | "messages" | "reservation_types" | "schedules" | "schedule_slots" | ... 19 more ... | "webhook_logs"): PostgrestQueryBuilder<...>', gave the following error.
    Argument of type '"auto_response_logs"' is not assignable to parameter of type '"line_friends" | "organizations" | "users" | "step_campaigns" | "forms" | "tags" | "line_channels" | "messages" | "reservation_types" | "schedules" | "schedule_slots" | "rich_menus" | ... 18 more ... | "webhook_logs"'.
  Overload 2 of 2, '(relation: never): PostgrestQueryBuilder<{ PostgrestVersion: "13.0.5"; }, { Tables: { analytics_events: { Row: { created_at: string | null; event_data: Json; event_type: string; id: string; ip_address: unknown; ... 4 more ...; user_agent: string | null; }; Insert: { ...; }; Update: { ...; }; Relationships: [...]; }; ... 29 more ...; webhook_logs: { ...; }; }; Views: {}; Functions: { ...; }; Enums: {}; CompositeTypes: {}; }, never, never, never>', gave the following error.
    Argument of type '"auto_response_logs"' is not assignable to parameter of type 'never'.
app/actions/auto-response.ts(914,33): error TS2589: Type instantiation is excessively deep and possibly infinite.
app/actions/auto-response.ts(915,11): error TS2769: No overload matches this call.
  Overload 1 of 2, '(relation: "line_friends" | "organizations" | "users" | "step_campaigns" | "forms" | "tags" | "line_channels" | "messages" | "reservation_types" | "schedules" | "schedule_slots" | ... 19 more ... | "webhook_logs"): PostgrestQueryBuilder<...>', gave the following error.
    Argument of type '"auto_response_logs"' is not assignable to parameter of type '"line_friends" | "organizations" | "users" | "step_campaigns" | "forms" | "tags" | "line_channels" | "messages" | "reservation_types" | "schedules" | "schedule_slots" | "rich_menus" | ... 18 more ... | "webhook_logs"'.
  Overload 2 of 2, '(relation: never): PostgrestQueryBuilder<{ PostgrestVersion: "13.0.5"; }, { Tables: { analytics_events: { Row: { created_at: string | null; event_data: Json; event_type: string; id: string; ip_address: unknown; ... 4 more ...; user_agent: string | null; }; Insert: { ...; }; Update: { ...; }; Relationships: [...]; }; ... 29 more ...; webhook_logs: { ...; }; }; Views: {}; Functions: { ...; }; Enums: {}; CompositeTypes: {}; }, never, never, never>', gave the following error.
    Argument of type '"auto_response_logs"' is not assignable to parameter of type 'never'.
app/actions/auto-response.ts(960,41): error TS2339: Property 'id' does not exist on type 'SelectQueryError<"column 'rule_type' does not exist on 'auto_response_rules'.">'.
app/actions/auto-response.ts(967,11): error TS2769: No overload matches this call.
  Overload 1 of 2, '(relation: "line_friends" | "organizations" | "users" | "step_campaigns" | "forms" | "tags" | "line_channels" | "messages" | "reservation_types" | "schedules" | "schedule_slots" | ... 19 more ... | "webhook_logs"): PostgrestQueryBuilder<...>', gave the following error.
    Argument of type '"auto_response_logs"' is not assignable to parameter of type '"line_friends" | "organizations" | "users" | "step_campaigns" | "forms" | "tags" | "line_channels" | "messages" | "reservation_types" | "schedules" | "schedule_slots" | "rich_menus" | ... 18 more ... | "webhook_logs"'.
  Overload 2 of 2, '(relation: never): PostgrestQueryBuilder<{ PostgrestVersion: "13.0.5"; }, { Tables: { analytics_events: { Row: { created_at: string | null; event_data: Json; event_type: string; id: string; ip_address: unknown; ... 4 more ...; user_agent: string | null; }; Insert: { ...; }; Update: { ...; }; Relationships: [...]; }; ... 29 more ...; webhook_logs: { ...; }; }; Views: {}; Functions: { ...; }; Enums: {}; CompositeTypes: {}; }, never, never, never>', gave the following error.
    Argument of type '"auto_response_logs"' is not assignable to parameter of type 'never'.
app/actions/auto-response.ts(1054,11): error TS2769: No overload matches this call.
  Overload 1 of 2, '(relation: "line_friends" | "organizations" | "users" | "step_campaigns" | "forms" | "tags" | "line_channels" | "messages" | "reservation_types" | "schedules" | "schedule_slots" | ... 19 more ... | "webhook_logs"): PostgrestQueryBuilder<...>', gave the following error.
    Argument of type '"auto_response_logs"' is not assignable to parameter of type '"line_friends" | "organizations" | "users" | "step_campaigns" | "forms" | "tags" | "line_channels" | "messages" | "reservation_types" | "schedules" | "schedule_slots" | "rich_menus" | ... 18 more ... | "webhook_logs"'.
  Overload 2 of 2, '(relation: never): PostgrestQueryBuilder<{ PostgrestVersion: "13.0.5"; }, { Tables: { analytics_events: { Row: { created_at: string | null; event_data: Json; event_type: string; id: string; ip_address: unknown; ... 4 more ...; user_agent: string | null; }; Insert: { ...; }; Update: { ...; }; Relationships: [...]; }; ... 29 more ...; webhook_logs: { ...; }; }; Views: {}; Functions: { ...; }; Enums: {}; CompositeTypes: {}; }, never, never, never>', gave the following error.
    Argument of type '"auto_response_logs"' is not assignable to parameter of type 'never'.
app/actions/billing.ts(88,11): error TS2769: No overload matches this call.
  Overload 1 of 2, '(relation: "line_friends" | "organizations" | "users" | "step_campaigns" | "forms" | "tags" | "line_channels" | "messages" | "reservation_types" | "schedules" | "schedule_slots" | ... 19 more ... | "webhook_logs"): PostgrestQueryBuilder<...>', gave the following error.
    Argument of type '"subscriptions"' is not assignable to parameter of type '"line_friends" | "organizations" | "users" | "step_campaigns" | "forms" | "tags" | "line_channels" | "messages" | "reservation_types" | "schedules" | "schedule_slots" | "rich_menus" | ... 18 more ... | "webhook_logs"'.
  Overload 2 of 2, '(relation: never): PostgrestQueryBuilder<{ PostgrestVersion: "13.0.5"; }, { Tables: { analytics_events: { Row: { created_at: string | null; event_data: Json; event_type: string; id: string; ip_address: unknown; ... 4 more ...; user_agent: string | null; }; Insert: { ...; }; Update: { ...; }; Relationships: [...]; }; ... 29 more ...; webhook_logs: { ...; }; }; Views: {}; Functions: { ...; }; Enums: {}; CompositeTypes: {}; }, never, never, never>', gave the following error.
    Argument of type '"subscriptions"' is not assignable to parameter of type 'never'.
app/actions/billing.ts(98,10): error TS2352: Conversion of type '{ created_at: string | null; event_data: Json; event_type: string; id: string; ip_address: unknown; line_friend_id: string | null; organization_id: string; referrer: string | null; session_id: string | null; user_agent: string | null; } | ... 29 more ... | { ...; }' to type 'Subscription' may be a mistake because neither type sufficiently overlaps with the other. If this was intentional, convert the expression to 'unknown' first.
  Type '{ created_at: string | null; error_message: string | null; event_type: string; id: string; line_channel_id: string | null; payload: Json; processed_at: string | null; status: string; }' is missing the following properties from type 'Subscription': organization_id, plan, stripe_customer_id, stripe_subscription_id, and 10 more.
app/actions/billing.ts(156,35): error TS2551: Property 'messages_per_month' does not exist on type 'PlanUsage'. Did you mean 'messages_this_month'?
app/actions/billing.ts(184,11): error TS2769: No overload matches this call.
  Overload 1 of 2, '(relation: "line_friends" | "organizations" | "users" | "step_campaigns" | "forms" | "tags" | "line_channels" | "messages" | "reservation_types" | "schedules" | "schedule_slots" | ... 19 more ... | "webhook_logs"): PostgrestQueryBuilder<...>', gave the following error.
    Argument of type '"subscriptions"' is not assignable to parameter of type '"line_friends" | "organizations" | "users" | "step_campaigns" | "forms" | "tags" | "line_channels" | "messages" | "reservation_types" | "schedules" | "schedule_slots" | "rich_menus" | ... 18 more ... | "webhook_logs"'.
  Overload 2 of 2, '(relation: never): PostgrestQueryBuilder<{ PostgrestVersion: "13.0.5"; }, { Tables: { analytics_events: { Row: { created_at: string | null; event_data: Json; event_type: string; id: string; ip_address: unknown; ... 4 more ...; user_agent: string | null; }; Insert: { ...; }; Update: { ...; }; Relationships: [...]; }; ... 29 more ...; webhook_logs: { ...; }; }; Views: {}; Functions: { ...; }; Enums: {}; CompositeTypes: {}; }, never, never, never>', gave the following error.
    Argument of type '"subscriptions"' is not assignable to parameter of type 'never'.
app/actions/billing.ts(189,34): error TS2339: Property 'stripe_customer_id' does not exist on type 'SelectQueryError<"column 'stripe_customer_id' does not exist on 'line_friends'."> | SelectQueryError<"column 'stripe_customer_id' does not exist on 'organizations'."> | ... 28 more ... | SelectQueryError<...>'.
  Property 'stripe_customer_id' does not exist on type 'SelectQueryError<"column 'stripe_customer_id' does not exist on 'line_friends'.">'.
app/actions/billing.ts(207,19): error TS2339: Property 'contact_email' does not exist on type 'SelectQueryError<"column 'contact_email' does not exist on 'organizations'.">'.
app/actions/billing.ts(208,18): error TS2339: Property 'name' does not exist on type 'SelectQueryError<"column 'contact_email' does not exist on 'organizations'.">'.
app/actions/billing.ts(216,13): error TS2769: No overload matches this call.
  Overload 1 of 2, '(relation: "line_friends" | "organizations" | "users" | "step_campaigns" | "forms" | "tags" | "line_channels" | "messages" | "reservation_types" | "schedules" | "schedule_slots" | ... 19 more ... | "webhook_logs"): PostgrestQueryBuilder<...>', gave the following error.
    Argument of type '"subscriptions"' is not assignable to parameter of type '"line_friends" | "organizations" | "users" | "step_campaigns" | "forms" | "tags" | "line_channels" | "messages" | "reservation_types" | "schedules" | "schedule_slots" | "rich_menus" | ... 18 more ... | "webhook_logs"'.
  Overload 2 of 2, '(relation: never): PostgrestQueryBuilder<{ PostgrestVersion: "13.0.5"; }, { Tables: { analytics_events: { Row: { created_at: string | null; event_data: Json; event_type: string; id: string; ip_address: unknown; ... 4 more ...; user_agent: string | null; }; Insert: { ...; }; Update: { ...; }; Relationships: [...]; }; ... 29 more ...; webhook_logs: { ...; }; }; Views: {}; Functions: { ...; }; Enums: {}; CompositeTypes: {}; }, never, never, never>', gave the following error.
    Argument of type '"subscriptions"' is not assignable to parameter of type 'never'.
app/actions/billing.ts(217,17): error TS2353: Object literal may only specify known properties, and 'stripe_customer_id' does not exist in type '{ created_at?: string | null | undefined; event_data?: Json | undefined; event_type?: string | undefined; id?: string | undefined; ip_address?: unknown; line_friend_id?: string | null | undefined; organization_id?: string | undefined; referrer?: string | ... 1 more ... | undefined; session_id?: string | ... 1 more ....'.
app/actions/billing.ts(248,11): error TS2769: No overload matches this call.
  Overload 1 of 2, '(relation: "line_friends" | "organizations" | "users" | "step_campaigns" | "forms" | "tags" | "line_channels" | "messages" | "reservation_types" | "schedules" | "schedule_slots" | ... 19 more ... | "webhook_logs"): PostgrestQueryBuilder<...>', gave the following error.
    Argument of type '"subscriptions"' is not assignable to parameter of type '"line_friends" | "organizations" | "users" | "step_campaigns" | "forms" | "tags" | "line_channels" | "messages" | "reservation_types" | "schedules" | "schedule_slots" | "rich_menus" | ... 18 more ... | "webhook_logs"'.
  Overload 2 of 2, '(relation: never): PostgrestQueryBuilder<{ PostgrestVersion: "13.0.5"; }, { Tables: { analytics_events: { Row: { created_at: string | null; event_data: Json; event_type: string; id: string; ip_address: unknown; ... 4 more ...; user_agent: string | null; }; Insert: { ...; }; Update: { ...; }; Relationships: [...]; }; ... 29 more ...; webhook_logs: { ...; }; }; Views: {}; Functions: { ...; }; Enums: {}; CompositeTypes: {}; }, never, never, never>', gave the following error.
    Argument of type '"subscriptions"' is not assignable to parameter of type 'never'.
app/actions/billing.ts(259,22): error TS2339: Property 'stripe_subscription_id' does not exist on type '{ created_at: string | null; event_data: Json; event_type: string; id: string; ip_address: unknown; line_friend_id: string | null; organization_id: string; referrer: string | null; session_id: string | null; user_agent: string | null; } | ... 29 more ... | { ...; }'.
  Property 'stripe_subscription_id' does not exist on type '{ created_at: string | null; event_data: Json; event_type: string; id: string; ip_address: unknown; line_friend_id: string | null; organization_id: string; referrer: string | null; session_id: string | null; user_agent: string | null; }'.
app/actions/billing.ts(261,56): error TS2339: Property 'stripe_subscription_id' does not exist on type '{ created_at: string | null; event_data: Json; event_type: string; id: string; ip_address: unknown; line_friend_id: string | null; organization_id: string; referrer: string | null; session_id: string | null; user_agent: string | null; } | ... 29 more ... | { ...; }'.
  Property 'stripe_subscription_id' does not exist on type '{ created_at: string | null; event_data: Json; event_type: string; id: string; ip_address: unknown; line_friend_id: string | null; organization_id: string; referrer: string | null; session_id: string | null; user_agent: string | null; }'.
app/actions/billing.ts(265,13): error TS2769: No overload matches this call.
  Overload 1 of 2, '(relation: "line_friends" | "organizations" | "users" | "step_campaigns" | "forms" | "tags" | "line_channels" | "messages" | "reservation_types" | "schedules" | "schedule_slots" | ... 19 more ... | "webhook_logs"): PostgrestQueryBuilder<...>', gave the following error.
    Argument of type '"subscriptions"' is not assignable to parameter of type '"line_friends" | "organizations" | "users" | "step_campaigns" | "forms" | "tags" | "line_channels" | "messages" | "reservation_types" | "schedules" | "schedule_slots" | "rich_menus" | ... 18 more ... | "webhook_logs"'.
  Overload 2 of 2, '(relation: never): PostgrestQueryBuilder<{ PostgrestVersion: "13.0.5"; }, { Tables: { analytics_events: { Row: { created_at: string | null; event_data: Json; event_type: string; id: string; ip_address: unknown; ... 4 more ...; user_agent: string | null; }; Insert: { ...; }; Update: { ...; }; Relationships: [...]; }; ... 29 more ...; webhook_logs: { ...; }; }; Views: {}; Functions: { ...; }; Enums: {}; CompositeTypes: {}; }, never, never, never>', gave the following error.
    Argument of type '"subscriptions"' is not assignable to parameter of type 'never'.
app/actions/billing.ts(277,23): error TS2339: Property 'stripe_subscription_id' does not exist on type '{ created_at: string | null; event_data: Json; event_type: string; id: string; ip_address: unknown; line_friend_id: string | null; organization_id: string; referrer: string | null; session_id: string | null; user_agent: string | null; } | ... 29 more ... | { ...; }'.
  Property 'stripe_subscription_id' does not exist on type '{ created_at: string | null; event_data: Json; event_type: string; id: string; ip_address: unknown; line_friend_id: string | null; organization_id: string; referrer: string | null; session_id: string | null; user_agent: string | null; }'.
app/actions/billing.ts(282,47): error TS2339: Property 'stripe_subscription_id' does not exist on type '{ created_at: string | null; event_data: Json; event_type: string; id: string; ip_address: unknown; line_friend_id: string | null; organization_id: string; referrer: string | null; session_id: string | null; user_agent: string | null; } | ... 29 more ... | { ...; }'.
  Property 'stripe_subscription_id' does not exist on type '{ created_at: string | null; event_data: Json; event_type: string; id: string; ip_address: unknown; line_friend_id: string | null; organization_id: string; referrer: string | null; session_id: string | null; user_agent: string | null; }'.
app/actions/billing.ts(285,13): error TS2769: No overload matches this call.
  Overload 1 of 2, '(relation: "line_friends" | "organizations" | "users" | "step_campaigns" | "forms" | "tags" | "line_channels" | "messages" | "reservation_types" | "schedules" | "schedule_slots" | ... 19 more ... | "webhook_logs"): PostgrestQueryBuilder<...>', gave the following error.
    Argument of type '"subscriptions"' is not assignable to parameter of type '"line_friends" | "organizations" | "users" | "step_campaigns" | "forms" | "tags" | "line_channels" | "messages" | "reservation_types" | "schedules" | "schedule_slots" | "rich_menus" | ... 18 more ... | "webhook_logs"'.
  Overload 2 of 2, '(relation: never): PostgrestQueryBuilder<{ PostgrestVersion: "13.0.5"; }, { Tables: { analytics_events: { Row: { created_at: string | null; event_data: Json; event_type: string; id: string; ip_address: unknown; ... 4 more ...; user_agent: string | null; }; Insert: { ...; }; Update: { ...; }; Relationships: [...]; }; ... 29 more ...; webhook_logs: { ...; }; }; Views: {}; Functions: { ...; }; Enums: {}; CompositeTypes: {}; }, never, never, never>', gave the following error.
    Argument of type '"subscriptions"' is not assignable to parameter of type 'never'.
app/actions/billing.ts(310,11): error TS2769: No overload matches this call.
  Overload 1 of 2, '(relation: "line_friends" | "organizations" | "users" | "step_campaigns" | "forms" | "tags" | "line_channels" | "messages" | "reservation_types" | "schedules" | "schedule_slots" | ... 19 more ... | "webhook_logs"): PostgrestQueryBuilder<...>', gave the following error.
    Argument of type '"subscriptions"' is not assignable to parameter of type '"line_friends" | "organizations" | "users" | "step_campaigns" | "forms" | "tags" | "line_channels" | "messages" | "reservation_types" | "schedules" | "schedule_slots" | "rich_menus" | ... 18 more ... | "webhook_logs"'.
  Overload 2 of 2, '(relation: never): PostgrestQueryBuilder<{ PostgrestVersion: "13.0.5"; }, { Tables: { analytics_events: { Row: { created_at: string | null; event_data: Json; event_type: string; id: string; ip_address: unknown; ... 4 more ...; user_agent: string | null; }; Insert: { ...; }; Update: { ...; }; Relationships: [...]; }; ... 29 more ...; webhook_logs: { ...; }; }; Views: {}; Functions: { ...; }; Enums: {}; CompositeTypes: {}; }, never, never, never>', gave the following error.
    Argument of type '"subscriptions"' is not assignable to parameter of type 'never'.
app/actions/billing.ts(315,36): error TS2339: Property 'stripe_subscription_id' does not exist on type 'SelectQueryError<"column 'stripe_subscription_id' does not exist on 'line_friends'."> | SelectQueryError<"column 'stripe_subscription_id' does not exist on 'organizations'."> | ... 28 more ... | SelectQueryError<...>'.
  Property 'stripe_subscription_id' does not exist on type 'SelectQueryError<"column 'stripe_subscription_id' does not exist on 'line_friends'.">'.
app/actions/billing.ts(319,52): error TS2339: Property 'stripe_subscription_id' does not exist on type 'SelectQueryError<"column 'stripe_subscription_id' does not exist on 'line_friends'."> | SelectQueryError<"column 'stripe_subscription_id' does not exist on 'organizations'."> | ... 28 more ... | SelectQueryError<...>'.
  Property 'stripe_subscription_id' does not exist on type 'SelectQueryError<"column 'stripe_subscription_id' does not exist on 'line_friends'.">'.
app/actions/billing.ts(322,11): error TS2769: No overload matches this call.
  Overload 1 of 2, '(relation: "line_friends" | "organizations" | "users" | "step_campaigns" | "forms" | "tags" | "line_channels" | "messages" | "reservation_types" | "schedules" | "schedule_slots" | ... 19 more ... | "webhook_logs"): PostgrestQueryBuilder<...>', gave the following error.
    Argument of type '"subscriptions"' is not assignable to parameter of type '"line_friends" | "organizations" | "users" | "step_campaigns" | "forms" | "tags" | "line_channels" | "messages" | "reservation_types" | "schedules" | "schedule_slots" | "rich_menus" | ... 18 more ... | "webhook_logs"'.
  Overload 2 of 2, '(relation: never): PostgrestQueryBuilder<{ PostgrestVersion: "13.0.5"; }, { Tables: { analytics_events: { Row: { created_at: string | null; event_data: Json; event_type: string; id: string; ip_address: unknown; ... 4 more ...; user_agent: string | null; }; Insert: { ...; }; Update: { ...; }; Relationships: [...]; }; ... 29 more ...; webhook_logs: { ...; }; }; Views: {}; Functions: { ...; }; Enums: {}; CompositeTypes: {}; }, never, never, never>', gave the following error.
    Argument of type '"subscriptions"' is not assignable to parameter of type 'never'.
app/actions/billing.ts(344,11): error TS2769: No overload matches this call.
  Overload 1 of 2, '(relation: "line_friends" | "organizations" | "users" | "step_campaigns" | "forms" | "tags" | "line_channels" | "messages" | "reservation_types" | "schedules" | "schedule_slots" | ... 19 more ... | "webhook_logs"): PostgrestQueryBuilder<...>', gave the following error.
    Argument of type '"subscriptions"' is not assignable to parameter of type '"line_friends" | "organizations" | "users" | "step_campaigns" | "forms" | "tags" | "line_channels" | "messages" | "reservation_types" | "schedules" | "schedule_slots" | "rich_menus" | ... 18 more ... | "webhook_logs"'.
  Overload 2 of 2, '(relation: never): PostgrestQueryBuilder<{ PostgrestVersion: "13.0.5"; }, { Tables: { analytics_events: { Row: { created_at: string | null; event_data: Json; event_type: string; id: string; ip_address: unknown; ... 4 more ...; user_agent: string | null; }; Insert: { ...; }; Update: { ...; }; Relationships: [...]; }; ... 29 more ...; webhook_logs: { ...; }; }; Views: {}; Functions: { ...; }; Enums: {}; CompositeTypes: {}; }, never, never, never>', gave the following error.
    Argument of type '"subscriptions"' is not assignable to parameter of type 'never'.
app/actions/billing.ts(349,36): error TS2339: Property 'stripe_subscription_id' does not exist on type 'SelectQueryError<"column 'stripe_subscription_id' does not exist on 'line_friends'."> | SelectQueryError<"column 'stripe_subscription_id' does not exist on 'organizations'."> | ... 28 more ... | SelectQueryError<...>'.
  Property 'stripe_subscription_id' does not exist on type 'SelectQueryError<"column 'stripe_subscription_id' does not exist on 'line_friends'.">'.
app/actions/billing.ts(353,51): error TS2339: Property 'stripe_subscription_id' does not exist on type 'SelectQueryError<"column 'stripe_subscription_id' does not exist on 'line_friends'."> | SelectQueryError<"column 'stripe_subscription_id' does not exist on 'organizations'."> | ... 28 more ... | SelectQueryError<...>'.
  Property 'stripe_subscription_id' does not exist on type 'SelectQueryError<"column 'stripe_subscription_id' does not exist on 'line_friends'.">'.
app/actions/billing.ts(356,11): error TS2769: No overload matches this call.
  Overload 1 of 2, '(relation: "line_friends" | "organizations" | "users" | "step_campaigns" | "forms" | "tags" | "line_channels" | "messages" | "reservation_types" | "schedules" | "schedule_slots" | ... 19 more ... | "webhook_logs"): PostgrestQueryBuilder<...>', gave the following error.
    Argument of type '"subscriptions"' is not assignable to parameter of type '"line_friends" | "organizations" | "users" | "step_campaigns" | "forms" | "tags" | "line_channels" | "messages" | "reservation_types" | "schedules" | "schedule_slots" | "rich_menus" | ... 18 more ... | "webhook_logs"'.
  Overload 2 of 2, '(relation: never): PostgrestQueryBuilder<{ PostgrestVersion: "13.0.5"; }, { Tables: { analytics_events: { Row: { created_at: string | null; event_data: Json; event_type: string; id: string; ip_address: unknown; ... 4 more ...; user_agent: string | null; }; Insert: { ...; }; Update: { ...; }; Relationships: [...]; }; ... 29 more ...; webhook_logs: { ...; }; }; Views: {}; Functions: { ...; }; Enums: {}; CompositeTypes: {}; }, never, never, never>', gave the following error.
    Argument of type '"subscriptions"' is not assignable to parameter of type 'never'.
app/actions/billing.ts(379,11): error TS2769: No overload matches this call.
  Overload 1 of 2, '(relation: "line_friends" | "organizations" | "users" | "step_campaigns" | "forms" | "tags" | "line_channels" | "messages" | "reservation_types" | "schedules" | "schedule_slots" | ... 19 more ... | "webhook_logs"): PostgrestQueryBuilder<...>', gave the following error.
    Argument of type '"payment_methods"' is not assignable to parameter of type '"line_friends" | "organizations" | "users" | "step_campaigns" | "forms" | "tags" | "line_channels" | "messages" | "reservation_types" | "schedules" | "schedule_slots" | "rich_menus" | ... 18 more ... | "webhook_logs"'.
  Overload 2 of 2, '(relation: never): PostgrestQueryBuilder<{ PostgrestVersion: "13.0.5"; }, { Tables: { analytics_events: { Row: { created_at: string | null; event_data: Json; event_type: string; id: string; ip_address: unknown; ... 4 more ...; user_agent: string | null; }; Insert: { ...; }; Update: { ...; }; Relationships: [...]; }; ... 29 more ...; webhook_logs: { ...; }; }; Views: {}; Functions: { ...; }; Enums: {}; CompositeTypes: {}; }, never, never, never>', gave the following error.
    Argument of type '"payment_methods"' is not assignable to parameter of type 'never'.
app/actions/billing.ts(389,10): error TS2352: Conversion of type '({ created_at: string | null; event_data: Json; event_type: string; id: string; ip_address: unknown; line_friend_id: string | null; organization_id: string; referrer: string | null; session_id: string | null; user_agent: string | null; } | ... 29 more ... | { ...; })[]' to type 'PaymentMethod[]' may be a mistake because neither type sufficiently overlaps with the other. If this was intentional, convert the expression to 'unknown' first.
  Type '{ created_at: string | null; event_data: Json; event_type: string; id: string; ip_address: unknown; line_friend_id: string | null; organization_id: string; referrer: string | null; session_id: string | null; user_agent: string | null; } | ... 29 more ... | { ...; }' is not comparable to type 'PaymentMethod'.
    Type '{ created_at: string | null; error_message: string | null; event_type: string; id: string; line_channel_id: string | null; payload: Json; processed_at: string | null; status: string; }' is missing the following properties from type 'PaymentMethod': organization_id, stripe_payment_method_id, type, is_default, updated_at
app/actions/billing.ts(403,11): error TS2769: No overload matches this call.
  Overload 1 of 2, '(relation: "line_friends" | "organizations" | "users" | "step_campaigns" | "forms" | "tags" | "line_channels" | "messages" | "reservation_types" | "schedules" | "schedule_slots" | ... 19 more ... | "webhook_logs"): PostgrestQueryBuilder<...>', gave the following error.
    Argument of type '"subscriptions"' is not assignable to parameter of type '"line_friends" | "organizations" | "users" | "step_campaigns" | "forms" | "tags" | "line_channels" | "messages" | "reservation_types" | "schedules" | "schedule_slots" | "rich_menus" | ... 18 more ... | "webhook_logs"'.
  Overload 2 of 2, '(relation: never): PostgrestQueryBuilder<{ PostgrestVersion: "13.0.5"; }, { Tables: { analytics_events: { Row: { created_at: string | null; event_data: Json; event_type: string; id: string; ip_address: unknown; ... 4 more ...; user_agent: string | null; }; Insert: { ...; }; Update: { ...; }; Relationships: [...]; }; ... 29 more ...; webhook_logs: { ...; }; }; Views: {}; Functions: { ...; }; Enums: {}; CompositeTypes: {}; }, never, never, never>', gave the following error.
    Argument of type '"subscriptions"' is not assignable to parameter of type 'never'.
app/actions/billing.ts(408,36): error TS2339: Property 'stripe_customer_id' does not exist on type 'SelectQueryError<"column 'stripe_customer_id' does not exist on 'line_friends'."> | SelectQueryError<"column 'stripe_customer_id' does not exist on 'organizations'."> | ... 28 more ... | SelectQueryError<...>'.
  Property 'stripe_customer_id' does not exist on type 'SelectQueryError<"column 'stripe_customer_id' does not exist on 'line_friends'.">'.
app/actions/billing.ts(415,18): error TS2339: Property 'stripe_customer_id' does not exist on type 'SelectQueryError<"column 'stripe_customer_id' does not exist on 'line_friends'."> | SelectQueryError<"column 'stripe_customer_id' does not exist on 'organizations'."> | ... 28 more ... | SelectQueryError<...>'.
  Property 'stripe_customer_id' does not exist on type 'SelectQueryError<"column 'stripe_customer_id' does not exist on 'line_friends'.">'.
app/actions/billing.ts(420,11): error TS2769: No overload matches this call.
  Overload 1 of 2, '(relation: "line_friends" | "organizations" | "users" | "step_campaigns" | "forms" | "tags" | "line_channels" | "messages" | "reservation_types" | "schedules" | "schedule_slots" | ... 19 more ... | "webhook_logs"): PostgrestQueryBuilder<...>', gave the following error.
    Argument of type '"payment_methods"' is not assignable to parameter of type '"line_friends" | "organizations" | "users" | "step_campaigns" | "forms" | "tags" | "line_channels" | "messages" | "reservation_types" | "schedules" | "schedule_slots" | "rich_menus" | ... 18 more ... | "webhook_logs"'.
  Overload 2 of 2, '(relation: never): PostgrestQueryBuilder<{ PostgrestVersion: "13.0.5"; }, { Tables: { analytics_events: { Row: { created_at: string | null; event_data: Json; event_type: string; id: string; ip_address: unknown; ... 4 more ...; user_agent: string | null; }; Insert: { ...; }; Update: { ...; }; Relationships: [...]; }; ... 29 more ...; webhook_logs: { ...; }; }; Views: {}; Functions: { ...; }; Enums: {}; CompositeTypes: {}; }, never, never, never>', gave the following error.
    Argument of type '"payment_methods"' is not assignable to parameter of type 'never'.
app/actions/billing.ts(421,6): error TS2769: No overload matches this call.
  Overload 1 of 2, '(values: { created_at?: string | null | undefined; event_data?: Json | undefined; event_type: string; id?: string | undefined; ip_address?: unknown; line_friend_id?: string | null | undefined; organization_id: string; referrer?: string | ... 1 more ... | undefined; session_id?: string | ... 1 more ... | undefined; user_agent?: string | ... 1 more ... | undefined; } | ... 29 more ... | { ...; }, options?: { ...; } | undefined): PostgrestFilterBuilder<...>', gave the following error.
    Object literal may only specify known properties, and 'stripe_payment_method_id' does not exist in type '{ created_at?: string | null | undefined; event_data?: Json | undefined; event_type: string; id?: string | undefined; ip_address?: unknown; line_friend_id?: string | null | undefined; organization_id: string; referrer?: string | ... 1 more ... | undefined; session_id?: string | ... 1 more ... | undefined; user_agent...'.
  Overload 2 of 2, '(values: ({ created_at?: string | null | undefined; event_data?: Json | undefined; event_type: string; id?: string | undefined; ip_address?: unknown; line_friend_id?: string | null | undefined; organization_id: string; referrer?: string | ... 1 more ... | undefined; session_id?: string | ... 1 more ... | undefined; user_agent?: string | ... 1 more ... | undefined; } | ... 29 more ... | { ...; })[], options?: { ...; } | undefined): PostgrestFilterBuilder<...>', gave the following error.
    Object literal may only specify known properties, and 'organization_id' does not exist in type '({ created_at?: string | null | undefined; event_data?: Json | undefined; event_type: string; id?: string | undefined; ip_address?: unknown; line_friend_id?: string | null | undefined; organization_id: string; referrer?: string | ... 1 more ... | undefined; session_id?: string | ... 1 more ... | undefined; user_agen...'.
app/actions/billing.ts(449,11): error TS2769: No overload matches this call.
  Overload 1 of 2, '(relation: "line_friends" | "organizations" | "users" | "step_campaigns" | "forms" | "tags" | "line_channels" | "messages" | "reservation_types" | "schedules" | "schedule_slots" | ... 19 more ... | "webhook_logs"): PostgrestQueryBuilder<...>', gave the following error.
    Argument of type '"subscriptions"' is not assignable to parameter of type '"line_friends" | "organizations" | "users" | "step_campaigns" | "forms" | "tags" | "line_channels" | "messages" | "reservation_types" | "schedules" | "schedule_slots" | "rich_menus" | ... 18 more ... | "webhook_logs"'.
  Overload 2 of 2, '(relation: never): PostgrestQueryBuilder<{ PostgrestVersion: "13.0.5"; }, { Tables: { analytics_events: { Row: { created_at: string | null; event_data: Json; event_type: string; id: string; ip_address: unknown; ... 4 more ...; user_agent: string | null; }; Insert: { ...; }; Update: { ...; }; Relationships: [...]; }; ... 29 more ...; webhook_logs: { ...; }; }; Views: {}; Functions: { ...; }; Enums: {}; CompositeTypes: {}; }, never, never, never>', gave the following error.
    Argument of type '"subscriptions"' is not assignable to parameter of type 'never'.
app/actions/billing.ts(454,36): error TS2339: Property 'stripe_customer_id' does not exist on type 'SelectQueryError<"column 'stripe_customer_id' does not exist on 'line_friends'."> | SelectQueryError<"column 'stripe_customer_id' does not exist on 'organizations'."> | ... 28 more ... | SelectQueryError<...>'.
  Property 'stripe_customer_id' does not exist on type 'SelectQueryError<"column 'stripe_customer_id' does not exist on 'line_friends'.">'.
app/actions/billing.ts(460,18): error TS2339: Property 'stripe_customer_id' does not exist on type 'SelectQueryError<"column 'stripe_customer_id' does not exist on 'line_friends'."> | SelectQueryError<"column 'stripe_customer_id' does not exist on 'organizations'."> | ... 28 more ... | SelectQueryError<...>'.
  Property 'stripe_customer_id' does not exist on type 'SelectQueryError<"column 'stripe_customer_id' does not exist on 'line_friends'.">'.
app/actions/billing.ts(466,11): error TS2769: No overload matches this call.
  Overload 1 of 2, '(relation: "line_friends" | "organizations" | "users" | "step_campaigns" | "forms" | "tags" | "line_channels" | "messages" | "reservation_types" | "schedules" | "schedule_slots" | ... 19 more ... | "webhook_logs"): PostgrestQueryBuilder<...>', gave the following error.
    Argument of type '"payment_methods"' is not assignable to parameter of type '"line_friends" | "organizations" | "users" | "step_campaigns" | "forms" | "tags" | "line_channels" | "messages" | "reservation_types" | "schedules" | "schedule_slots" | "rich_menus" | ... 18 more ... | "webhook_logs"'.
  Overload 2 of 2, '(relation: never): PostgrestQueryBuilder<{ PostgrestVersion: "13.0.5"; }, { Tables: { analytics_events: { Row: { created_at: string | null; event_data: Json; event_type: string; id: string; ip_address: unknown; ... 4 more ...; user_agent: string | null; }; Insert: { ...; }; Update: { ...; }; Relationships: [...]; }; ... 29 more ...; webhook_logs: { ...; }; }; Views: {}; Functions: { ...; }; Enums: {}; CompositeTypes: {}; }, never, never, never>', gave the following error.
    Argument of type '"payment_methods"' is not assignable to parameter of type 'never'.
app/actions/billing.ts(472,11): error TS2769: No overload matches this call.
  Overload 1 of 2, '(relation: "line_friends" | "organizations" | "users" | "step_campaigns" | "forms" | "tags" | "line_channels" | "messages" | "reservation_types" | "schedules" | "schedule_slots" | ... 19 more ... | "webhook_logs"): PostgrestQueryBuilder<...>', gave the following error.
    Argument of type '"payment_methods"' is not assignable to parameter of type '"line_friends" | "organizations" | "users" | "step_campaigns" | "forms" | "tags" | "line_channels" | "messages" | "reservation_types" | "schedules" | "schedule_slots" | "rich_menus" | ... 18 more ... | "webhook_logs"'.
  Overload 2 of 2, '(relation: never): PostgrestQueryBuilder<{ PostgrestVersion: "13.0.5"; }, { Tables: { analytics_events: { Row: { created_at: string | null; event_data: Json; event_type: string; id: string; ip_address: unknown; ... 4 more ...; user_agent: string | null; }; Insert: { ...; }; Update: { ...; }; Relationships: [...]; }; ... 29 more ...; webhook_logs: { ...; }; }; Views: {}; Functions: { ...; }; Enums: {}; CompositeTypes: {}; }, never, never, never>', gave the following error.
    Argument of type '"payment_methods"' is not assignable to parameter of type 'never'.
app/actions/billing.ts(495,11): error TS2769: No overload matches this call.
  Overload 1 of 2, '(relation: "line_friends" | "organizations" | "users" | "step_campaigns" | "forms" | "tags" | "line_channels" | "messages" | "reservation_types" | "schedules" | "schedule_slots" | ... 19 more ... | "webhook_logs"): PostgrestQueryBuilder<...>', gave the following error.
    Argument of type '"payment_methods"' is not assignable to parameter of type '"line_friends" | "organizations" | "users" | "step_campaigns" | "forms" | "tags" | "line_channels" | "messages" | "reservation_types" | "schedules" | "schedule_slots" | "rich_menus" | ... 18 more ... | "webhook_logs"'.
  Overload 2 of 2, '(relation: never): PostgrestQueryBuilder<{ PostgrestVersion: "13.0.5"; }, { Tables: { analytics_events: { Row: { created_at: string | null; event_data: Json; event_type: string; id: string; ip_address: unknown; ... 4 more ...; user_agent: string | null; }; Insert: { ...; }; Update: { ...; }; Relationships: [...]; }; ... 29 more ...; webhook_logs: { ...; }; }; Views: {}; Functions: { ...; }; Enums: {}; CompositeTypes: {}; }, never, never, never>', gave the following error.
    Argument of type '"payment_methods"' is not assignable to parameter of type 'never'.
app/actions/billing.ts(501,22): error TS2339: Property 'is_default' does not exist on type 'SelectQueryError<"column 'is_default' does not exist on 'line_friends'."> | SelectQueryError<"column 'is_default' does not exist on 'organizations'."> | ... 28 more ... | SelectQueryError<...>'.
  Property 'is_default' does not exist on type 'SelectQueryError<"column 'is_default' does not exist on 'line_friends'.">'.
app/actions/billing.ts(510,11): error TS2769: No overload matches this call.
  Overload 1 of 2, '(relation: "line_friends" | "organizations" | "users" | "step_campaigns" | "forms" | "tags" | "line_channels" | "messages" | "reservation_types" | "schedules" | "schedule_slots" | ... 19 more ... | "webhook_logs"): PostgrestQueryBuilder<...>', gave the following error.
    Argument of type '"payment_methods"' is not assignable to parameter of type '"line_friends" | "organizations" | "users" | "step_campaigns" | "forms" | "tags" | "line_channels" | "messages" | "reservation_types" | "schedules" | "schedule_slots" | "rich_menus" | ... 18 more ... | "webhook_logs"'.
  Overload 2 of 2, '(relation: never): PostgrestQueryBuilder<{ PostgrestVersion: "13.0.5"; }, { Tables: { analytics_events: { Row: { created_at: string | null; event_data: Json; event_type: string; id: string; ip_address: unknown; ... 4 more ...; user_agent: string | null; }; Insert: { ...; }; Update: { ...; }; Relationships: [...]; }; ... 29 more ...; webhook_logs: { ...; }; }; Views: {}; Functions: { ...; }; Enums: {}; CompositeTypes: {}; }, never, never, never>', gave the following error.
    Argument of type '"payment_methods"' is not assignable to parameter of type 'never'.
app/actions/billing.ts(530,11): error TS2769: No overload matches this call.
  Overload 1 of 2, '(relation: "line_friends" | "organizations" | "users" | "step_campaigns" | "forms" | "tags" | "line_channels" | "messages" | "reservation_types" | "schedules" | "schedule_slots" | ... 19 more ... | "webhook_logs"): PostgrestQueryBuilder<...>', gave the following error.
    Argument of type '"invoices"' is not assignable to parameter of type '"line_friends" | "organizations" | "users" | "step_campaigns" | "forms" | "tags" | "line_channels" | "messages" | "reservation_types" | "schedules" | "schedule_slots" | "rich_menus" | ... 18 more ... | "webhook_logs"'.
  Overload 2 of 2, '(relation: never): PostgrestQueryBuilder<{ PostgrestVersion: "13.0.5"; }, { Tables: { analytics_events: { Row: { created_at: string | null; event_data: Json; event_type: string; id: string; ip_address: unknown; ... 4 more ...; user_agent: string | null; }; Insert: { ...; }; Update: { ...; }; Relationships: [...]; }; ... 29 more ...; webhook_logs: { ...; }; }; Views: {}; Functions: { ...; }; Enums: {}; CompositeTypes: {}; }, never, never, never>', gave the following error.
    Argument of type '"invoices"' is not assignable to parameter of type 'never'.
app/actions/billing.ts(541,10): error TS2352: Conversion of type '({ created_at: string | null; event_data: Json; event_type: string; id: string; ip_address: unknown; line_friend_id: string | null; organization_id: string; referrer: string | null; session_id: string | null; user_agent: string | null; } | ... 29 more ... | { ...; })[]' to type 'Invoice[]' may be a mistake because neither type sufficiently overlaps with the other. If this was intentional, convert the expression to 'unknown' first.
  Type '{ created_at: string | null; event_data: Json; event_type: string; id: string; ip_address: unknown; line_friend_id: string | null; organization_id: string; referrer: string | null; session_id: string | null; user_agent: string | null; } | ... 29 more ... | { ...; }' is not comparable to type 'Invoice'.
    Type '{ created_at: string | null; error_message: string | null; event_type: string; id: string; line_channel_id: string | null; payload: Json; processed_at: string | null; status: string; }' is missing the following properties from type 'Invoice': organization_id, stripe_invoice_id, amount_total, amount_subtotal, and 10 more.
app/actions/billing.ts(553,11): error TS2769: No overload matches this call.
  Overload 1 of 2, '(relation: "line_friends" | "organizations" | "users" | "step_campaigns" | "forms" | "tags" | "line_channels" | "messages" | "reservation_types" | "schedules" | "schedule_slots" | ... 19 more ... | "webhook_logs"): PostgrestQueryBuilder<...>', gave the following error.
    Argument of type '"invoices"' is not assignable to parameter of type '"line_friends" | "organizations" | "users" | "step_campaigns" | "forms" | "tags" | "line_channels" | "messages" | "reservation_types" | "schedules" | "schedule_slots" | "rich_menus" | ... 18 more ... | "webhook_logs"'.
  Overload 2 of 2, '(relation: never): PostgrestQueryBuilder<{ PostgrestVersion: "13.0.5"; }, { Tables: { analytics_events: { Row: { created_at: string | null; event_data: Json; event_type: string; id: string; ip_address: unknown; ... 4 more ...; user_agent: string | null; }; Insert: { ...; }; Update: { ...; }; Relationships: [...]; }; ... 29 more ...; webhook_logs: { ...; }; }; Views: {}; Functions: { ...; }; Enums: {}; CompositeTypes: {}; }, never, never, never>', gave the following error.
    Argument of type '"invoices"' is not assignable to parameter of type 'never'.
app/actions/billing.ts(564,15): error TS2339: Property 'invoice_pdf_url' does not exist on type 'SelectQueryError<"column 'stripe_invoice_id' does not exist on 'line_friends'."> | SelectQueryError<"column 'stripe_invoice_id' does not exist on 'organizations'."> | ... 28 more ... | SelectQueryError<...>'.
  Property 'invoice_pdf_url' does not exist on type 'SelectQueryError<"column 'stripe_invoice_id' does not exist on 'line_friends'.">'.
app/actions/billing.ts(565,20): error TS2339: Property 'invoice_pdf_url' does not exist on type 'SelectQueryError<"column 'stripe_invoice_id' does not exist on 'line_friends'."> | SelectQueryError<"column 'stripe_invoice_id' does not exist on 'organizations'."> | ... 28 more ... | SelectQueryError<...>'.
  Property 'invoice_pdf_url' does not exist on type 'SelectQueryError<"column 'stripe_invoice_id' does not exist on 'line_friends'.">'.
app/actions/billing.ts(569,15): error TS2339: Property 'stripe_invoice_id' does not exist on type 'SelectQueryError<"column 'stripe_invoice_id' does not exist on 'line_friends'."> | SelectQueryError<"column 'stripe_invoice_id' does not exist on 'organizations'."> | ... 28 more ... | SelectQueryError<...>'.
  Property 'stripe_invoice_id' does not exist on type 'SelectQueryError<"column 'stripe_invoice_id' does not exist on 'line_friends'.">'.
app/actions/billing.ts(570,66): error TS2339: Property 'stripe_invoice_id' does not exist on type 'SelectQueryError<"column 'stripe_invoice_id' does not exist on 'line_friends'."> | SelectQueryError<"column 'stripe_invoice_id' does not exist on 'organizations'."> | ... 28 more ... | SelectQueryError<...>'.
  Property 'stripe_invoice_id' does not exist on type 'SelectQueryError<"column 'stripe_invoice_id' does not exist on 'line_friends'.">'.
app/actions/billing.ts(576,15): error TS2769: No overload matches this call.
  Overload 1 of 2, '(relation: "line_friends" | "organizations" | "users" | "step_campaigns" | "forms" | "tags" | "line_channels" | "messages" | "reservation_types" | "schedules" | "schedule_slots" | ... 19 more ... | "webhook_logs"): PostgrestQueryBuilder<...>', gave the following error.
    Argument of type '"invoices"' is not assignable to parameter of type '"line_friends" | "organizations" | "users" | "step_campaigns" | "forms" | "tags" | "line_channels" | "messages" | "reservation_types" | "schedules" | "schedule_slots" | "rich_menus" | ... 18 more ... | "webhook_logs"'.
  Overload 2 of 2, '(relation: never): PostgrestQueryBuilder<{ PostgrestVersion: "13.0.5"; }, { Tables: { analytics_events: { Row: { created_at: string | null; event_data: Json; event_type: string; id: string; ip_address: unknown; ... 4 more ...; user_agent: string | null; }; Insert: { ...; }; Update: { ...; }; Relationships: [...]; }; ... 29 more ...; webhook_logs: { ...; }; }; Views: {}; Functions: { ...; }; Enums: {}; CompositeTypes: {}; }, never, never, never>', gave the following error.
    Argument of type '"invoices"' is not assignable to parameter of type 'never'.
app/actions/billing.ts(577,19): error TS2353: Object literal may only specify known properties, and 'invoice_pdf_url' does not exist in type '{ created_at?: string | null | undefined; event_data?: Json | undefined; event_type?: string | undefined; id?: string | undefined; ip_address?: unknown; line_friend_id?: string | null | undefined; organization_id?: string | undefined; referrer?: string | ... 1 more ... | undefined; session_id?: string | ... 1 more ....'.
app/actions/campaigns.ts(50,8): error TS2769: No overload matches this call.
  Overload 1 of 2, '(values: { active_subscribers?: number | null | undefined; completed_subscribers?: number | null | undefined; created_at?: string | null | undefined; created_by?: string | null | undefined; ... 9 more ...; updated_at?: string | ... 1 more ... | undefined; }, options?: { ...; } | undefined): PostgrestFilterBuilder<...>', gave the following error.
    Argument of type '{ organization_id: string; created_by: string; status: string; name: string; description?: string; trigger_type: "friend_add" | "tag_add" | "form_submit" | "manual"; trigger_config?: Record<string, unknown>; line_channel_id: string; }' is not assignable to parameter of type '{ active_subscribers?: number | null | undefined; completed_subscribers?: number | null | undefined; created_at?: string | null | undefined; created_by?: string | null | undefined; ... 9 more ...; updated_at?: string | ... 1 more ... | undefined; }'.
      Types of property 'trigger_config' are incompatible.
        Type 'Record<string, unknown> | undefined' is not assignable to type 'Json | undefined'.
          Type 'Record<string, unknown>' is not assignable to type 'Json | undefined'.
            Type 'Record<string, unknown>' is missing the following properties from type 'Json[]': length, pop, push, concat, and 35 more.
  Overload 2 of 2, '(values: { active_subscribers?: number | null | undefined; completed_subscribers?: number | null | undefined; created_at?: string | null | undefined; created_by?: string | null | undefined; ... 9 more ...; updated_at?: string | ... 1 more ... | undefined; }[], options?: { ...; } | undefined): PostgrestFilterBuilder<...>', gave the following error.
    Object literal may only specify known properties, and 'organization_id' does not exist in type '{ active_subscribers?: number | null | undefined; completed_subscribers?: number | null | undefined; created_at?: string | null | undefined; created_by?: string | null | undefined; ... 9 more ...; updated_at?: string | ... 1 more ... | undefined; }[]'.
app/actions/campaigns.ts(71,13): error TS2769: No overload matches this call.
  Overload 1 of 2, '(relation: "line_friends" | "organizations" | "users" | "step_campaigns" | "forms" | "tags" | "line_channels" | "messages" | "reservation_types" | "schedules" | "schedule_slots" | ... 19 more ... | "webhook_logs"): PostgrestQueryBuilder<...>', gave the following error.
    Argument of type '"step_campaign_steps"' is not assignable to parameter of type '"line_friends" | "organizations" | "users" | "step_campaigns" | "forms" | "tags" | "line_channels" | "messages" | "reservation_types" | "schedules" | "schedule_slots" | "rich_menus" | ... 18 more ... | "webhook_logs"'.
  Overload 2 of 2, '(relation: never): PostgrestQueryBuilder<{ PostgrestVersion: "13.0.5"; }, { Tables: { analytics_events: { Row: { created_at: string | null; event_data: Json; event_type: string; id: string; ip_address: unknown; ... 4 more ...; user_agent: string | null; }; Insert: { ...; }; Update: { ...; }; Relationships: [...]; }; ... 29 more ...; webhook_logs: { ...; }; }; Views: {}; Functions: { ...; }; Enums: {}; CompositeTypes: {}; }, never, never, never>', gave the following error.
    Argument of type '"step_campaign_steps"' is not assignable to parameter of type 'never'.
app/actions/campaigns.ts(72,15): error TS2769: No overload matches this call.
  Overload 1 of 2, '(values: { created_at?: string | null | undefined; event_data?: Json | undefined; event_type: string; id?: string | undefined; ip_address?: unknown; line_friend_id?: string | null | undefined; organization_id: string; referrer?: string | ... 1 more ... | undefined; session_id?: string | ... 1 more ... | undefined; user_agent?: string | ... 1 more ... | undefined; } | ... 29 more ... | { ...; }, options?: { ...; } | undefined): PostgrestFilterBuilder<...>', gave the following error.
    Argument of type '{ step_campaign_id: string; step_number: number; name: string; delay_value: number; delay_unit: "minutes" | "hours" | "days"; message_type: "text" | "image" | "video" | "flex" | "template"; message_content: Record<...>; condition?: Record<...> | undefined; }[]' is not assignable to parameter of type '{ created_at?: string | null | undefined; event_data?: Json | undefined; event_type: string; id?: string | undefined; ip_address?: unknown; line_friend_id?: string | null | undefined; organization_id: string; referrer?: string | ... 1 more ... | undefined; session_id?: string | ... 1 more ... | undefined; user_agent...'.
  Overload 2 of 2, '(values: ({ created_at?: string | null | undefined; event_data?: Json | undefined; event_type: string; id?: string | undefined; ip_address?: unknown; line_friend_id?: string | null | undefined; organization_id: string; referrer?: string | ... 1 more ... | undefined; session_id?: string | ... 1 more ... | undefined; user_agent?: string | ... 1 more ... | undefined; } | ... 29 more ... | { ...; })[], options?: { ...; } | undefined): PostgrestFilterBuilder<...>', gave the following error.
    Argument of type '{ step_campaign_id: string; step_number: number; name: string; delay_value: number; delay_unit: "minutes" | "hours" | "days"; message_type: "text" | "image" | "video" | "flex" | "template"; message_content: Record<...>; condition?: Record<...> | undefined; }[]' is not assignable to parameter of type '({ created_at?: string | null | undefined; event_data?: Json | undefined; event_type: string; id?: string | undefined; ip_address?: unknown; line_friend_id?: string | null | undefined; organization_id: string; referrer?: string | ... 1 more ... | undefined; session_id?: string | ... 1 more ... | undefined; user_agen...'.
      Type '{ step_campaign_id: string; step_number: number; name: string; delay_value: number; delay_unit: "minutes" | "hours" | "days"; message_type: "text" | "image" | "video" | "flex" | "template"; message_content: Record<string, unknown>; condition?: Record<string, unknown>; }' is not assignable to type '{ created_at?: string | null | undefined; event_data?: Json | undefined; event_type: string; id?: string | undefined; ip_address?: unknown; line_friend_id?: string | null | undefined; organization_id: string; referrer?: string | ... 1 more ... | undefined; session_id?: string | ... 1 more ... | undefined; user_agent...'.
        Type '{ step_campaign_id: string; step_number: number; name: string; delay_value: number; delay_unit: "minutes" | "hours" | "days"; message_type: "text" | "image" | "video" | "flex" | "template"; message_content: Record<string, unknown>; condition?: Record<string, unknown>; }' is not assignable to type '{ condition?: Json | undefined; created_at?: string | null | undefined; delay_unit: string; delay_value: number; id?: string | undefined; message_content: Json; message_type: string; name: string; step_campaign_id: string; step_number: number; updated_at?: string | ... 1 more ... | undefined; }'.
          Types of property 'condition' are incompatible.
            Type 'Record<string, unknown> | undefined' is not assignable to type 'Json | undefined'.
              Type 'Record<string, unknown>' is not assignable to type 'Json | undefined'.
                Type 'Record<string, unknown>' is missing the following properties from type 'Json[]': length, pop, push, concat, and 35 more.
app/actions/campaigns.ts(100,15): error TS2345: Argument of type 'Partial<StepCampaignInput>' is not assignable to parameter of type '{ active_subscribers?: number | null | undefined; completed_subscribers?: number | null | undefined; created_at?: string | null | undefined; created_by?: string | null | undefined; ... 9 more ...; updated_at?: string | ... 1 more ... | undefined; }'.
  Types of property 'trigger_config' are incompatible.
    Type 'Record<string, unknown> | undefined' is not assignable to type 'Json | undefined'.
      Type 'Record<string, unknown>' is not assignable to type 'Json | undefined'.
        Type 'Record<string, unknown>' is missing the following properties from type 'Json[]': length, pop, push, concat, and 35 more.
app/actions/campaigns.ts(113,15): error TS2769: No overload matches this call.
  Overload 1 of 2, '(relation: "line_friends" | "organizations" | "users" | "step_campaigns" | "forms" | "tags" | "line_channels" | "messages" | "reservation_types" | "schedules" | "schedule_slots" | ... 19 more ... | "webhook_logs"): PostgrestQueryBuilder<...>', gave the following error.
    Argument of type '"step_campaign_steps"' is not assignable to parameter of type '"line_friends" | "organizations" | "users" | "step_campaigns" | "forms" | "tags" | "line_channels" | "messages" | "reservation_types" | "schedules" | "schedule_slots" | "rich_menus" | ... 18 more ... | "webhook_logs"'.
  Overload 2 of 2, '(relation: never): PostgrestQueryBuilder<{ PostgrestVersion: "13.0.5"; }, { Tables: { analytics_events: { Row: { created_at: string | null; event_data: Json; event_type: string; id: string; ip_address: unknown; ... 4 more ...; user_agent: string | null; }; Insert: { ...; }; Update: { ...; }; Relationships: [...]; }; ... 29 more ...; webhook_logs: { ...; }; }; Views: {}; Functions: { ...; }; Enums: {}; CompositeTypes: {}; }, never, never, never>', gave the following error.
    Argument of type '"step_campaign_steps"' is not assignable to parameter of type 'never'.
app/actions/campaigns.ts(124,15): error TS2769: No overload matches this call.
  Overload 1 of 2, '(relation: "line_friends" | "organizations" | "users" | "step_campaigns" | "forms" | "tags" | "line_channels" | "messages" | "reservation_types" | "schedules" | "schedule_slots" | ... 19 more ... | "webhook_logs"): PostgrestQueryBuilder<...>', gave the following error.
    Argument of type '"step_campaign_steps"' is not assignable to parameter of type '"line_friends" | "organizations" | "users" | "step_campaigns" | "forms" | "tags" | "line_channels" | "messages" | "reservation_types" | "schedules" | "schedule_slots" | "rich_menus" | ... 18 more ... | "webhook_logs"'.
  Overload 2 of 2, '(relation: never): PostgrestQueryBuilder<{ PostgrestVersion: "13.0.5"; }, { Tables: { analytics_events: { Row: { created_at: string | null; event_data: Json; event_type: string; id: string; ip_address: unknown; ... 4 more ...; user_agent: string | null; }; Insert: { ...; }; Update: { ...; }; Relationships: [...]; }; ... 29 more ...; webhook_logs: { ...; }; }; Views: {}; Functions: { ...; }; Enums: {}; CompositeTypes: {}; }, never, never, never>', gave the following error.
    Argument of type '"step_campaign_steps"' is not assignable to parameter of type 'never'.
app/actions/campaigns.ts(125,17): error TS2769: No overload matches this call.
  Overload 1 of 2, '(values: { created_at?: string | null | undefined; event_data?: Json | undefined; event_type: string; id?: string | undefined; ip_address?: unknown; line_friend_id?: string | null | undefined; organization_id: string; referrer?: string | ... 1 more ... | undefined; session_id?: string | ... 1 more ... | undefined; user_agent?: string | ... 1 more ... | undefined; } | ... 29 more ... | { ...; }, options?: { ...; } | undefined): PostgrestFilterBuilder<...>', gave the following error.
    Argument of type '{ step_campaign_id: string; step_number: number; name: string; delay_value: number; delay_unit: "minutes" | "hours" | "days"; message_type: "text" | "image" | "video" | "flex" | "template"; message_content: Record<...>; condition?: Record<...> | undefined; }[]' is not assignable to parameter of type '{ created_at?: string | null | undefined; event_data?: Json | undefined; event_type: string; id?: string | undefined; ip_address?: unknown; line_friend_id?: string | null | undefined; organization_id: string; referrer?: string | ... 1 more ... | undefined; session_id?: string | ... 1 more ... | undefined; user_agent...'.
  Overload 2 of 2, '(values: ({ created_at?: string | null | undefined; event_data?: Json | undefined; event_type: string; id?: string | undefined; ip_address?: unknown; line_friend_id?: string | null | undefined; organization_id: string; referrer?: string | ... 1 more ... | undefined; session_id?: string | ... 1 more ... | undefined; user_agent?: string | ... 1 more ... | undefined; } | ... 29 more ... | { ...; })[], options?: { ...; } | undefined): PostgrestFilterBuilder<...>', gave the following error.
    Argument of type '{ step_campaign_id: string; step_number: number; name: string; delay_value: number; delay_unit: "minutes" | "hours" | "days"; message_type: "text" | "image" | "video" | "flex" | "template"; message_content: Record<...>; condition?: Record<...> | undefined; }[]' is not assignable to parameter of type '({ created_at?: string | null | undefined; event_data?: Json | undefined; event_type: string; id?: string | undefined; ip_address?: unknown; line_friend_id?: string | null | undefined; organization_id: string; referrer?: string | ... 1 more ... | undefined; session_id?: string | ... 1 more ... | undefined; user_agen...'.
      Type '{ step_campaign_id: string; step_number: number; name: string; delay_value: number; delay_unit: "minutes" | "hours" | "days"; message_type: "text" | "image" | "video" | "flex" | "template"; message_content: Record<string, unknown>; condition?: Record<string, unknown>; }' is not assignable to type '{ created_at?: string | null | undefined; event_data?: Json | undefined; event_type: string; id?: string | undefined; ip_address?: unknown; line_friend_id?: string | null | undefined; organization_id: string; referrer?: string | ... 1 more ... | undefined; session_id?: string | ... 1 more ... | undefined; user_agent...'.
        Type '{ step_campaign_id: string; step_number: number; name: string; delay_value: number; delay_unit: "minutes" | "hours" | "days"; message_type: "text" | "image" | "video" | "flex" | "template"; message_content: Record<string, unknown>; condition?: Record<string, unknown>; }' is not assignable to type '{ condition?: Json | undefined; created_at?: string | null | undefined; delay_unit: string; delay_value: number; id?: string | undefined; message_content: Json; message_type: string; name: string; step_campaign_id: string; step_number: number; updated_at?: string | ... 1 more ... | undefined; }'.
          Types of property 'condition' are incompatible.
            Type 'Record<string, unknown> | undefined' is not assignable to type 'Json | undefined'.
              Type 'Record<string, unknown>' is not assignable to type 'Json | undefined'.
                Type 'Record<string, unknown>' is missing the following properties from type 'Json[]': length, pop, push, concat, and 35 more.
app/actions/campaigns.ts(262,59): error TS2339: Property 'map' does not exist on type 'SelectQueryError<"could not find the relation between step_campaigns and step_campaign_steps">'.
app/actions/campaigns.ts(274,13): error TS2769: No overload matches this call.
  Overload 1 of 2, '(relation: "line_friends" | "organizations" | "users" | "step_campaigns" | "forms" | "tags" | "line_channels" | "messages" | "reservation_types" | "schedules" | "schedule_slots" | ... 19 more ... | "webhook_logs"): PostgrestQueryBuilder<...>', gave the following error.
    Argument of type '"step_campaign_steps"' is not assignable to parameter of type '"line_friends" | "organizations" | "users" | "step_campaigns" | "forms" | "tags" | "line_channels" | "messages" | "reservation_types" | "schedules" | "schedule_slots" | "rich_menus" | ... 18 more ... | "webhook_logs"'.
  Overload 2 of 2, '(relation: never): PostgrestQueryBuilder<{ PostgrestVersion: "13.0.5"; }, { Tables: { analytics_events: { Row: { created_at: string | null; event_data: Json; event_type: string; id: string; ip_address: unknown; ... 4 more ...; user_agent: string | null; }; Insert: { ...; }; Update: { ...; }; Relationships: [...]; }; ... 29 more ...; webhook_logs: { ...; }; }; Views: {}; Functions: { ...; }; Enums: {}; CompositeTypes: {}; }, never, never, never>', gave the following error.
    Argument of type '"step_campaign_steps"' is not assignable to parameter of type 'never'.
app/actions/cross-analysis.ts(104,3): error TS2322: Type '{ x_value: string; y_value: unknown; }[]' is not assignable to type '{ x_value: string; y_value: number; metadata?: Record<string, unknown> | undefined; }[]'.
  Type '{ x_value: string; y_value: unknown; }' is not assignable to type '{ x_value: string; y_value: number; metadata?: Record<string, unknown> | undefined; }'.
    Types of property 'y_value' are incompatible.
      Type 'unknown' is not assignable to type 'number'.
app/actions/cross-analysis.ts(140,3): error TS2322: Type '{ x_value: string; y_value: unknown; }[]' is not assignable to type '{ x_value: string; y_value: number; metadata?: Record<string, unknown> | undefined; }[]'.
  Type '{ x_value: string; y_value: unknown; }' is not assignable to type '{ x_value: string; y_value: number; metadata?: Record<string, unknown> | undefined; }'.
    Types of property 'y_value' are incompatible.
      Type 'unknown' is not assignable to type 'number'.
app/actions/cross-analysis.ts(190,16): error TS18046: 'stats' is of type 'unknown'.
app/actions/cross-analysis.ts(190,45): error TS18046: 'stats' is of type 'unknown'.
app/actions/cross-analysis.ts(190,63): error TS18046: 'stats' is of type 'unknown'.
app/actions/cross-analysis.ts(192,15): error TS18046: 'stats' is of type 'unknown'.
app/actions/cross-analysis.ts(193,20): error TS18046: 'stats' is of type 'unknown'.
app/actions/cross-analysis.ts(243,16): error TS18046: 'stats' is of type 'unknown'.
app/actions/cross-analysis.ts(243,50): error TS18046: 'stats' is of type 'unknown'.
app/actions/cross-analysis.ts(243,66): error TS18046: 'stats' is of type 'unknown'.
app/actions/cross-analysis.ts(245,20): error TS18046: 'stats' is of type 'unknown'.
app/actions/cross-analysis.ts(246,18): error TS18046: 'stats' is of type 'unknown'.
app/actions/cross-analysis.ts(362,14): error TS18046: 'stats' is of type 'unknown'.
app/actions/cross-analysis.ts(362,43): error TS18046: 'stats' is of type 'unknown'.
app/actions/cross-analysis.ts(362,61): error TS18046: 'stats' is of type 'unknown'.
app/actions/cross-analysis.ts(364,13): error TS18046: 'stats' is of type 'unknown'.
app/actions/cross-analysis.ts(365,18): error TS18046: 'stats' is of type 'unknown'.
app/actions/cross-analysis.ts(411,14): error TS18046: 'stats' is of type 'unknown'.
app/actions/cross-analysis.ts(411,48): error TS18046: 'stats' is of type 'unknown'.
app/actions/cross-analysis.ts(411,64): error TS18046: 'stats' is of type 'unknown'.
app/actions/cross-analysis.ts(413,18): error TS18046: 'stats' is of type 'unknown'.
app/actions/cross-analysis.ts(414,16): error TS18046: 'stats' is of type 'unknown'.
app/actions/custom-reports.ts(60,11): error TS2769: No overload matches this call.
  Overload 1 of 2, '(relation: "line_friends" | "organizations" | "users" | "step_campaigns" | "forms" | "tags" | "line_channels" | "messages" | "reservation_types" | "schedules" | "schedule_slots" | ... 19 more ... | "webhook_logs"): PostgrestQueryBuilder<...>', gave the following error.
    Argument of type '"custom_reports"' is not assignable to parameter of type '"line_friends" | "organizations" | "users" | "step_campaigns" | "forms" | "tags" | "line_channels" | "messages" | "reservation_types" | "schedules" | "schedule_slots" | "rich_menus" | ... 18 more ... | "webhook_logs"'.
  Overload 2 of 2, '(relation: never): PostgrestQueryBuilder<{ PostgrestVersion: "13.0.5"; }, { Tables: { analytics_events: { Row: { created_at: string | null; event_data: Json; event_type: string; id: string; ip_address: unknown; ... 4 more ...; user_agent: string | null; }; Insert: { ...; }; Update: { ...; }; Relationships: [...]; }; ... 29 more ...; webhook_logs: { ...; }; }; Views: {}; Functions: { ...; }; Enums: {}; CompositeTypes: {}; }, never, never, never>', gave the following error.
    Argument of type '"custom_reports"' is not assignable to parameter of type 'never'.
app/actions/custom-reports.ts(70,10): error TS2352: Conversion of type '({ created_at: string | null; event_data: Json; event_type: string; id: string; ip_address: unknown; line_friend_id: string | null; organization_id: string; referrer: string | null; session_id: string | null; user_agent: string | null; } | ... 29 more ... | { ...; })[]' to type 'CustomReport[]' may be a mistake because neither type sufficiently overlaps with the other. If this was intentional, convert the expression to 'unknown' first.
  Type '{ created_at: string | null; event_data: Json; event_type: string; id: string; ip_address: unknown; line_friend_id: string | null; organization_id: string; referrer: string | null; session_id: string | null; user_agent: string | null; } | ... 29 more ... | { ...; }' is not comparable to type 'CustomReport'.
    Type '{ created_at: string | null; error_message: string | null; event_type: string; id: string; line_channel_id: string | null; payload: Json; processed_at: string | null; status: string; }' is missing the following properties from type 'CustomReport': name, format, dateRange, metrics, and 5 more.
app/actions/custom-reports.ts(90,11): error TS2769: No overload matches this call.
  Overload 1 of 2, '(relation: "line_friends" | "organizations" | "users" | "step_campaigns" | "forms" | "tags" | "line_channels" | "messages" | "reservation_types" | "schedules" | "schedule_slots" | ... 19 more ... | "webhook_logs"): PostgrestQueryBuilder<...>', gave the following error.
    Argument of type '"custom_reports"' is not assignable to parameter of type '"line_friends" | "organizations" | "users" | "step_campaigns" | "forms" | "tags" | "line_channels" | "messages" | "reservation_types" | "schedules" | "schedule_slots" | "rich_menus" | ... 18 more ... | "webhook_logs"'.
  Overload 2 of 2, '(relation: never): PostgrestQueryBuilder<{ PostgrestVersion: "13.0.5"; }, { Tables: { analytics_events: { Row: { created_at: string | null; event_data: Json; event_type: string; id: string; ip_address: unknown; ... 4 more ...; user_agent: string | null; }; Insert: { ...; }; Update: { ...; }; Relationships: [...]; }; ... 29 more ...; webhook_logs: { ...; }; }; Views: {}; Functions: { ...; }; Enums: {}; CompositeTypes: {}; }, never, never, never>', gave the following error.
    Argument of type '"custom_reports"' is not assignable to parameter of type 'never'.
app/actions/custom-reports.ts(101,10): error TS2352: Conversion of type '{ created_at: string | null; event_data: Json; event_type: string; id: string; ip_address: unknown; line_friend_id: string | null; organization_id: string; referrer: string | null; session_id: string | null; user_agent: string | null; } | ... 29 more ... | { ...; }' to type 'CustomReport' may be a mistake because neither type sufficiently overlaps with the other. If this was intentional, convert the expression to 'unknown' first.
  Type '{ created_at: string | null; error_message: string | null; event_type: string; id: string; line_channel_id: string | null; payload: Json; processed_at: string | null; status: string; }' is missing the following properties from type 'CustomReport': name, format, dateRange, metrics, and 5 more.
app/actions/custom-reports.ts(140,11): error TS2769: No overload matches this call.
  Overload 1 of 2, '(relation: "line_friends" | "organizations" | "users" | "step_campaigns" | "forms" | "tags" | "line_channels" | "messages" | "reservation_types" | "schedules" | "schedule_slots" | ... 19 more ... | "webhook_logs"): PostgrestQueryBuilder<...>', gave the following error.
    Argument of type '"custom_reports"' is not assignable to parameter of type '"line_friends" | "organizations" | "users" | "step_campaigns" | "forms" | "tags" | "line_channels" | "messages" | "reservation_types" | "schedules" | "schedule_slots" | "rich_menus" | ... 18 more ... | "webhook_logs"'.
  Overload 2 of 2, '(relation: never): PostgrestQueryBuilder<{ PostgrestVersion: "13.0.5"; }, { Tables: { analytics_events: { Row: { created_at: string | null; event_data: Json; event_type: string; id: string; ip_address: unknown; ... 4 more ...; user_agent: string | null; }; Insert: { ...; }; Update: { ...; }; Relationships: [...]; }; ... 29 more ...; webhook_logs: { ...; }; }; Views: {}; Functions: { ...; }; Enums: {}; CompositeTypes: {}; }, never, never, never>', gave the following error.
    Argument of type '"custom_reports"' is not assignable to parameter of type 'never'.
app/actions/custom-reports.ts(162,10): error TS2352: Conversion of type '{ created_at: string | null; event_data: Json; event_type: string; id: string; ip_address: unknown; line_friend_id: string | null; organization_id: string; referrer: string | null; session_id: string | null; user_agent: string | null; } | ... 29 more ... | { ...; }' to type 'CustomReport' may be a mistake because neither type sufficiently overlaps with the other. If this was intentional, convert the expression to 'unknown' first.
  Type '{ created_at: string | null; error_message: string | null; event_type: string; id: string; line_channel_id: string | null; payload: Json; processed_at: string | null; status: string; }' is missing the following properties from type 'CustomReport': name, format, dateRange, metrics, and 5 more.
app/actions/custom-reports.ts(186,11): error TS2769: No overload matches this call.
  Overload 1 of 2, '(relation: "line_friends" | "organizations" | "users" | "step_campaigns" | "forms" | "tags" | "line_channels" | "messages" | "reservation_types" | "schedules" | "schedule_slots" | ... 19 more ... | "webhook_logs"): PostgrestQueryBuilder<...>', gave the following error.
    Argument of type '"custom_reports"' is not assignable to parameter of type '"line_friends" | "organizations" | "users" | "step_campaigns" | "forms" | "tags" | "line_channels" | "messages" | "reservation_types" | "schedules" | "schedule_slots" | "rich_menus" | ... 18 more ... | "webhook_logs"'.
  Overload 2 of 2, '(relation: never): PostgrestQueryBuilder<{ PostgrestVersion: "13.0.5"; }, { Tables: { analytics_events: { Row: { created_at: string | null; event_data: Json; event_type: string; id: string; ip_address: unknown; ... 4 more ...; user_agent: string | null; }; Insert: { ...; }; Update: { ...; }; Relationships: [...]; }; ... 29 more ...; webhook_logs: { ...; }; }; Views: {}; Functions: { ...; }; Enums: {}; CompositeTypes: {}; }, never, never, never>', gave the following error.
    Argument of type '"custom_reports"' is not assignable to parameter of type 'never'.
app/actions/custom-reports.ts(214,11): error TS2769: No overload matches this call.
  Overload 1 of 2, '(relation: "line_friends" | "organizations" | "users" | "step_campaigns" | "forms" | "tags" | "line_channels" | "messages" | "reservation_types" | "schedules" | "schedule_slots" | ... 19 more ... | "webhook_logs"): PostgrestQueryBuilder<...>', gave the following error.
    Argument of type '"custom_reports"' is not assignable to parameter of type '"line_friends" | "organizations" | "users" | "step_campaigns" | "forms" | "tags" | "line_channels" | "messages" | "reservation_types" | "schedules" | "schedule_slots" | "rich_menus" | ... 18 more ... | "webhook_logs"'.
  Overload 2 of 2, '(relation: never): PostgrestQueryBuilder<{ PostgrestVersion: "13.0.5"; }, { Tables: { analytics_events: { Row: { created_at: string | null; event_data: Json; event_type: string; id: string; ip_address: unknown; ... 4 more ...; user_agent: string | null; }; Insert: { ...; }; Update: { ...; }; Relationships: [...]; }; ... 29 more ...; webhook_logs: { ...; }; }; Views: {}; Functions: { ...; }; Enums: {}; CompositeTypes: {}; }, never, never, never>', gave the following error.
    Argument of type '"custom_reports"' is not assignable to parameter of type 'never'.
app/actions/custom-reports.ts(230,10): error TS2352: Conversion of type '{ created_at: string | null; event_data: Json; event_type: string; id: string; ip_address: unknown; line_friend_id: string | null; organization_id: string; referrer: string | null; session_id: string | null; user_agent: string | null; } | ... 29 more ... | { ...; }' to type 'CustomReport' may be a mistake because neither type sufficiently overlaps with the other. If this was intentional, convert the expression to 'unknown' first.
  Type '{ created_at: string | null; error_message: string | null; event_type: string; id: string; line_channel_id: string | null; payload: Json; processed_at: string | null; status: string; }' is missing the following properties from type 'CustomReport': name, format, dateRange, metrics, and 5 more.
app/actions/custom-reports.ts(251,11): error TS2769: No overload matches this call.
  Overload 1 of 2, '(relation: "line_friends" | "organizations" | "users" | "step_campaigns" | "forms" | "tags" | "line_channels" | "messages" | "reservation_types" | "schedules" | "schedule_slots" | ... 19 more ... | "webhook_logs"): PostgrestQueryBuilder<...>', gave the following error.
    Argument of type '"custom_reports"' is not assignable to parameter of type '"line_friends" | "organizations" | "users" | "step_campaigns" | "forms" | "tags" | "line_channels" | "messages" | "reservation_types" | "schedules" | "schedule_slots" | "rich_menus" | ... 18 more ... | "webhook_logs"'.
  Overload 2 of 2, '(relation: never): PostgrestQueryBuilder<{ PostgrestVersion: "13.0.5"; }, { Tables: { analytics_events: { Row: { created_at: string | null; event_data: Json; event_type: string; id: string; ip_address: unknown; ... 4 more ...; user_agent: string | null; }; Insert: { ...; }; Update: { ...; }; Relationships: [...]; }; ... 29 more ...; webhook_logs: { ...; }; }; Views: {}; Functions: { ...; }; Enums: {}; CompositeTypes: {}; }, never, never, never>', gave the following error.
    Argument of type '"custom_reports"' is not assignable to parameter of type 'never'.
app/actions/custom-reports.ts(262,11): error TS2769: No overload matches this call.
  Overload 1 of 2, '(relation: "line_friends" | "organizations" | "users" | "step_campaigns" | "forms" | "tags" | "line_channels" | "messages" | "reservation_types" | "schedules" | "schedule_slots" | ... 19 more ... | "webhook_logs"): PostgrestQueryBuilder<...>', gave the following error.
    Argument of type '"custom_reports"' is not assignable to parameter of type '"line_friends" | "organizations" | "users" | "step_campaigns" | "forms" | "tags" | "line_channels" | "messages" | "reservation_types" | "schedules" | "schedule_slots" | "rich_menus" | ... 18 more ... | "webhook_logs"'.
  Overload 2 of 2, '(relation: never): PostgrestQueryBuilder<{ PostgrestVersion: "13.0.5"; }, { Tables: { analytics_events: { Row: { created_at: string | null; event_data: Json; event_type: string; id: string; ip_address: unknown; ... 4 more ...; user_agent: string | null; }; Insert: { ...; }; Update: { ...; }; Relationships: [...]; }; ... 29 more ...; webhook_logs: { ...; }; }; Views: {}; Functions: { ...; }; Enums: {}; CompositeTypes: {}; }, never, never, never>', gave the following error.
    Argument of type '"custom_reports"' is not assignable to parameter of type 'never'.
app/actions/custom-reports.ts(293,11): error TS2769: No overload matches this call.
  Overload 1 of 2, '(relation: "line_friends" | "organizations" | "users" | "step_campaigns" | "forms" | "tags" | "line_channels" | "messages" | "reservation_types" | "schedules" | "schedule_slots" | ... 19 more ... | "webhook_logs"): PostgrestQueryBuilder<...>', gave the following error.
    Argument of type '"custom_reports"' is not assignable to parameter of type '"line_friends" | "organizations" | "users" | "step_campaigns" | "forms" | "tags" | "line_channels" | "messages" | "reservation_types" | "schedules" | "schedule_slots" | "rich_menus" | ... 18 more ... | "webhook_logs"'.
  Overload 2 of 2, '(relation: never): PostgrestQueryBuilder<{ PostgrestVersion: "13.0.5"; }, { Tables: { analytics_events: { Row: { created_at: string | null; event_data: Json; event_type: string; id: string; ip_address: unknown; ... 4 more ...; user_agent: string | null; }; Insert: { ...; }; Update: { ...; }; Relationships: [...]; }; ... 29 more ...; webhook_logs: { ...; }; }; Views: {}; Functions: { ...; }; Enums: {}; CompositeTypes: {}; }, never, never, never>', gave the following error.
    Argument of type '"custom_reports"' is not assignable to parameter of type 'never'.
app/actions/custom-reports.ts(305,11): error TS2769: No overload matches this call.
  Overload 1 of 2, '(relation: "line_friends" | "organizations" | "users" | "step_campaigns" | "forms" | "tags" | "line_channels" | "messages" | "reservation_types" | "schedules" | "schedule_slots" | ... 19 more ... | "webhook_logs"): PostgrestQueryBuilder<...>', gave the following error.
    Argument of type '"report_executions"' is not assignable to parameter of type '"line_friends" | "organizations" | "users" | "step_campaigns" | "forms" | "tags" | "line_channels" | "messages" | "reservation_types" | "schedules" | "schedule_slots" | "rich_menus" | ... 18 more ... | "webhook_logs"'.
  Overload 2 of 2, '(relation: never): PostgrestQueryBuilder<{ PostgrestVersion: "13.0.5"; }, { Tables: { analytics_events: { Row: { created_at: string | null; event_data: Json; event_type: string; id: string; ip_address: unknown; ... 4 more ...; user_agent: string | null; }; Insert: { ...; }; Update: { ...; }; Relationships: [...]; }; ... 29 more ...; webhook_logs: { ...; }; }; Views: {}; Functions: { ...; }; Enums: {}; CompositeTypes: {}; }, never, never, never>', gave the following error.
    Argument of type '"report_executions"' is not assignable to parameter of type 'never'.
app/actions/custom-reports.ts(307,7): error TS2769: No overload matches this call.
  Overload 1 of 2, '(values: { created_at?: string | null | undefined; event_data?: Json | undefined; event_type: string; id?: string | undefined; ip_address?: unknown; line_friend_id?: string | null | undefined; organization_id: string; referrer?: string | ... 1 more ... | undefined; session_id?: string | ... 1 more ... | undefined; user_agent?: string | ... 1 more ... | undefined; } | ... 29 more ... | { ...; }, options?: { ...; } | undefined): PostgrestFilterBuilder<...>', gave the following error.
    Object literal may only specify known properties, and 'report_id' does not exist in type '{ created_at?: string | null | undefined; event_data?: Json | undefined; event_type: string; id?: string | undefined; ip_address?: unknown; line_friend_id?: string | null | undefined; organization_id: string; referrer?: string | ... 1 more ... | undefined; session_id?: string | ... 1 more ... | undefined; user_agent...'.
  Overload 2 of 2, '(values: ({ created_at?: string | null | undefined; event_data?: Json | undefined; event_type: string; id?: string | undefined; ip_address?: unknown; line_friend_id?: string | null | undefined; organization_id: string; referrer?: string | ... 1 more ... | undefined; session_id?: string | ... 1 more ... | undefined; user_agent?: string | ... 1 more ... | undefined; } | ... 29 more ... | { ...; })[], options?: { ...; } | undefined): PostgrestFilterBuilder<...>', gave the following error.
    Object literal may only specify known properties, and 'report_id' does not exist in type '({ created_at?: string | null | undefined; event_data?: Json | undefined; event_type: string; id?: string | undefined; ip_address?: unknown; line_friend_id?: string | null | undefined; organization_id: string; referrer?: string | ... 1 more ... | undefined; session_id?: string | ... 1 more ... | undefined; user_agen...'.
app/actions/custom-reports.ts(326,34): error TS2339: Property 'format' does not exist on type '{ created_at: string | null; event_data: Json; event_type: string; id: string; ip_address: unknown; line_friend_id: string | null; organization_id: string; referrer: string | null; session_id: string | null; user_agent: string | null; } | ... 29 more ... | { ...; }'.
  Property 'format' does not exist on type '{ created_at: string | null; event_data: Json; event_type: string; id: string; ip_address: unknown; line_friend_id: string | null; organization_id: string; referrer: string | null; session_id: string | null; user_agent: string | null; }'.
app/actions/custom-reports.ts(326,71): error TS2339: Property 'format' does not exist on type '{ created_at: string | null; event_data: Json; event_type: string; id: string; ip_address: unknown; line_friend_id: string | null; organization_id: string; referrer: string | null; session_id: string | null; user_agent: string | null; } | ... 29 more ... | { ...; }'.
  Property 'format' does not exist on type '{ created_at: string | null; event_data: Json; event_type: string; id: string; ip_address: unknown; line_friend_id: string | null; organization_id: string; referrer: string | null; session_id: string | null; user_agent: string | null; }'.
app/actions/custom-reports.ts(332,13): error TS2769: No overload matches this call.
  Overload 1 of 2, '(relation: "line_friends" | "organizations" | "users" | "step_campaigns" | "forms" | "tags" | "line_channels" | "messages" | "reservation_types" | "schedules" | "schedule_slots" | ... 19 more ... | "webhook_logs"): PostgrestQueryBuilder<...>', gave the following error.
    Argument of type '"report_executions"' is not assignable to parameter of type '"line_friends" | "organizations" | "users" | "step_campaigns" | "forms" | "tags" | "line_channels" | "messages" | "reservation_types" | "schedules" | "schedule_slots" | "rich_menus" | ... 18 more ... | "webhook_logs"'.
  Overload 2 of 2, '(relation: never): PostgrestQueryBuilder<{ PostgrestVersion: "13.0.5"; }, { Tables: { analytics_events: { Row: { created_at: string | null; event_data: Json; event_type: string; id: string; ip_address: unknown; ... 4 more ...; user_agent: string | null; }; Insert: { ...; }; Update: { ...; }; Relationships: [...]; }; ... 29 more ...; webhook_logs: { ...; }; }; Views: {}; Functions: { ...; }; Enums: {}; CompositeTypes: {}; }, never, never, never>', gave the following error.
    Argument of type '"report_executions"' is not assignable to parameter of type 'never'.
app/actions/custom-reports.ts(346,13): error TS2769: No overload matches this call.
  Overload 1 of 2, '(relation: "line_friends" | "organizations" | "users" | "step_campaigns" | "forms" | "tags" | "line_channels" | "messages" | "reservation_types" | "schedules" | "schedule_slots" | ... 19 more ... | "webhook_logs"): PostgrestQueryBuilder<...>', gave the following error.
    Argument of type '"custom_reports"' is not assignable to parameter of type '"line_friends" | "organizations" | "users" | "step_campaigns" | "forms" | "tags" | "line_channels" | "messages" | "reservation_types" | "schedules" | "schedule_slots" | "rich_menus" | ... 18 more ... | "webhook_logs"'.
  Overload 2 of 2, '(relation: never): PostgrestQueryBuilder<{ PostgrestVersion: "13.0.5"; }, { Tables: { analytics_events: { Row: { created_at: string | null; event_data: Json; event_type: string; id: string; ip_address: unknown; ... 4 more ...; user_agent: string | null; }; Insert: { ...; }; Update: { ...; }; Relationships: [...]; }; ... 29 more ...; webhook_logs: { ...; }; }; Views: {}; Functions: { ...; }; Enums: {}; CompositeTypes: {}; }, never, never, never>', gave the following error.
    Argument of type '"custom_reports"' is not assignable to parameter of type 'never'.
app/actions/custom-reports.ts(348,9): error TS2353: Object literal may only specify known properties, and 'last_generated' does not exist in type '{ created_at?: string | null | undefined; event_data?: Json | undefined; event_type?: string | undefined; id?: string | undefined; ip_address?: unknown; line_friend_id?: string | null | undefined; organization_id?: string | undefined; referrer?: string | ... 1 more ... | undefined; session_id?: string | ... 1 more ....'.
app/actions/custom-reports.ts(355,13): error TS2769: No overload matches this call.
  Overload 1 of 2, '(relation: "line_friends" | "organizations" | "users" | "step_campaigns" | "forms" | "tags" | "line_channels" | "messages" | "reservation_types" | "schedules" | "schedule_slots" | ... 19 more ... | "webhook_logs"): PostgrestQueryBuilder<...>', gave the following error.
    Argument of type '"report_executions"' is not assignable to parameter of type '"line_friends" | "organizations" | "users" | "step_campaigns" | "forms" | "tags" | "line_channels" | "messages" | "reservation_types" | "schedules" | "schedule_slots" | "rich_menus" | ... 18 more ... | "webhook_logs"'.
  Overload 2 of 2, '(relation: never): PostgrestQueryBuilder<{ PostgrestVersion: "13.0.5"; }, { Tables: { analytics_events: { Row: { created_at: string | null; event_data: Json; event_type: string; id: string; ip_address: unknown; ... 4 more ...; user_agent: string | null; }; Insert: { ...; }; Update: { ...; }; Relationships: [...]; }; ... 29 more ...; webhook_logs: { ...; }; }; Views: {}; Functions: { ...; }; Enums: {}; CompositeTypes: {}; }, never, never, never>', gave the following error.
    Argument of type '"report_executions"' is not assignable to parameter of type 'never'.
app/actions/custom-reports.ts(387,15): error TS2589: Type instantiation is excessively deep and possibly infinite.
app/actions/custom-reports.ts(388,11): error TS2769: No overload matches this call.
  Overload 1 of 2, '(relation: "line_friends" | "organizations" | "users" | "step_campaigns" | "forms" | "tags" | "line_channels" | "messages" | "reservation_types" | "schedules" | "schedule_slots" | ... 19 more ... | "webhook_logs"): PostgrestQueryBuilder<...>', gave the following error.
    Argument of type '"report_executions"' is not assignable to parameter of type '"line_friends" | "organizations" | "users" | "step_campaigns" | "forms" | "tags" | "line_channels" | "messages" | "reservation_types" | "schedules" | "schedule_slots" | "rich_menus" | ... 18 more ... | "webhook_logs"'.
  Overload 2 of 2, '(relation: never): PostgrestQueryBuilder<{ PostgrestVersion: "13.0.5"; }, { Tables: { analytics_events: { Row: { created_at: string | null; event_data: Json; event_type: string; id: string; ip_address: unknown; ... 4 more ...; user_agent: string | null; }; Insert: { ...; }; Update: { ...; }; Relationships: [...]; }; ... 29 more ...; webhook_logs: { ...; }; }; Views: {}; Functions: { ...; }; Enums: {}; CompositeTypes: {}; }, never, never, never>', gave the following error.
    Argument of type '"report_executions"' is not assignable to parameter of type 'never'.
app/actions/custom-reports.ts(431,60): error TS2589: Type instantiation is excessively deep and possibly infinite.
app/actions/custom-reports.ts(432,11): error TS2769: No overload matches this call.
  Overload 1 of 2, '(relation: "line_friends" | "organizations" | "users" | "step_campaigns" | "forms" | "tags" | "line_channels" | "messages" | "reservation_types" | "schedules" | "schedule_slots" | ... 19 more ... | "webhook_logs"): PostgrestQueryBuilder<...>', gave the following error.
    Argument of type '"report_executions"' is not assignable to parameter of type '"line_friends" | "organizations" | "users" | "step_campaigns" | "forms" | "tags" | "line_channels" | "messages" | "reservation_types" | "schedules" | "schedule_slots" | "rich_menus" | ... 18 more ... | "webhook_logs"'.
  Overload 2 of 2, '(relation: never): PostgrestQueryBuilder<{ PostgrestVersion: "13.0.5"; }, { Tables: { analytics_events: { Row: { created_at: string | null; event_data: Json; event_type: string; id: string; ip_address: unknown; ... 4 more ...; user_agent: string | null; }; Insert: { ...; }; Update: { ...; }; Relationships: [...]; }; ... 29 more ...; webhook_logs: { ...; }; }; Views: {}; Functions: { ...; }; Enums: {}; CompositeTypes: {}; }, never, never, never>', gave the following error.
    Argument of type '"report_executions"' is not assignable to parameter of type 'never'.
app/actions/custom-reports.ts(448,17): error TS2339: Property 'report' does not exist on type 'NonNullable<ResultOne>'.
app/actions/custom-reports.ts(453,17): error TS2339: Property 'status' does not exist on type 'NonNullable<ResultOne>'.
app/actions/custom-reports.ts(458,24): error TS2339: Property 'file_url' does not exist on type 'NonNullable<ResultOne>'.
app/actions/custom-reports.ts(459,28): error TS2339: Property 'report' does not exist on type 'NonNullable<ResultOne>'.
app/actions/custom-reports.ts(482,11): error TS2769: No overload matches this call.
  Overload 1 of 2, '(relation: "line_friends" | "organizations" | "users" | "step_campaigns" | "forms" | "tags" | "line_channels" | "messages" | "reservation_types" | "schedules" | "schedule_slots" | ... 19 more ... | "webhook_logs"): PostgrestQueryBuilder<...>', gave the following error.
    Argument of type '"custom_reports"' is not assignable to parameter of type '"line_friends" | "organizations" | "users" | "step_campaigns" | "forms" | "tags" | "line_channels" | "messages" | "reservation_types" | "schedules" | "schedule_slots" | "rich_menus" | ... 18 more ... | "webhook_logs"'.
  Overload 2 of 2, '(relation: never): PostgrestQueryBuilder<{ PostgrestVersion: "13.0.5"; }, { Tables: { analytics_events: { Row: { created_at: string | null; event_data: Json; event_type: string; id: string; ip_address: unknown; ... 4 more ...; user_agent: string | null; }; Insert: { ...; }; Update: { ...; }; Relationships: [...]; }; ... 29 more ...; webhook_logs: { ...; }; }; Views: {}; Functions: { ...; }; Enums: {}; CompositeTypes: {}; }, never, never, never>', gave the following error.
    Argument of type '"custom_reports"' is not assignable to parameter of type 'never'.
app/actions/custom-reports.ts(494,11): error TS2769: No overload matches this call.
  Overload 1 of 2, '(relation: "line_friends" | "organizations" | "users" | "step_campaigns" | "forms" | "tags" | "line_channels" | "messages" | "reservation_types" | "schedules" | "schedule_slots" | ... 19 more ... | "webhook_logs"): PostgrestQueryBuilder<...>', gave the following error.
    Argument of type '"custom_reports"' is not assignable to parameter of type '"line_friends" | "organizations" | "users" | "step_campaigns" | "forms" | "tags" | "line_channels" | "messages" | "reservation_types" | "schedules" | "schedule_slots" | "rich_menus" | ... 18 more ... | "webhook_logs"'.
  Overload 2 of 2, '(relation: never): PostgrestQueryBuilder<{ PostgrestVersion: "13.0.5"; }, { Tables: { analytics_events: { Row: { created_at: string | null; event_data: Json; event_type: string; id: string; ip_address: unknown; ... 4 more ...; user_agent: string | null; }; Insert: { ...; }; Update: { ...; }; Relationships: [...]; }; ... 29 more ...; webhook_logs: { ...; }; }; Views: {}; Functions: { ...; }; Enums: {}; CompositeTypes: {}; }, never, never, never>', gave the following error.
    Argument of type '"custom_reports"' is not assignable to parameter of type 'never'.
app/actions/custom-reports.ts(497,25): error TS2339: Property 'name' does not exist on type '{ created_at: string | null; event_data: Json; event_type: string; id: string; ip_address: unknown; line_friend_id: string | null; organization_id: string; referrer: string | null; session_id: string | null; user_agent: string | null; } | ... 29 more ... | { ...; }'.
  Property 'name' does not exist on type '{ created_at: string | null; event_data: Json; event_type: string; id: string; ip_address: unknown; line_friend_id: string | null; organization_id: string; referrer: string | null; session_id: string | null; user_agent: string | null; }'.
app/actions/custom-reports.ts(498,29): error TS2339: Property 'description' does not exist on type '{ created_at: string | null; event_data: Json; event_type: string; id: string; ip_address: unknown; line_friend_id: string | null; organization_id: string; referrer: string | null; session_id: string | null; user_agent: string | null; } | ... 29 more ... | { ...; }'.
  Property 'description' does not exist on type '{ created_at: string | null; event_data: Json; event_type: string; id: string; ip_address: unknown; line_friend_id: string | null; organization_id: string; referrer: string | null; session_id: string | null; user_agent: string | null; }'.
app/actions/custom-reports.ts(500,24): error TS2339: Property 'format' does not exist on type '{ created_at: string | null; event_data: Json; event_type: string; id: string; ip_address: unknown; line_friend_id: string | null; organization_id: string; referrer: string | null; session_id: string | null; user_agent: string | null; } | ... 29 more ... | { ...; }'.
  Property 'format' does not exist on type '{ created_at: string | null; event_data: Json; event_type: string; id: string; ip_address: unknown; line_friend_id: string | null; organization_id: string; referrer: string | null; session_id: string | null; user_agent: string | null; }'.
app/actions/custom-reports.ts(501,28): error TS2339: Property 'date_range' does not exist on type '{ created_at: string | null; event_data: Json; event_type: string; id: string; ip_address: unknown; line_friend_id: string | null; organization_id: string; referrer: string | null; session_id: string | null; user_agent: string | null; } | ... 29 more ... | { ...; }'.
  Property 'date_range' does not exist on type '{ created_at: string | null; event_data: Json; event_type: string; id: string; ip_address: unknown; line_friend_id: string | null; organization_id: string; referrer: string | null; session_id: string | null; user_agent: string | null; }'.
app/actions/custom-reports.ts(502,25): error TS2339: Property 'metrics' does not exist on type '{ created_at: string | null; event_data: Json; event_type: string; id: string; ip_address: unknown; line_friend_id: string | null; organization_id: string; referrer: string | null; session_id: string | null; user_agent: string | null; } | ... 29 more ... | { ...; }'.
  Property 'metrics' does not exist on type '{ created_at: string | null; event_data: Json; event_type: string; id: string; ip_address: unknown; line_friend_id: string | null; organization_id: string; referrer: string | null; session_id: string | null; user_agent: string | null; }'.
app/actions/custom-reports.ts(518,10): error TS2352: Conversion of type '{ created_at: string | null; event_data: Json; event_type: string; id: string; ip_address: unknown; line_friend_id: string | null; organization_id: string; referrer: string | null; session_id: string | null; user_agent: string | null; } | ... 29 more ... | { ...; }' to type 'CustomReport' may be a mistake because neither type sufficiently overlaps with the other. If this was intentional, convert the expression to 'unknown' first.
  Type '{ created_at: string | null; error_message: string | null; event_type: string; id: string; line_channel_id: string | null; payload: Json; processed_at: string | null; status: string; }' is missing the following properties from type 'CustomReport': name, format, dateRange, metrics, and 5 more.
app/actions/forms.ts(167,27): error TS2339: Property 'questions' does not exist on type '{ created_at: string | null; created_by: string | null; description: string | null; id: string; organization_id: string; settings: Json; status: string; title: string; total_responses: number | null; updated_at: string | null; }'.
app/actions/forms.ts(345,21): error TS2339: Property 'organization_id' does not exist on type 'SelectQueryError<"column 'questions' does not exist on 'forms'.">'.
app/actions/forms.ts(389,26): error TS2339: Property 'response_rate' does not exist on type 'SelectQueryError<"column 'response_rate' does not exist on 'forms'.">'.
app/actions/forms.ts(438,28): error TS2339: Property 'questions' does not exist on type 'SelectQueryError<"column 'questions' does not exist on 'forms'.">'.
app/actions/forms.ts(469,58): error TS2339: Property 'title' does not exist on type 'SelectQueryError<"column 'questions' does not exist on 'forms'.">'.
app/actions/forms.ts(567,28): error TS2339: Property 'questions' does not exist on type '{ created_at: string | null; created_by: string | null; description: string | null; id: string; organization_id: string; settings: Json; status: string; title: string; total_responses: number | null; updated_at: string | null; }'.
app/actions/forms.ts(646,8): error TS2769: No overload matches this call.
  Overload 1 of 2, '(values: { created_at?: string | null | undefined; form_id: string; id?: string | undefined; ip_address?: unknown; line_friend_id?: string | null | undefined; responses: Json; submitted_at?: string | null | undefined; user_agent?: string | ... 1 more ... | undefined; }, options?: { ...; } | undefined): PostgrestFilterBuilder<...>', gave the following error.
    Object literal may only specify known properties, and 'friend_id' does not exist in type '{ created_at?: string | null | undefined; form_id: string; id?: string | undefined; ip_address?: unknown; line_friend_id?: string | null | undefined; responses: Json; submitted_at?: string | null | undefined; user_agent?: string | ... 1 more ... | undefined; }'.
  Overload 2 of 2, '(values: { created_at?: string | null | undefined; form_id: string; id?: string | undefined; ip_address?: unknown; line_friend_id?: string | null | undefined; responses: Json; submitted_at?: string | null | undefined; user_agent?: string | ... 1 more ... | undefined; }[], options?: { ...; } | undefined): PostgrestFilterBuilder<...>', gave the following error.
    Object literal may only specify known properties, and 'form_id' does not exist in type '{ created_at?: string | null | undefined; form_id: string; id?: string | undefined; ip_address?: unknown; line_friend_id?: string | null | undefined; responses: Json; submitted_at?: string | null | undefined; user_agent?: string | ... 1 more ... | undefined; }[]'.
app/actions/forms.ts(754,26): error TS2339: Property 'questions' does not exist on type '{ created_at: string | null; created_by: string | null; description: string | null; id: string; organization_id: string; settings: Json; status: string; title: string; total_responses: number | null; updated_at: string | null; }'.
app/actions/forms.ts(759,42): error TS2339: Property 'answers' does not exist on type '{ created_at: string | null; form_id: string; id: string; ip_address: unknown; line_friend_id: string | null; responses: Json; submitted_at: string | null; user_agent: string | null; }'.
app/actions/forms.ts(805,24): error TS2339: Property 'response_rate' does not exist on type '{ created_at: string | null; created_by: string | null; description: string | null; id: string; organization_id: string; settings: Json; status: string; title: string; total_responses: number | null; updated_at: string | null; }'.
app/actions/forms.ts(847,27): error TS2339: Property 'answers' does not exist on type 'SelectQueryError<"column 'answers' does not exist on 'form_responses'.">'.
app/actions/friends.ts(8,34): error TS2344: Type '"friends"' does not satisfy the constraint '"line_friends" | "organizations" | "users" | "step_campaigns" | "forms" | "tags" | "line_channels" | "messages" | "reservation_types" | "schedules" | "schedule_slots" | "rich_menus" | ... 19 more ... | { ...; }'.
app/actions/friends.ts(9,34): error TS2344: Type '"friends"' does not satisfy the constraint '"line_friends" | "organizations" | "users" | "step_campaigns" | "forms" | "tags" | "line_channels" | "messages" | "reservation_types" | "schedules" | "schedule_slots" | "rich_menus" | ... 19 more ... | { ...; }'.
app/actions/friends.ts(76,31): error TS2345: Argument of type '{ user_id: string; }' is not assignable to parameter of type 'never'.
app/actions/friends.ts(167,11): error TS2769: No overload matches this call.
  Overload 1 of 2, '(relation: "line_friends" | "organizations" | "users" | "step_campaigns" | "forms" | "tags" | "line_channels" | "messages" | "reservation_types" | "schedules" | "schedule_slots" | ... 19 more ... | "webhook_logs"): PostgrestQueryBuilder<...>', gave the following error.
    Argument of type '"friends"' is not assignable to parameter of type '"line_friends" | "organizations" | "users" | "step_campaigns" | "forms" | "tags" | "line_channels" | "messages" | "reservation_types" | "schedules" | "schedule_slots" | "rich_menus" | ... 18 more ... | "webhook_logs"'.
  Overload 2 of 2, '(relation: never): PostgrestQueryBuilder<{ PostgrestVersion: "13.0.5"; }, { Tables: { analytics_events: { Row: { created_at: string | null; event_data: Json; event_type: string; id: string; ip_address: unknown; ... 4 more ...; user_agent: string | null; }; Insert: { ...; }; Update: { ...; }; Relationships: [...]; }; ... 29 more ...; webhook_logs: { ...; }; }; Views: {}; Functions: { ...; }; Enums: {}; CompositeTypes: {}; }, never, never, never>', gave the following error.
    Argument of type '"friends"' is not assignable to parameter of type 'never'.
app/actions/friends.ts(168,15): error TS2353: Object literal may only specify known properties, and 'is_blocked' does not exist in type '{ created_at?: string | null | undefined; event_data?: Json | undefined; event_type?: string | undefined; id?: string | undefined; ip_address?: unknown; line_friend_id?: string | null | undefined; organization_id?: string | undefined; referrer?: string | ... 1 more ... | undefined; session_id?: string | ... 1 more ....'.
app/actions/friends.ts(181,11): error TS2769: No overload matches this call.
  Overload 1 of 2, '(relation: "line_friends" | "organizations" | "users" | "step_campaigns" | "forms" | "tags" | "line_channels" | "messages" | "reservation_types" | "schedules" | "schedule_slots" | ... 19 more ... | "webhook_logs"): PostgrestQueryBuilder<...>', gave the following error.
    Argument of type '"friends"' is not assignable to parameter of type '"line_friends" | "organizations" | "users" | "step_campaigns" | "forms" | "tags" | "line_channels" | "messages" | "reservation_types" | "schedules" | "schedule_slots" | "rich_menus" | ... 18 more ... | "webhook_logs"'.
  Overload 2 of 2, '(relation: never): PostgrestQueryBuilder<{ PostgrestVersion: "13.0.5"; }, { Tables: { analytics_events: { Row: { created_at: string | null; event_data: Json; event_type: string; id: string; ip_address: unknown; ... 4 more ...; user_agent: string | null; }; Insert: { ...; }; Update: { ...; }; Relationships: [...]; }; ... 29 more ...; webhook_logs: { ...; }; }; Views: {}; Functions: { ...; }; Enums: {}; CompositeTypes: {}; }, never, never, never>', gave the following error.
    Argument of type '"friends"' is not assignable to parameter of type 'never'.
app/actions/friends.ts(196,15): error TS2769: No overload matches this call.
  Overload 1 of 2, '(values: { created_at?: string | null | undefined; id?: string | undefined; line_friend_id: string; tag_id: string; }, options?: { count?: "exact" | "planned" | "estimated" | undefined; } | undefined): PostgrestFilterBuilder<...>', gave the following error.
    Object literal may only specify known properties, and 'friend_id' does not exist in type '{ created_at?: string | null | undefined; id?: string | undefined; line_friend_id: string; tag_id: string; }'.
  Overload 2 of 2, '(values: { created_at?: string | null | undefined; id?: string | undefined; line_friend_id: string; tag_id: string; }[], options?: { count?: "exact" | "planned" | "estimated" | undefined; defaultToNull?: boolean | undefined; } | undefined): PostgrestFilterBuilder<...>', gave the following error.
    Object literal may only specify known properties, and 'friend_id' does not exist in type '{ created_at?: string | null | undefined; id?: string | undefined; line_friend_id: string; tag_id: string; }[]'.
app/actions/messages.ts(104,10): error TS2352: Conversion of type '{ stats: { total_recipients: number; sent_count: number; delivered_count: number; opened_count: number; clicked_count: number; delivery_rate: number; open_rate: number; click_rate: number; }; ... 19 more ...; updated_at: string | null; }[]' to type 'Message[]' may be a mistake because neither type sufficiently overlaps with the other. If this was intentional, convert the expression to 'unknown' first.
  Type '{ stats: { total_recipients: number; sent_count: number; delivered_count: number; opened_count: number; clicked_count: number; delivery_rate: number; open_rate: number; click_rate: number; }; ... 19 more ...; updated_at: string | null; }' is missing the following properties from type 'Message': title, target_value
app/actions/messages.ts(205,6): error TS2769: No overload matches this call.
  Overload 1 of 2, '(values: { click_count?: number | null | undefined; completed_at?: string | null | undefined; content: Json; created_at?: string | null | undefined; created_by?: string | null | undefined; ... 14 more ...; updated_at?: string | ... 1 more ... | undefined; }, options?: { ...; } | undefined): PostgrestFilterBuilder<...>', gave the following error.
    Object literal may only specify known properties, and 'title' does not exist in type '{ click_count?: number | null | undefined; completed_at?: string | null | undefined; content: Json; created_at?: string | null | undefined; created_by?: string | null | undefined; ... 14 more ...; updated_at?: string | ... 1 more ... | undefined; }'.
  Overload 2 of 2, '(values: { click_count?: number | null | undefined; completed_at?: string | null | undefined; content: Json; created_at?: string | null | undefined; created_by?: string | null | undefined; ... 14 more ...; updated_at?: string | ... 1 more ... | undefined; }[], options?: { ...; } | undefined): PostgrestFilterBuilder<...>', gave the following error.
    Object literal may only specify known properties, and 'organization_id' does not exist in type '{ click_count?: number | null | undefined; completed_at?: string | null | undefined; content: Json; created_at?: string | null | undefined; created_by?: string | null | undefined; ... 14 more ...; updated_at?: string | ... 1 more ... | undefined; }[]'.
app/actions/messages.ts(207,26): error TS2339: Property 'title' does not exist on type '{ click_count: number | null; completed_at: string | null; content: Json; created_at: string | null; created_by: string | null; delivered_count: number | null; error_count: number | null; ... 12 more ...; updated_at: string | null; }'.
app/actions/messages.ts(210,30): error TS2339: Property 'target_value' does not exist on type '{ click_count: number | null; completed_at: string | null; content: Json; created_at: string | null; created_by: string | null; delivered_count: number | null; error_count: number | null; ... 12 more ...; updated_at: string | null; }'.
app/actions/organization.ts(290,11): error TS2769: No overload matches this call.
  Overload 1 of 2, '(relation: "line_friends" | "organizations" | "users" | "step_campaigns" | "forms" | "tags" | "line_channels" | "messages" | "reservation_types" | "schedules" | "schedule_slots" | ... 19 more ... | "webhook_logs"): PostgrestQueryBuilder<...>', gave the following error.
    Argument of type '"invitations"' is not assignable to parameter of type '"line_friends" | "organizations" | "users" | "step_campaigns" | "forms" | "tags" | "line_channels" | "messages" | "reservation_types" | "schedules" | "schedule_slots" | "rich_menus" | ... 18 more ... | "webhook_logs"'.
  Overload 2 of 2, '(relation: never): PostgrestQueryBuilder<{ PostgrestVersion: "13.0.5"; }, { Tables: { analytics_events: { Row: { created_at: string | null; event_data: Json; event_type: string; id: string; ip_address: unknown; ... 4 more ...; user_agent: string | null; }; Insert: { ...; }; Update: { ...; }; Relationships: [...]; }; ... 29 more ...; webhook_logs: { ...; }; }; Views: {}; Functions: { ...; }; Enums: {}; CompositeTypes: {}; }, never, never, never>', gave the following error.
    Argument of type '"invitations"' is not assignable to parameter of type 'never'.
app/actions/organization.ts(313,54): error TS2769: No overload matches this call.
  Overload 1 of 2, '(relation: "line_friends" | "organizations" | "users" | "step_campaigns" | "forms" | "tags" | "line_channels" | "messages" | "reservation_types" | "schedules" | "schedule_slots" | ... 19 more ... | "webhook_logs"): PostgrestQueryBuilder<...>', gave the following error.
    Argument of type '"invitations"' is not assignable to parameter of type '"line_friends" | "organizations" | "users" | "step_campaigns" | "forms" | "tags" | "line_channels" | "messages" | "reservation_types" | "schedules" | "schedule_slots" | "rich_menus" | ... 18 more ... | "webhook_logs"'.
  Overload 2 of 2, '(relation: never): PostgrestQueryBuilder<{ PostgrestVersion: "13.0.5"; }, { Tables: { analytics_events: { Row: { created_at: string | null; event_data: Json; event_type: string; id: string; ip_address: unknown; ... 4 more ...; user_agent: string | null; }; Insert: { ...; }; Update: { ...; }; Relationships: [...]; }; ... 29 more ...; webhook_logs: { ...; }; }; Views: {}; Functions: { ...; }; Enums: {}; CompositeTypes: {}; }, never, never, never>', gave the following error.
    Argument of type '"invitations"' is not assignable to parameter of type 'never'.
app/actions/organization.ts(313,69): error TS2769: No overload matches this call.
  Overload 1 of 2, '(values: { created_at?: string | null | undefined; event_data?: Json | undefined; event_type: string; id?: string | undefined; ip_address?: unknown; line_friend_id?: string | null | undefined; organization_id: string; referrer?: string | ... 1 more ... | undefined; session_id?: string | ... 1 more ... | undefined; user_agent?: string | ... 1 more ... | undefined; } | ... 29 more ... | { ...; }, options?: { ...; } | undefined): PostgrestFilterBuilder<...>', gave the following error.
    Object literal may only specify known properties, and 'token' does not exist in type '{ created_at?: string | null | undefined; event_data?: Json | undefined; event_type: string; id?: string | undefined; ip_address?: unknown; line_friend_id?: string | null | undefined; organization_id: string; referrer?: string | ... 1 more ... | undefined; session_id?: string | ... 1 more ... | undefined; user_agent...'.
  Overload 2 of 2, '(values: ({ created_at?: string | null | undefined; event_data?: Json | undefined; event_type: string; id?: string | undefined; ip_address?: unknown; line_friend_id?: string | null | undefined; organization_id: string; referrer?: string | ... 1 more ... | undefined; session_id?: string | ... 1 more ... | undefined; user_agent?: string | ... 1 more ... | undefined; } | ... 29 more ... | { ...; })[], options?: { ...; } | undefined): PostgrestFilterBuilder<...>', gave the following error.
    Object literal may only specify known properties, and 'organization_id' does not exist in type '({ created_at?: string | null | undefined; event_data?: Json | undefined; event_type: string; id?: string | undefined; ip_address?: unknown; line_friend_id?: string | null | undefined; organization_id: string; referrer?: string | ... 1 more ... | undefined; session_id?: string | ... 1 more ... | undefined; user_agen...'.
app/actions/organization.ts(345,31): error TS2339: Property 'full_name' does not exist on type 'SelectQueryError<"column 'full_name' does not exist on 'users'.">'.
app/actions/organization.ts(345,57): error TS2339: Property 'email' does not exist on type 'SelectQueryError<"column 'full_name' does not exist on 'users'.">'.
app/actions/organization.ts(370,11): error TS2769: No overload matches this call.
  Overload 1 of 2, '(relation: "line_friends" | "organizations" | "users" | "step_campaigns" | "forms" | "tags" | "line_channels" | "messages" | "reservation_types" | "schedules" | "schedule_slots" | ... 19 more ... | "webhook_logs"): PostgrestQueryBuilder<...>', gave the following error.
    Argument of type '"invitations"' is not assignable to parameter of type '"line_friends" | "organizations" | "users" | "step_campaigns" | "forms" | "tags" | "line_channels" | "messages" | "reservation_types" | "schedules" | "schedule_slots" | "rich_menus" | ... 18 more ... | "webhook_logs"'.
  Overload 2 of 2, '(relation: never): PostgrestQueryBuilder<{ PostgrestVersion: "13.0.5"; }, { Tables: { analytics_events: { Row: { created_at: string | null; event_data: Json; event_type: string; id: string; ip_address: unknown; ... 4 more ...; user_agent: string | null; }; Insert: { ...; }; Update: { ...; }; Relationships: [...]; }; ... 29 more ...; webhook_logs: { ...; }; }; Views: {}; Functions: { ...; }; Enums: {}; CompositeTypes: {}; }, never, never, never>', gave the following error.
    Argument of type '"invitations"' is not assignable to parameter of type 'never'.
app/actions/organization.ts(380,18): error TS2339: Property 'status' does not exist on type '{ created_at: string | null; event_data: Json; event_type: string; id: string; ip_address: unknown; line_friend_id: string | null; organization_id: string; referrer: string | null; session_id: string | null; user_agent: string | null; } | ... 29 more ... | { ...; }'.
  Property 'status' does not exist on type '{ created_at: string | null; event_data: Json; event_type: string; id: string; ip_address: unknown; line_friend_id: string | null; organization_id: string; referrer: string | null; session_id: string | null; user_agent: string | null; }'.
app/actions/organization.ts(389,11): error TS2769: No overload matches this call.
  Overload 1 of 2, '(relation: "line_friends" | "organizations" | "users" | "step_campaigns" | "forms" | "tags" | "line_channels" | "messages" | "reservation_types" | "schedules" | "schedule_slots" | ... 19 more ... | "webhook_logs"): PostgrestQueryBuilder<...>', gave the following error.
    Argument of type '"invitations"' is not assignable to parameter of type '"line_friends" | "organizations" | "users" | "step_campaigns" | "forms" | "tags" | "line_channels" | "messages" | "reservation_types" | "schedules" | "schedule_slots" | "rich_menus" | ... 18 more ... | "webhook_logs"'.
  Overload 2 of 2, '(relation: never): PostgrestQueryBuilder<{ PostgrestVersion: "13.0.5"; }, { Tables: { analytics_events: { Row: { created_at: string | null; event_data: Json; event_type: string; id: string; ip_address: unknown; ... 4 more ...; user_agent: string | null; }; Insert: { ...; }; Update: { ...; }; Relationships: [...]; }; ... 29 more ...; webhook_logs: { ...; }; }; Views: {}; Functions: { ...; }; Enums: {}; CompositeTypes: {}; }, never, never, never>', gave the following error.
    Argument of type '"invitations"' is not assignable to parameter of type 'never'.
app/actions/organization.ts(412,77): error TS2339: Property 'token' does not exist on type '{ created_at: string | null; event_data: Json; event_type: string; id: string; ip_address: unknown; line_friend_id: string | null; organization_id: string; referrer: string | null; session_id: string | null; user_agent: string | null; } | ... 29 more ... | { ...; }'.
  Property 'token' does not exist on type '{ created_at: string | null; event_data: Json; event_type: string; id: string; ip_address: unknown; line_friend_id: string | null; organization_id: string; referrer: string | null; session_id: string | null; user_agent: string | null; }'.
app/actions/organization.ts(415,20): error TS2339: Property 'email' does not exist on type '{ created_at: string | null; event_data: Json; event_type: string; id: string; ip_address: unknown; line_friend_id: string | null; organization_id: string; referrer: string | null; session_id: string | null; user_agent: string | null; } | ... 29 more ... | { ...; }'.
  Property 'email' does not exist on type '{ created_at: string | null; event_data: Json; event_type: string; id: string; ip_address: unknown; line_friend_id: string | null; organization_id: string; referrer: string | null; session_id: string | null; user_agent: string | null; }'.
app/actions/organization.ts(416,31): error TS2339: Property 'full_name' does not exist on type 'SelectQueryError<"column 'full_name' does not exist on 'users'.">'.
app/actions/organization.ts(416,57): error TS2339: Property 'email' does not exist on type 'SelectQueryError<"column 'full_name' does not exist on 'users'.">'.
app/actions/organization.ts(418,22): error TS2339: Property 'role' does not exist on type '{ created_at: string | null; event_data: Json; event_type: string; id: string; ip_address: unknown; line_friend_id: string | null; organization_id: string; referrer: string | null; session_id: string | null; user_agent: string | null; } | ... 29 more ... | { ...; }'.
  Property 'role' does not exist on type '{ created_at: string | null; event_data: Json; event_type: string; id: string; ip_address: unknown; line_friend_id: string | null; organization_id: string; referrer: string | null; session_id: string | null; user_agent: string | null; }'.
app/actions/organization.ts(440,11): error TS2769: No overload matches this call.
  Overload 1 of 2, '(relation: "line_friends" | "organizations" | "users" | "step_campaigns" | "forms" | "tags" | "line_channels" | "messages" | "reservation_types" | "schedules" | "schedule_slots" | ... 19 more ... | "webhook_logs"): PostgrestQueryBuilder<...>', gave the following error.
    Argument of type '"invitations"' is not assignable to parameter of type '"line_friends" | "organizations" | "users" | "step_campaigns" | "forms" | "tags" | "line_channels" | "messages" | "reservation_types" | "schedules" | "schedule_slots" | "rich_menus" | ... 18 more ... | "webhook_logs"'.
  Overload 2 of 2, '(relation: never): PostgrestQueryBuilder<{ PostgrestVersion: "13.0.5"; }, { Tables: { analytics_events: { Row: { created_at: string | null; event_data: Json; event_type: string; id: string; ip_address: unknown; ... 4 more ...; user_agent: string | null; }; Insert: { ...; }; Update: { ...; }; Relationships: [...]; }; ... 29 more ...; webhook_logs: { ...; }; }; Views: {}; Functions: { ...; }; Enums: {}; CompositeTypes: {}; }, never, never, never>', gave the following error.
    Argument of type '"invitations"' is not assignable to parameter of type 'never'.
app/actions/profile.ts(391,30): error TS2339: Property 'last_login_ip' does not exist on type 'SelectQueryError<"column 'last_login_ip' does not exist on 'users'.">'.
app/actions/profile.ts(393,30): error TS2339: Property 'last_login_at' does not exist on type 'SelectQueryError<"column 'last_login_ip' does not exist on 'users'.">'.
app/actions/public-reservations.ts(9,36): error TS2344: Type '"available_slots"' does not satisfy the constraint '"line_friends" | "organizations" | "users" | "step_campaigns" | "forms" | "tags" | "line_channels" | "messages" | "reservation_types" | "schedules" | "schedule_slots" | "rich_menus" | ... 19 more ... | "webhook_logs"'.
app/actions/public-reservations.ts(12,47): error TS2312: An interface can only extend an object type or intersection of object types with statically known members.
app/actions/public-reservations.ts(50,11): error TS2769: No overload matches this call.
  Overload 1 of 2, '(relation: "line_friends" | "organizations" | "users" | "step_campaigns" | "forms" | "tags" | "line_channels" | "messages" | "reservation_types" | "schedules" | "schedule_slots" | ... 19 more ... | "webhook_logs"): PostgrestQueryBuilder<...>', gave the following error.
    Argument of type '"available_slots"' is not assignable to parameter of type '"line_friends" | "organizations" | "users" | "step_campaigns" | "forms" | "tags" | "line_channels" | "messages" | "reservation_types" | "schedules" | "schedule_slots" | "rich_menus" | ... 18 more ... | "webhook_logs"'.
  Overload 2 of 2, '(relation: never): PostgrestQueryBuilder<{ PostgrestVersion: "13.0.5"; }, { Tables: { analytics_events: { Row: { created_at: string | null; event_data: Json; event_type: string; id: string; ip_address: unknown; ... 4 more ...; user_agent: string | null; }; Insert: { ...; }; Update: { ...; }; Relationships: [...]; }; ... 29 more ...; webhook_logs: { ...; }; }; Views: {}; Functions: { ...; }; Enums: {}; CompositeTypes: {}; }, never, never, never>', gave the following error.
    Argument of type '"available_slots"' is not assignable to parameter of type 'never'.
app/actions/public-reservations.ts(66,24): error TS2339: Property 'booked_count' does not exist on type '{ created_at: string | null; event_data: Json; event_type: string; id: string; ip_address: unknown; line_friend_id: string | null; organization_id: string; referrer: string | null; session_id: string | null; user_agent: string | null; } | ... 29 more ... | { ...; }'.
  Property 'booked_count' does not exist on type '{ created_at: string | null; event_data: Json; event_type: string; id: string; ip_address: unknown; line_friend_id: string | null; organization_id: string; referrer: string | null; session_id: string | null; user_agent: string | null; }'.
app/actions/public-reservations.ts(66,44): error TS2339: Property 'capacity' does not exist on type '{ created_at: string | null; event_data: Json; event_type: string; id: string; ip_address: unknown; line_friend_id: string | null; organization_id: string; referrer: string | null; session_id: string | null; user_agent: string | null; } | ... 29 more ... | { ...; }'.
  Property 'capacity' does not exist on type '{ created_at: string | null; event_data: Json; event_type: string; id: string; ip_address: unknown; line_friend_id: string | null; organization_id: string; referrer: string | null; session_id: string | null; user_agent: string | null; }'.
app/actions/public-reservations.ts(67,30): error TS2339: Property 'capacity' does not exist on type '{ created_at: string | null; event_data: Json; event_type: string; id: string; ip_address: unknown; line_friend_id: string | null; organization_id: string; referrer: string | null; session_id: string | null; user_agent: string | null; } | ... 29 more ... | { ...; }'.
  Property 'capacity' does not exist on type '{ created_at: string | null; event_data: Json; event_type: string; id: string; ip_address: unknown; line_friend_id: string | null; organization_id: string; referrer: string | null; session_id: string | null; user_agent: string | null; }'.
app/actions/public-reservations.ts(67,46): error TS2339: Property 'booked_count' does not exist on type '{ created_at: string | null; event_data: Json; event_type: string; id: string; ip_address: unknown; line_friend_id: string | null; organization_id: string; referrer: string | null; session_id: string | null; user_agent: string | null; } | ... 29 more ... | { ...; }'.
  Property 'booked_count' does not exist on type '{ created_at: string | null; event_data: Json; event_type: string; id: string; ip_address: unknown; line_friend_id: string | null; organization_id: string; referrer: string | null; session_id: string | null; user_agent: string | null; }'.
app/actions/public-reservations.ts(87,11): error TS2769: No overload matches this call.
  Overload 1 of 2, '(relation: "line_friends" | "organizations" | "users" | "step_campaigns" | "forms" | "tags" | "line_channels" | "messages" | "reservation_types" | "schedules" | "schedule_slots" | ... 19 more ... | "webhook_logs"): PostgrestQueryBuilder<...>', gave the following error.
    Argument of type '"available_slots"' is not assignable to parameter of type '"line_friends" | "organizations" | "users" | "step_campaigns" | "forms" | "tags" | "line_channels" | "messages" | "reservation_types" | "schedules" | "schedule_slots" | "rich_menus" | ... 18 more ... | "webhook_logs"'.
  Overload 2 of 2, '(relation: never): PostgrestQueryBuilder<{ PostgrestVersion: "13.0.5"; }, { Tables: { analytics_events: { Row: { created_at: string | null; event_data: Json; event_type: string; id: string; ip_address: unknown; ... 4 more ...; user_agent: string | null; }; Insert: { ...; }; Update: { ...; }; Relationships: [...]; }; ... 29 more ...; webhook_logs: { ...; }; }; Views: {}; Functions: { ...; }; Enums: {}; CompositeTypes: {}; }, never, never, never>', gave the following error.
    Argument of type '"available_slots"' is not assignable to parameter of type 'never'.
app/actions/public-reservations.ts(99,12): error TS2339: Property 'booked_count' does not exist on type '{ created_at: string | null; event_data: Json; event_type: string; id: string; ip_address: unknown; line_friend_id: string | null; organization_id: string; referrer: string | null; session_id: string | null; user_agent: string | null; } | ... 29 more ... | { ...; }'.
  Property 'booked_count' does not exist on type '{ created_at: string | null; event_data: Json; event_type: string; id: string; ip_address: unknown; line_friend_id: string | null; organization_id: string; referrer: string | null; session_id: string | null; user_agent: string | null; }'.
app/actions/public-reservations.ts(99,33): error TS2339: Property 'capacity' does not exist on type '{ created_at: string | null; event_data: Json; event_type: string; id: string; ip_address: unknown; line_friend_id: string | null; organization_id: string; referrer: string | null; session_id: string | null; user_agent: string | null; } | ... 29 more ... | { ...; }'.
  Property 'capacity' does not exist on type '{ created_at: string | null; event_data: Json; event_type: string; id: string; ip_address: unknown; line_friend_id: string | null; organization_id: string; referrer: string | null; session_id: string | null; user_agent: string | null; }'.
app/actions/public-reservations.ts(106,12): error TS2339: Property 'status' does not exist on type '{ created_at: string | null; event_data: Json; event_type: string; id: string; ip_address: unknown; line_friend_id: string | null; organization_id: string; referrer: string | null; session_id: string | null; user_agent: string | null; } | ... 29 more ... | { ...; }'.
  Property 'status' does not exist on type '{ created_at: string | null; event_data: Json; event_type: string; id: string; ip_address: unknown; line_friend_id: string | null; organization_id: string; referrer: string | null; session_id: string | null; user_agent: string | null; }'.
app/actions/public-reservations.ts(117,13): error TS2769: No overload matches this call.
  Overload 1 of 2, '(relation: "line_friends" | "organizations" | "users" | "step_campaigns" | "forms" | "tags" | "line_channels" | "messages" | "reservation_types" | "schedules" | "schedule_slots" | ... 19 more ... | "webhook_logs"): PostgrestQueryBuilder<...>', gave the following error.
    Argument of type '"friends"' is not assignable to parameter of type '"line_friends" | "organizations" | "users" | "step_campaigns" | "forms" | "tags" | "line_channels" | "messages" | "reservation_types" | "schedules" | "schedule_slots" | "rich_menus" | ... 18 more ... | "webhook_logs"'.
  Overload 2 of 2, '(relation: never): PostgrestQueryBuilder<{ PostgrestVersion: "13.0.5"; }, { Tables: { analytics_events: { Row: { created_at: string | null; event_data: Json; event_type: string; id: string; ip_address: unknown; ... 4 more ...; user_agent: string | null; }; Insert: { ...; }; Update: { ...; }; Relationships: [...]; }; ... 29 more ...; webhook_logs: { ...; }; }; Views: {}; Functions: { ...; }; Enums: {}; CompositeTypes: {}; }, never, never, never>', gave the following error.
    Argument of type '"friends"' is not assignable to parameter of type 'never'.
app/actions/public-reservations.ts(128,5): error TS2353: Object literal may only specify known properties, and 'slot_id' does not exist in type '{ cancellation_reason?: string | null | undefined; cancelled_at?: string | null | undefined; confirmed_at?: string | null | undefined; created_at?: string | null | undefined; custom_data?: Json | undefined; ... 12 more ...; updated_at?: string | ... 1 more ... | undefined; }'.
app/actions/reservation-settings.ts(36,11): error TS2769: No overload matches this call.
  Overload 1 of 2, '(relation: "line_friends" | "organizations" | "users" | "step_campaigns" | "forms" | "tags" | "line_channels" | "messages" | "reservation_types" | "schedules" | "schedule_slots" | ... 19 more ... | "webhook_logs"): PostgrestQueryBuilder<...>', gave the following error.
    Argument of type '"reservation_settings"' is not assignable to parameter of type '"line_friends" | "organizations" | "users" | "step_campaigns" | "forms" | "tags" | "line_channels" | "messages" | "reservation_types" | "schedules" | "schedule_slots" | "rich_menus" | ... 18 more ... | "webhook_logs"'.
  Overload 2 of 2, '(relation: never): PostgrestQueryBuilder<{ PostgrestVersion: "13.0.5"; }, { Tables: { analytics_events: { Row: { created_at: string | null; event_data: Json; event_type: string; id: string; ip_address: unknown; ... 4 more ...; user_agent: string | null; }; Insert: { ...; }; Update: { ...; }; Relationships: [...]; }; ... 29 more ...; webhook_logs: { ...; }; }; Views: {}; Functions: { ...; }; Enums: {}; CompositeTypes: {}; }, never, never, never>', gave the following error.
    Argument of type '"reservation_settings"' is not assignable to parameter of type 'never'.
app/actions/reservation-settings.ts(66,15): error TS2769: No overload matches this call.
  Overload 1 of 2, '(relation: "line_friends" | "organizations" | "users" | "step_campaigns" | "forms" | "tags" | "line_channels" | "messages" | "reservation_types" | "schedules" | "schedule_slots" | ... 19 more ... | "webhook_logs"): PostgrestQueryBuilder<...>', gave the following error.
    Argument of type '"reservation_settings"' is not assignable to parameter of type '"line_friends" | "organizations" | "users" | "step_campaigns" | "forms" | "tags" | "line_channels" | "messages" | "reservation_types" | "schedules" | "schedule_slots" | "rich_menus" | ... 18 more ... | "webhook_logs"'.
  Overload 2 of 2, '(relation: never): PostgrestQueryBuilder<{ PostgrestVersion: "13.0.5"; }, { Tables: { analytics_events: { Row: { created_at: string | null; event_data: Json; event_type: string; id: string; ip_address: unknown; ... 4 more ...; user_agent: string | null; }; Insert: { ...; }; Update: { ...; }; Relationships: [...]; }; ... 29 more ...; webhook_logs: { ...; }; }; Views: {}; Functions: { ...; }; Enums: {}; CompositeTypes: {}; }, never, never, never>', gave the following error.
    Argument of type '"reservation_settings"' is not assignable to parameter of type 'never'.
app/actions/reservation-settings.ts(67,17): error TS2769: No overload matches this call.
  Overload 1 of 2, '(values: { created_at?: string | null | undefined; event_data?: Json | undefined; event_type: string; id?: string | undefined; ip_address?: unknown; line_friend_id?: string | null | undefined; organization_id: string; referrer?: string | ... 1 more ... | undefined; session_id?: string | ... 1 more ... | undefined; user_agent?: string | ... 1 more ... | undefined; } | ... 29 more ... | { ...; }, options?: { ...; } | undefined): PostgrestFilterBuilder<...>', gave the following error.
    Argument of type '{ user_id: string; business_hours: { 0: { open: boolean; start: string; end: string; }; 1: { open: boolean; start: string; end: string; }; 2: { open: boolean; start: string; end: string; }; 3: { open: boolean; start: string; end: string; }; 4: { ...; }; 5: { ...; }; 6: { ...; }; }; ... 4 more ...; notification_setti...' is not assignable to parameter of type '{ created_at?: string | null | undefined; event_data?: Json | undefined; event_type: string; id?: string | undefined; ip_address?: unknown; line_friend_id?: string | null | undefined; organization_id: string; referrer?: string | ... 1 more ... | undefined; session_id?: string | ... 1 more ... | undefined; user_agent...'.
      Property 'organization_id' is missing in type '{ user_id: string; business_hours: { 0: { open: boolean; start: string; end: string; }; 1: { open: boolean; start: string; end: string; }; 2: { open: boolean; start: string; end: string; }; 3: { open: boolean; start: string; end: string; }; 4: { ...; }; 5: { ...; }; 6: { ...; }; }; ... 4 more ...; notification_setti...' but required in type '{ created_at?: string | null | undefined; id?: string | undefined; organization_id: string; role?: string | undefined; updated_at?: string | null | undefined; user_id: string; }'.
  Overload 2 of 2, '(values: ({ created_at?: string | null | undefined; event_data?: Json | undefined; event_type: string; id?: string | undefined; ip_address?: unknown; line_friend_id?: string | null | undefined; organization_id: string; referrer?: string | ... 1 more ... | undefined; session_id?: string | ... 1 more ... | undefined; user_agent?: string | ... 1 more ... | undefined; } | ... 29 more ... | { ...; })[], options?: { ...; } | undefined): PostgrestFilterBuilder<...>', gave the following error.
    Argument of type '{ user_id: string; business_hours: { 0: { open: boolean; start: string; end: string; }; 1: { open: boolean; start: string; end: string; }; 2: { open: boolean; start: string; end: string; }; 3: { open: boolean; start: string; end: string; }; 4: { ...; }; 5: { ...; }; 6: { ...; }; }; ... 4 more ...; notification_setti...' is not assignable to parameter of type '({ created_at?: string | null | undefined; event_data?: Json | undefined; event_type: string; id?: string | undefined; ip_address?: unknown; line_friend_id?: string | null | undefined; organization_id: string; referrer?: string | ... 1 more ... | undefined; session_id?: string | ... 1 more ... | undefined; user_agen...'.
      Type '{ user_id: string; business_hours: { 0: { open: boolean; start: string; end: string; }; 1: { open: boolean; start: string; end: string; }; 2: { open: boolean; start: string; end: string; }; 3: { open: boolean; start: string; end: string; }; 4: { ...; }; 5: { ...; }; 6: { ...; }; }; ... 4 more ...; notification_setti...' is missing the following properties from type '({ created_at?: string | null | undefined; event_data?: Json | undefined; event_type: string; id?: string | undefined; ip_address?: unknown; line_friend_id?: string | null | undefined; organization_id: string; referrer?: string | ... 1 more ... | undefined; session_id?: string | ... 1 more ... | undefined; user_agen...': length, pop, push, concat, and 35 more.
app/actions/reservation-settings.ts(76,14): error TS2352: Conversion of type '{ created_at: string | null; event_data: Json; event_type: string; id: string; ip_address: unknown; line_friend_id: string | null; organization_id: string; referrer: string | null; session_id: string | null; user_agent: string | null; } | ... 29 more ... | { ...; }' to type 'ReservationSettings' may be a mistake because neither type sufficiently overlaps with the other. If this was intentional, convert the expression to 'unknown' first.
  Type '{ created_at: string | null; error_message: string | null; event_type: string; id: string; line_channel_id: string | null; payload: Json; processed_at: string | null; status: string; }' is missing the following properties from type 'ReservationSettings': user_id, business_hours, blocked_dates, advance_booking_days, and 4 more.
app/actions/reservation-settings.ts(83,10): error TS2352: Conversion of type '{ created_at: string | null; event_data: Json; event_type: string; id: string; ip_address: unknown; line_friend_id: string | null; organization_id: string; referrer: string | null; session_id: string | null; user_agent: string | null; } | ... 29 more ... | { ...; }' to type 'ReservationSettings' may be a mistake because neither type sufficiently overlaps with the other. If this was intentional, convert the expression to 'unknown' first.
  Type '{ created_at: string | null; error_message: string | null; event_type: string; id: string; line_channel_id: string | null; payload: Json; processed_at: string | null; status: string; }' is missing the following properties from type 'ReservationSettings': user_id, business_hours, blocked_dates, advance_booking_days, and 4 more.
app/actions/reservation-settings.ts(87,22): error TS2344: Type '"reservation_settings"' does not satisfy the constraint '"line_friends" | "organizations" | "users" | "step_campaigns" | "forms" | "tags" | "line_channels" | "messages" | "reservation_types" | "schedules" | "schedule_slots" | "rich_menus" | ... 19 more ... | { ...; }'.
app/actions/reservation-settings.ts(97,11): error TS2769: No overload matches this call.
  Overload 1 of 2, '(relation: "line_friends" | "organizations" | "users" | "step_campaigns" | "forms" | "tags" | "line_channels" | "messages" | "reservation_types" | "schedules" | "schedule_slots" | ... 19 more ... | "webhook_logs"): PostgrestQueryBuilder<...>', gave the following error.
    Argument of type '"reservation_settings"' is not assignable to parameter of type '"line_friends" | "organizations" | "users" | "step_campaigns" | "forms" | "tags" | "line_channels" | "messages" | "reservation_types" | "schedules" | "schedule_slots" | "rich_menus" | ... 18 more ... | "webhook_logs"'.
  Overload 2 of 2, '(relation: never): PostgrestQueryBuilder<{ PostgrestVersion: "13.0.5"; }, { Tables: { analytics_events: { Row: { created_at: string | null; event_data: Json; event_type: string; id: string; ip_address: unknown; ... 4 more ...; user_agent: string | null; }; Insert: { ...; }; Update: { ...; }; Relationships: [...]; }; ... 29 more ...; webhook_logs: { ...; }; }; Views: {}; Functions: { ...; }; Enums: {}; CompositeTypes: {}; }, never, never, never>', gave the following error.
    Argument of type '"reservation_settings"' is not assignable to parameter of type 'never'.
app/actions/reservation-settings.ts(106,13): error TS2769: No overload matches this call.
  Overload 1 of 2, '(relation: "line_friends" | "organizations" | "users" | "step_campaigns" | "forms" | "tags" | "line_channels" | "messages" | "reservation_types" | "schedules" | "schedule_slots" | ... 19 more ... | "webhook_logs"): PostgrestQueryBuilder<...>', gave the following error.
    Argument of type '"reservation_settings"' is not assignable to parameter of type '"line_friends" | "organizations" | "users" | "step_campaigns" | "forms" | "tags" | "line_channels" | "messages" | "reservation_types" | "schedules" | "schedule_slots" | "rich_menus" | ... 18 more ... | "webhook_logs"'.
  Overload 2 of 2, '(relation: never): PostgrestQueryBuilder<{ PostgrestVersion: "13.0.5"; }, { Tables: { analytics_events: { Row: { created_at: string | null; event_data: Json; event_type: string; id: string; ip_address: unknown; ... 4 more ...; user_agent: string | null; }; Insert: { ...; }; Update: { ...; }; Relationships: [...]; }; ... 29 more ...; webhook_logs: { ...; }; }; Views: {}; Functions: { ...; }; Enums: {}; CompositeTypes: {}; }, never, never, never>', gave the following error.
    Argument of type '"reservation_settings"' is not assignable to parameter of type 'never'.
app/actions/reservation-settings.ts(108,9): error TS2698: Spread types may only be created from object types.
app/actions/reservation-settings.ts(123,13): error TS2769: No overload matches this call.
  Overload 1 of 2, '(relation: "line_friends" | "organizations" | "users" | "step_campaigns" | "forms" | "tags" | "line_channels" | "messages" | "reservation_types" | "schedules" | "schedule_slots" | ... 19 more ... | "webhook_logs"): PostgrestQueryBuilder<...>', gave the following error.
    Argument of type '"reservation_settings"' is not assignable to parameter of type '"line_friends" | "organizations" | "users" | "step_campaigns" | "forms" | "tags" | "line_channels" | "messages" | "reservation_types" | "schedules" | "schedule_slots" | "rich_menus" | ... 18 more ... | "webhook_logs"'.
  Overload 2 of 2, '(relation: never): PostgrestQueryBuilder<{ PostgrestVersion: "13.0.5"; }, { Tables: { analytics_events: { Row: { created_at: string | null; event_data: Json; event_type: string; id: string; ip_address: unknown; ... 4 more ...; user_agent: string | null; }; Insert: { ...; }; Update: { ...; }; Relationships: [...]; }; ... 29 more ...; webhook_logs: { ...; }; }; Views: {}; Functions: { ...; }; Enums: {}; CompositeTypes: {}; }, never, never, never>', gave the following error.
    Argument of type '"reservation_settings"' is not assignable to parameter of type 'never'.
app/actions/reservation-settings.ts(126,9): error TS2698: Spread types may only be created from object types.
app/actions/reservation-settings.ts(140,10): error TS2352: Conversion of type '{ created_at: string | null; event_data: Json; event_type: string; id: string; ip_address: unknown; line_friend_id: string | null; organization_id: string; referrer: string | null; session_id: string | null; user_agent: string | null; } | ... 29 more ... | { ...; }' to type 'ReservationSettings' may be a mistake because neither type sufficiently overlaps with the other. If this was intentional, convert the expression to 'unknown' first.
  Type '{ created_at: string | null; error_message: string | null; event_type: string; id: string; line_channel_id: string | null; payload: Json; processed_at: string | null; status: string; }' is missing the following properties from type 'ReservationSettings': user_id, business_hours, blocked_dates, advance_booking_days, and 4 more.
app/actions/reservation-settings.ts(144,36): error TS2345: Argument of type '{ business_hours: any; }' is not assignable to parameter of type 'never'.
app/actions/reservation-settings.ts(151,36): error TS2345: Argument of type '{ blocked_dates: string[]; }' is not assignable to parameter of type 'never'.
app/actions/reservation-settings.ts(158,36): error TS2345: Argument of type '{ blocked_dates: string[]; }' is not assignable to parameter of type 'never'.
app/actions/reservation-settings.ts(162,36): error TS2345: Argument of type '{ notification_settings: any; }' is not assignable to parameter of type 'never'.
app/actions/reservation-types.ts(46,10): error TS2352: Conversion of type '{ color: string | null; created_at: string | null; description: string | null; display_order: number | null; duration_minutes: number; id: string; is_active: boolean | null; name: string; organization_id: string; status: string; updated_at: string | null; }[]' to type 'ReservationType[]' may be a mistake because neither type sufficiently overlaps with the other. If this was intentional, convert the expression to 'unknown' first.
  Type '{ color: string | null; created_at: string | null; description: string | null; display_order: number | null; duration_minutes: number; id: string; is_active: boolean | null; name: string; organization_id: string; status: string; updated_at: string | null; }' is missing the following properties from type 'ReservationType': user_id, buffer_minutes, settings
app/actions/reservation-types.ts(68,10): error TS2352: Conversion of type '{ color: string | null; created_at: string | null; description: string | null; display_order: number | null; duration_minutes: number; id: string; is_active: boolean | null; name: string; organization_id: string; status: string; updated_at: string | null; }' to type 'ReservationType' may be a mistake because neither type sufficiently overlaps with the other. If this was intentional, convert the expression to 'unknown' first.
  Type '{ color: string | null; created_at: string | null; description: string | null; display_order: number | null; duration_minutes: number; id: string; is_active: boolean | null; name: string; organization_id: string; status: string; updated_at: string | null; }' is missing the following properties from type 'ReservationType': user_id, buffer_minutes, settings
app/actions/reservation-types.ts(95,10): error TS2352: Conversion of type '{ color: string | null; created_at: string | null; description: string | null; display_order: number | null; duration_minutes: number; id: string; is_active: boolean | null; name: string; organization_id: string; status: string; updated_at: string | null; }' to type 'ReservationType' may be a mistake because neither type sufficiently overlaps with the other. If this was intentional, convert the expression to 'unknown' first.
  Type '{ color: string | null; created_at: string | null; description: string | null; display_order: number | null; duration_minutes: number; id: string; is_active: boolean | null; name: string; organization_id: string; status: string; updated_at: string | null; }' is missing the following properties from type 'ReservationType': user_id, buffer_minutes, settings
app/actions/reservation-types.ts(136,10): error TS2352: Conversion of type '{ color: string | null; created_at: string | null; description: string | null; display_order: number | null; duration_minutes: number; id: string; is_active: boolean | null; name: string; organization_id: string; status: string; updated_at: string | null; }' to type 'ReservationType' may be a mistake because neither type sufficiently overlaps with the other. If this was intentional, convert the expression to 'unknown' first.
  Type '{ color: string | null; created_at: string | null; description: string | null; display_order: number | null; duration_minutes: number; id: string; is_active: boolean | null; name: string; organization_id: string; status: string; updated_at: string | null; }' is missing the following properties from type 'ReservationType': user_id, buffer_minutes, settings
app/actions/reservation-types.ts(204,7): error TS2769: No overload matches this call.
  Overload 1 of 2, '(values: { color?: string | null | undefined; created_at?: string | null | undefined; description?: string | null | undefined; display_order?: number | null | undefined; duration_minutes?: number | undefined; ... 5 more ...; updated_at?: string | ... 1 more ... | undefined; }, options?: { ...; } | undefined): PostgrestFilterBuilder<...>', gave the following error.
    Object literal may only specify known properties, and 'user_id' does not exist in type '{ color?: string | null | undefined; created_at?: string | null | undefined; description?: string | null | undefined; display_order?: number | null | undefined; duration_minutes?: number | undefined; ... 5 more ...; updated_at?: string | ... 1 more ... | undefined; }'.
  Overload 2 of 2, '(values: { color?: string | null | undefined; created_at?: string | null | undefined; description?: string | null | undefined; display_order?: number | null | undefined; duration_minutes?: number | undefined; ... 5 more ...; updated_at?: string | ... 1 more ... | undefined; }[], options?: { ...; } | undefined): PostgrestFilterBuilder<...>', gave the following error.
    Object literal may only specify known properties, and 'user_id' does not exist in type '{ color?: string | null | undefined; created_at?: string | null | undefined; description?: string | null | undefined; display_order?: number | null | undefined; duration_minutes?: number | undefined; ... 5 more ...; updated_at?: string | ... 1 more ... | undefined; }[]'.
app/actions/reservation-types.ts(204,25): error TS2339: Property 'user_id' does not exist on type '{ color: string | null; created_at: string | null; description: string | null; display_order: number | null; duration_minutes: number; id: string; is_active: boolean | null; name: string; organization_id: string; status: string; updated_at: string | null; }'.
app/actions/reservation-types.ts(208,32): error TS2339: Property 'buffer_minutes' does not exist on type '{ color: string | null; created_at: string | null; description: string | null; display_order: number | null; duration_minutes: number; id: string; is_active: boolean | null; name: string; organization_id: string; status: string; updated_at: string | null; }'.
app/actions/reservation-types.ts(209,26): error TS2339: Property 'settings' does not exist on type '{ color: string | null; created_at: string | null; description: string | null; display_order: number | null; duration_minutes: number; id: string; is_active: boolean | null; name: string; organization_id: string; status: string; updated_at: string | null; }'.
app/actions/reservation-types.ts(221,10): error TS2352: Conversion of type '{ color: string | null; created_at: string | null; description: string | null; display_order: number | null; duration_minutes: number; id: string; is_active: boolean | null; name: string; organization_id: string; status: string; updated_at: string | null; }' to type 'ReservationType' may be a mistake because neither type sufficiently overlaps with the other. If this was intentional, convert the expression to 'unknown' first.
  Type '{ color: string | null; created_at: string | null; description: string | null; display_order: number | null; duration_minutes: number; id: string; is_active: boolean | null; name: string; organization_id: string; status: string; updated_at: string | null; }' is missing the following properties from type 'ReservationType': user_id, buffer_minutes, settings
app/actions/reservation-types.ts(246,20): error TS2339: Property 'status' does not exist on type 'SelectQueryError<"column 'user_id' does not exist on 'reservation_types'.">'.
app/actions/reservations.ts(132,11): error TS2352: Conversion of type '{ cancellation_reason: string | null; cancelled_at: string | null; confirmed_at: string | null; created_at: string | null; custom_data: Json; customer_email: string | null; ... 14 more ...; friend: { ...; } | null; }[]' to type 'Reservation[]' may be a mistake because neither type sufficiently overlaps with the other. If this was intentional, convert the expression to 'unknown' first.
  Type '{ cancellation_reason: string | null; cancelled_at: string | null; confirmed_at: string | null; created_at: string | null; custom_data: Json; customer_email: string | null; ... 14 more ...; friend: { ...; } | null; }' is missing the following properties from type 'Reservation': slot_id, friend_id, customer_memo, line_user_id, completed_at
app/actions/reservations.ts(183,10): error TS2352: Conversion of type '{ cancellation_reason: string | null; cancelled_at: string | null; confirmed_at: string | null; created_at: string | null; custom_data: Json; customer_email: string | null; ... 14 more ...; friend: { ...; } | null; }' to type 'Reservation' may be a mistake because neither type sufficiently overlaps with the other. If this was intentional, convert the expression to 'unknown' first.
  Type '{ cancellation_reason: string | null; cancelled_at: string | null; confirmed_at: string | null; created_at: string | null; custom_data: Json; customer_email: string | null; ... 14 more ...; friend: { ...; } | null; }' is missing the following properties from type 'Reservation': slot_id, friend_id, customer_memo, line_user_id, completed_at
app/actions/reservations.ts(224,16): error TS2339: Property 'completed_at' does not exist on type '{ cancellation_reason?: string | null | undefined; cancelled_at?: string | null | undefined; confirmed_at?: string | null | undefined; created_at?: string | null | undefined; custom_data?: Json | undefined; ... 12 more ...; updated_at?: string | ... 1 more ... | undefined; }'.
app/actions/reservations.ts(261,10): error TS2352: Conversion of type '{ cancellation_reason: string | null; cancelled_at: string | null; confirmed_at: string | null; created_at: string | null; custom_data: Json; customer_email: string | null; ... 14 more ...; friend: { ...; } | null; }' to type 'Reservation' may be a mistake because neither type sufficiently overlaps with the other. If this was intentional, convert the expression to 'unknown' first.
  Type '{ cancellation_reason: string | null; cancelled_at: string | null; confirmed_at: string | null; created_at: string | null; custom_data: Json; customer_email: string | null; ... 14 more ...; friend: { ...; } | null; }' is missing the following properties from type 'Reservation': slot_id, friend_id, customer_memo, line_user_id, completed_at
app/actions/rich-menus.ts(51,44): error TS2339: Property 'access_token' does not exist on type 'SelectQueryError<"column 'access_token' does not exist on 'line_channels'.">'.
app/actions/rich-menus.ts(105,42): error TS2339: Property 'access_token' does not exist on type 'SelectQueryError<"column 'access_token' does not exist on 'line_channels'.">'.
app/actions/rich-menus.ts(123,7): error TS2769: No overload matches this call.
  Overload 1 of 2, '(values: { chat_bar_text: string; created_at?: string | null | undefined; id?: string | undefined; image_url: string; is_default?: boolean | null | undefined; line_channel_id: string; line_rich_menu_id?: string | ... 1 more ... | undefined; ... 5 more ...; updated_at?: string | ... 1 more ... | undefined; }, options?: { ...; } | undefined): PostgrestFilterBuilder<...>', gave the following error.
    Object literal may only specify known properties, and 'user_id' does not exist in type '{ chat_bar_text: string; created_at?: string | null | undefined; id?: string | undefined; image_url: string; is_default?: boolean | null | undefined; line_channel_id: string; line_rich_menu_id?: string | ... 1 more ... | undefined; ... 5 more ...; updated_at?: string | ... 1 more ... | undefined; }'.
  Overload 2 of 2, '(values: { chat_bar_text: string; created_at?: string | null | undefined; id?: string | undefined; image_url: string; is_default?: boolean | null | undefined; line_channel_id: string; line_rich_menu_id?: string | ... 1 more ... | undefined; ... 5 more ...; updated_at?: string | ... 1 more ... | undefined; }[], options?: { ...; } | undefined): PostgrestFilterBuilder<...>', gave the following error.
    Object literal may only specify known properties, and 'user_id' does not exist in type '{ chat_bar_text: string; created_at?: string | null | undefined; id?: string | undefined; image_url: string; is_default?: boolean | null | undefined; line_channel_id: string; line_rich_menu_id?: string | ... 1 more ... | undefined; ... 5 more ...; updated_at?: string | ... 1 more ... | undefined; }[]'.
app/actions/rich-menus.ts(181,42): error TS2339: Property 'access_token' does not exist on type 'SelectQueryError<"column 'access_token' does not exist on 'line_channels'.">'.
app/actions/rich-menus.ts(190,42): error TS2339: Property 'access_token' does not exist on type 'SelectQueryError<"column 'access_token' does not exist on 'line_channels'.">'.
app/actions/rich-menus.ts(265,42): error TS2339: Property 'access_token' does not exist on type 'SelectQueryError<"column 'access_token' does not exist on 'line_channels'.">'.
app/actions/rich-menus.ts(367,22): error TS2339: Property 'size' does not exist on type '{ chat_bar_text: string; created_at: string | null; id: string; image_url: string; is_default: boolean | null; line_channel_id: string; line_rich_menu_id: string | null; name: string; ... 4 more ...; updated_at: string | null; }'.
app/actions/rich-menus.ts(368,26): error TS2339: Property 'selected' does not exist on type '{ chat_bar_text: string; created_at: string | null; id: string; image_url: string; is_default: boolean | null; line_channel_id: string; line_rich_menu_id: string | null; name: string; ... 4 more ...; updated_at: string | null; }'.
app/actions/rich-menus.ts(369,23): error TS2339: Property 'areas' does not exist on type '{ chat_bar_text: string; created_at: string | null; id: string; image_url: string; is_default: boolean | null; line_channel_id: string; line_rich_menu_id: string | null; name: string; ... 4 more ...; updated_at: string | null; }'.
app/actions/rich-menus.ts(376,42): error TS2339: Property 'access_token' does not exist on type 'SelectQueryError<"column 'access_token' does not exist on 'line_channels'.">'.
app/actions/rich-menus.ts(394,7): error TS2769: No overload matches this call.
  Overload 1 of 2, '(values: { chat_bar_text: string; created_at?: string | null | undefined; id?: string | undefined; image_url: string; is_default?: boolean | null | undefined; line_channel_id: string; line_rich_menu_id?: string | ... 1 more ... | undefined; ... 5 more ...; updated_at?: string | ... 1 more ... | undefined; }, options?: { ...; } | undefined): PostgrestFilterBuilder<...>', gave the following error.
    Object literal may only specify known properties, and 'user_id' does not exist in type '{ chat_bar_text: string; created_at?: string | null | undefined; id?: string | undefined; image_url: string; is_default?: boolean | null | undefined; line_channel_id: string; line_rich_menu_id?: string | ... 1 more ... | undefined; ... 5 more ...; updated_at?: string | ... 1 more ... | undefined; }'.
  Overload 2 of 2, '(values: { chat_bar_text: string; created_at?: string | null | undefined; id?: string | undefined; image_url: string; is_default?: boolean | null | undefined; line_channel_id: string; line_rich_menu_id?: string | ... 1 more ... | undefined; ... 5 more ...; updated_at?: string | ... 1 more ... | undefined; }[], options?: { ...; } | undefined): PostgrestFilterBuilder<...>', gave the following error.
    Object literal may only specify known properties, and 'user_id' does not exist in type '{ chat_bar_text: string; created_at?: string | null | undefined; id?: string | undefined; image_url: string; is_default?: boolean | null | undefined; line_channel_id: string; line_rich_menu_id?: string | ... 1 more ... | undefined; ... 5 more ...; updated_at?: string | ... 1 more ... | undefined; }[]'.
app/actions/rich-menus.ts(452,42): error TS2339: Property 'access_token' does not exist on type 'SelectQueryError<"column 'access_token' does not exist on 'line_channels'.">'.
app/actions/rich-menus.ts(695,44): error TS2339: Property 'access_token' does not exist on type 'SelectQueryError<"column 'access_token' does not exist on 'line_channels'.">'.
app/actions/rich-menus.ts(787,44): error TS2339: Property 'access_token' does not exist on type 'SelectQueryError<"column 'access_token' does not exist on 'line_channels'.">'.
app/actions/rich-menus.ts(880,44): error TS2339: Property 'access_token' does not exist on type 'SelectQueryError<"column 'access_token' does not exist on 'line_channels'.">'.
app/actions/rich-menus.ts(936,42): error TS2339: Property 'access_token' does not exist on type 'SelectQueryError<"column 'access_token' does not exist on 'line_channels'.">'.
app/actions/segments.ts(75,60): error TS2353: Object literal may only specify known properties, and 'user_id' does not exist in type '{ created_at?: string | null | undefined; description?: string | null | undefined; estimated_count?: number | null | undefined; id?: string | undefined; name: string; organization_id: string; type?: string | undefined; updated_at?: string | ... 1 more ... | undefined; }'.
app/actions/system.ts(548,11): error TS2769: No overload matches this call.
  Overload 1 of 2, '(relation: "line_friends" | "organizations" | "users" | "step_campaigns" | "forms" | "tags" | "line_channels" | "messages" | "reservation_types" | "schedules" | "schedule_slots" | ... 19 more ... | "webhook_logs"): PostgrestQueryBuilder<...>', gave the following error.
    Argument of type '"api_keys"' is not assignable to parameter of type '"line_friends" | "organizations" | "users" | "step_campaigns" | "forms" | "tags" | "line_channels" | "messages" | "reservation_types" | "schedules" | "schedule_slots" | "rich_menus" | ... 18 more ... | "webhook_logs"'.
  Overload 2 of 2, '(relation: never): PostgrestQueryBuilder<{ PostgrestVersion: "13.0.5"; }, { Tables: { analytics_events: { Row: { created_at: string | null; event_data: Json; event_type: string; id: string; ip_address: unknown; ... 4 more ...; user_agent: string | null; }; Insert: { ...; }; Update: { ...; }; Relationships: [...]; }; ... 29 more ...; webhook_logs: { ...; }; }; Views: {}; Functions: { ...; }; Enums: {}; CompositeTypes: {}; }, never, never, never>', gave the following error.
    Argument of type '"api_keys"' is not assignable to parameter of type 'never'.
app/actions/system.ts(555,3): error TS2322: Type '({ created_at: string | null; event_data: Json; event_type: string; id: string; ip_address: unknown; line_friend_id: string | null; organization_id: string; referrer: string | null; session_id: string | null; user_agent: string | null; } | ... 29 more ... | { ...; })[]' is not assignable to type 'APIKey[]'.
  Type '{ created_at: string | null; event_data: Json; event_type: string; id: string; ip_address: unknown; line_friend_id: string | null; organization_id: string; referrer: string | null; session_id: string | null; user_agent: string | null; } | ... 29 more ... | { ...; }' is not assignable to type 'APIKey'.
    Type '{ created_at: string | null; event_data: Json; event_type: string; id: string; ip_address: unknown; line_friend_id: string | null; organization_id: string; referrer: string | null; session_id: string | null; user_agent: string | null; }' is missing the following properties from type 'APIKey': name, key_prefix, key_hash, permissions, and 7 more.
app/actions/system.ts(588,11): error TS2769: No overload matches this call.
  Overload 1 of 2, '(relation: "line_friends" | "organizations" | "users" | "step_campaigns" | "forms" | "tags" | "line_channels" | "messages" | "reservation_types" | "schedules" | "schedule_slots" | ... 19 more ... | "webhook_logs"): PostgrestQueryBuilder<...>', gave the following error.
    Argument of type '"api_keys"' is not assignable to parameter of type '"line_friends" | "organizations" | "users" | "step_campaigns" | "forms" | "tags" | "line_channels" | "messages" | "reservation_types" | "schedules" | "schedule_slots" | "rich_menus" | ... 18 more ... | "webhook_logs"'.
  Overload 2 of 2, '(relation: never): PostgrestQueryBuilder<{ PostgrestVersion: "13.0.5"; }, { Tables: { analytics_events: { Row: { created_at: string | null; event_data: Json; event_type: string; id: string; ip_address: unknown; ... 4 more ...; user_agent: string | null; }; Insert: { ...; }; Update: { ...; }; Relationships: [...]; }; ... 29 more ...; webhook_logs: { ...; }; }; Views: {}; Functions: { ...; }; Enums: {}; CompositeTypes: {}; }, never, never, never>', gave the following error.
    Argument of type '"api_keys"' is not assignable to parameter of type 'never'.
app/actions/system.ts(615,3): error TS2322: Type '{ key: string; created_at: string | null; event_data: Json; event_type: string; id: string; ip_address: unknown; line_friend_id: string | null; organization_id: string; referrer: string | null; session_id: string | null; user_agent: string | null; } | ... 29 more ... | { ...; }' is not assignable to type 'APIKeyWithSecret'.
  Type '{ key: string; created_at: string | null; event_data: Json; event_type: string; id: string; ip_address: unknown; line_friend_id: string | null; organization_id: string; referrer: string | null; session_id: string | null; user_agent: string | null; }' is missing the following properties from type 'APIKeyWithSecret': name, key_prefix, key_hash, permissions, and 7 more.
app/actions/system.ts(646,11): error TS2769: No overload matches this call.
  Overload 1 of 2, '(relation: "line_friends" | "organizations" | "users" | "step_campaigns" | "forms" | "tags" | "line_channels" | "messages" | "reservation_types" | "schedules" | "schedule_slots" | ... 19 more ... | "webhook_logs"): PostgrestQueryBuilder<...>', gave the following error.
    Argument of type '"api_keys"' is not assignable to parameter of type '"line_friends" | "organizations" | "users" | "step_campaigns" | "forms" | "tags" | "line_channels" | "messages" | "reservation_types" | "schedules" | "schedule_slots" | "rich_menus" | ... 18 more ... | "webhook_logs"'.
  Overload 2 of 2, '(relation: never): PostgrestQueryBuilder<{ PostgrestVersion: "13.0.5"; }, { Tables: { analytics_events: { Row: { created_at: string | null; event_data: Json; event_type: string; id: string; ip_address: unknown; ... 4 more ...; user_agent: string | null; }; Insert: { ...; }; Update: { ...; }; Relationships: [...]; }; ... 29 more ...; webhook_logs: { ...; }; }; Views: {}; Functions: { ...; }; Enums: {}; CompositeTypes: {}; }, never, never, never>', gave the following error.
    Argument of type '"api_keys"' is not assignable to parameter of type 'never'.
app/actions/system.ts(671,3): error TS2322: Type '{ created_at: string | null; event_data: Json; event_type: string; id: string; ip_address: unknown; line_friend_id: string | null; organization_id: string; referrer: string | null; session_id: string | null; user_agent: string | null; } | ... 29 more ... | { ...; }' is not assignable to type 'APIKey'.
  Type '{ created_at: string | null; event_data: Json; event_type: string; id: string; ip_address: unknown; line_friend_id: string | null; organization_id: string; referrer: string | null; session_id: string | null; user_agent: string | null; }' is missing the following properties from type 'APIKey': name, key_prefix, key_hash, permissions, and 7 more.
app/actions/system.ts(696,11): error TS2769: No overload matches this call.
  Overload 1 of 2, '(relation: "line_friends" | "organizations" | "users" | "step_campaigns" | "forms" | "tags" | "line_channels" | "messages" | "reservation_types" | "schedules" | "schedule_slots" | ... 19 more ... | "webhook_logs"): PostgrestQueryBuilder<...>', gave the following error.
    Argument of type '"api_keys"' is not assignable to parameter of type '"line_friends" | "organizations" | "users" | "step_campaigns" | "forms" | "tags" | "line_channels" | "messages" | "reservation_types" | "schedules" | "schedule_slots" | "rich_menus" | ... 18 more ... | "webhook_logs"'.
  Overload 2 of 2, '(relation: never): PostgrestQueryBuilder<{ PostgrestVersion: "13.0.5"; }, { Tables: { analytics_events: { Row: { created_at: string | null; event_data: Json; event_type: string; id: string; ip_address: unknown; ... 4 more ...; user_agent: string | null; }; Insert: { ...; }; Update: { ...; }; Relationships: [...]; }; ... 29 more ...; webhook_logs: { ...; }; }; Views: {}; Functions: { ...; }; Enums: {}; CompositeTypes: {}; }, never, never, never>', gave the following error.
    Argument of type '"api_keys"' is not assignable to parameter of type 'never'.
app/actions/system.ts(741,11): error TS2769: No overload matches this call.
  Overload 1 of 2, '(relation: "line_friends" | "organizations" | "users" | "step_campaigns" | "forms" | "tags" | "line_channels" | "messages" | "reservation_types" | "schedules" | "schedule_slots" | ... 19 more ... | "webhook_logs"): PostgrestQueryBuilder<...>', gave the following error.
    Argument of type '"api_keys"' is not assignable to parameter of type '"line_friends" | "organizations" | "users" | "step_campaigns" | "forms" | "tags" | "line_channels" | "messages" | "reservation_types" | "schedules" | "schedule_slots" | "rich_menus" | ... 18 more ... | "webhook_logs"'.
  Overload 2 of 2, '(relation: never): PostgrestQueryBuilder<{ PostgrestVersion: "13.0.5"; }, { Tables: { analytics_events: { Row: { created_at: string | null; event_data: Json; event_type: string; id: string; ip_address: unknown; ... 4 more ...; user_agent: string | null; }; Insert: { ...; }; Update: { ...; }; Relationships: [...]; }; ... 29 more ...; webhook_logs: { ...; }; }; Views: {}; Functions: { ...; }; Enums: {}; CompositeTypes: {}; }, never, never, never>', gave the following error.
    Argument of type '"api_keys"' is not assignable to parameter of type 'never'.
app/actions/system.ts(854,41): error TS2345: Argument of type '{ limit: number; userId?: string; action?: string; resourceType?: string; startDate?: string; endDate?: string; offset?: number; }' is not assignable to parameter of type '{ page: number; limit: number; search?: string | undefined; action?: string | undefined; startDate?: string | undefined; endDate?: string | undefined; }'.
  Property 'page' is missing in type '{ limit: number; userId?: string; action?: string; resourceType?: string; startDate?: string; endDate?: string; offset?: number; }' but required in type '{ page: number; limit: number; search?: string | undefined; action?: string | undefined; startDate?: string | undefined; endDate?: string | undefined; }'.
app/actions/tags.ts(73,38): error TS2353: Object literal may only specify known properties, and 'user_id' does not exist in type '{ color?: string | null | undefined; created_at?: string | null | undefined; description?: string | null | undefined; id?: string | undefined; name: string; organization_id: string; updated_at?: string | ... 1 more ... | undefined; }'.
app/actions/templates.ts(8,37): error TS2344: Type '"message_templates"' does not satisfy the constraint '"line_friends" | "organizations" | "users" | "step_campaigns" | "forms" | "tags" | "line_channels" | "messages" | "reservation_types" | "schedules" | "schedule_slots" | "rich_menus" | ... 19 more ... | { ...; }'.
app/actions/templates.ts(9,43): error TS2344: Type '"message_templates"' does not satisfy the constraint '"line_friends" | "organizations" | "users" | "step_campaigns" | "forms" | "tags" | "line_channels" | "messages" | "reservation_types" | "schedules" | "schedule_slots" | "rich_menus" | ... 19 more ... | { ...; }'.
app/actions/templates.ts(76,33): error TS2345: Argument of type '{ user_id: string; }' is not assignable to parameter of type 'never'.
app/actions/url-tracking.ts(69,11): error TS2769: No overload matches this call.
  Overload 1 of 2, '(relation: "line_friends" | "organizations" | "users" | "step_campaigns" | "forms" | "tags" | "line_channels" | "messages" | "reservation_types" | "schedules" | "schedule_slots" | ... 19 more ... | "webhook_logs"): PostgrestQueryBuilder<...>', gave the following error.
    Argument of type '"url_tracking"' is not assignable to parameter of type '"line_friends" | "organizations" | "users" | "step_campaigns" | "forms" | "tags" | "line_channels" | "messages" | "reservation_types" | "schedules" | "schedule_slots" | "rich_menus" | ... 18 more ... | "webhook_logs"'.
  Overload 2 of 2, '(relation: never): PostgrestQueryBuilder<{ PostgrestVersion: "13.0.5"; }, { Tables: { analytics_events: { Row: { created_at: string | null; event_data: Json; event_type: string; id: string; ip_address: unknown; ... 4 more ...; user_agent: string | null; }; Insert: { ...; }; Update: { ...; }; Relationships: [...]; }; ... 29 more ...; webhook_logs: { ...; }; }; Views: {}; Functions: { ...; }; Enums: {}; CompositeTypes: {}; }, never, never, never>', gave the following error.
    Argument of type '"url_tracking"' is not assignable to parameter of type 'never'.
app/actions/url-tracking.ts(126,11): error TS2769: No overload matches this call.
  Overload 1 of 2, '(relation: "line_friends" | "organizations" | "users" | "step_campaigns" | "forms" | "tags" | "line_channels" | "messages" | "reservation_types" | "schedules" | "schedule_slots" | ... 19 more ... | "webhook_logs"): PostgrestQueryBuilder<...>', gave the following error.
    Argument of type '"url_tracking"' is not assignable to parameter of type '"line_friends" | "organizations" | "users" | "step_campaigns" | "forms" | "tags" | "line_channels" | "messages" | "reservation_types" | "schedules" | "schedule_slots" | "rich_menus" | ... 18 more ... | "webhook_logs"'.
  Overload 2 of 2, '(relation: never): PostgrestQueryBuilder<{ PostgrestVersion: "13.0.5"; }, { Tables: { analytics_events: { Row: { created_at: string | null; event_data: Json; event_type: string; id: string; ip_address: unknown; ... 4 more ...; user_agent: string | null; }; Insert: { ...; }; Update: { ...; }; Relationships: [...]; }; ... 29 more ...; webhook_logs: { ...; }; }; Views: {}; Functions: { ...; }; Enums: {}; CompositeTypes: {}; }, never, never, never>', gave the following error.
    Argument of type '"url_tracking"' is not assignable to parameter of type 'never'.
app/actions/url-tracking.ts(144,11): error TS2769: No overload matches this call.
  Overload 1 of 2, '(relation: "line_friends" | "organizations" | "users" | "step_campaigns" | "forms" | "tags" | "line_channels" | "messages" | "reservation_types" | "schedules" | "schedule_slots" | ... 19 more ... | "webhook_logs"): PostgrestQueryBuilder<...>', gave the following error.
    Argument of type '"url_tracking"' is not assignable to parameter of type '"line_friends" | "organizations" | "users" | "step_campaigns" | "forms" | "tags" | "line_channels" | "messages" | "reservation_types" | "schedules" | "schedule_slots" | "rich_menus" | ... 18 more ... | "webhook_logs"'.
  Overload 2 of 2, '(relation: never): PostgrestQueryBuilder<{ PostgrestVersion: "13.0.5"; }, { Tables: { analytics_events: { Row: { created_at: string | null; event_data: Json; event_type: string; id: string; ip_address: unknown; ... 4 more ...; user_agent: string | null; }; Insert: { ...; }; Update: { ...; }; Relationships: [...]; }; ... 29 more ...; webhook_logs: { ...; }; }; Views: {}; Functions: { ...; }; Enums: {}; CompositeTypes: {}; }, never, never, never>', gave the following error.
    Argument of type '"url_tracking"' is not assignable to parameter of type 'never'.
app/actions/url-tracking.ts(191,11): error TS2769: No overload matches this call.
  Overload 1 of 2, '(relation: "line_friends" | "organizations" | "users" | "step_campaigns" | "forms" | "tags" | "line_channels" | "messages" | "reservation_types" | "schedules" | "schedule_slots" | ... 19 more ... | "webhook_logs"): PostgrestQueryBuilder<...>', gave the following error.
    Argument of type '"url_tracking"' is not assignable to parameter of type '"line_friends" | "organizations" | "users" | "step_campaigns" | "forms" | "tags" | "line_channels" | "messages" | "reservation_types" | "schedules" | "schedule_slots" | "rich_menus" | ... 18 more ... | "webhook_logs"'.
  Overload 2 of 2, '(relation: never): PostgrestQueryBuilder<{ PostgrestVersion: "13.0.5"; }, { Tables: { analytics_events: { Row: { created_at: string | null; event_data: Json; event_type: string; id: string; ip_address: unknown; ... 4 more ...; user_agent: string | null; }; Insert: { ...; }; Update: { ...; }; Relationships: [...]; }; ... 29 more ...; webhook_logs: { ...; }; }; Views: {}; Functions: { ...; }; Enums: {}; CompositeTypes: {}; }, never, never, never>', gave the following error.
    Argument of type '"url_tracking"' is not assignable to parameter of type 'never'.
app/actions/url-tracking.ts(202,11): error TS2769: No overload matches this call.
  Overload 1 of 2, '(relation: "line_friends" | "organizations" | "users" | "step_campaigns" | "forms" | "tags" | "line_channels" | "messages" | "reservation_types" | "schedules" | "schedule_slots" | ... 19 more ... | "webhook_logs"): PostgrestQueryBuilder<...>', gave the following error.
    Argument of type '"url_tracking"' is not assignable to parameter of type '"line_friends" | "organizations" | "users" | "step_campaigns" | "forms" | "tags" | "line_channels" | "messages" | "reservation_types" | "schedules" | "schedule_slots" | "rich_menus" | ... 18 more ... | "webhook_logs"'.
  Overload 2 of 2, '(relation: never): PostgrestQueryBuilder<{ PostgrestVersion: "13.0.5"; }, { Tables: { analytics_events: { Row: { created_at: string | null; event_data: Json; event_type: string; id: string; ip_address: unknown; ... 4 more ...; user_agent: string | null; }; Insert: { ...; }; Update: { ...; }; Relationships: [...]; }; ... 29 more ...; webhook_logs: { ...; }; }; Views: {}; Functions: { ...; }; Enums: {}; CompositeTypes: {}; }, never, never, never>', gave the following error.
    Argument of type '"url_tracking"' is not assignable to parameter of type 'never'.
app/actions/url-tracking.ts(239,11): error TS2769: No overload matches this call.
  Overload 1 of 2, '(relation: "line_friends" | "organizations" | "users" | "step_campaigns" | "forms" | "tags" | "line_channels" | "messages" | "reservation_types" | "schedules" | "schedule_slots" | ... 19 more ... | "webhook_logs"): PostgrestQueryBuilder<...>', gave the following error.
    Argument of type '"url_tracking"' is not assignable to parameter of type '"line_friends" | "organizations" | "users" | "step_campaigns" | "forms" | "tags" | "line_channels" | "messages" | "reservation_types" | "schedules" | "schedule_slots" | "rich_menus" | ... 18 more ... | "webhook_logs"'.
  Overload 2 of 2, '(relation: never): PostgrestQueryBuilder<{ PostgrestVersion: "13.0.5"; }, { Tables: { analytics_events: { Row: { created_at: string | null; event_data: Json; event_type: string; id: string; ip_address: unknown; ... 4 more ...; user_agent: string | null; }; Insert: { ...; }; Update: { ...; }; Relationships: [...]; }; ... 29 more ...; webhook_logs: { ...; }; }; Views: {}; Functions: { ...; }; Enums: {}; CompositeTypes: {}; }, never, never, never>', gave the following error.
    Argument of type '"url_tracking"' is not assignable to parameter of type 'never'.
app/actions/url-tracking.ts(250,11): error TS2769: No overload matches this call.
  Overload 1 of 2, '(relation: "line_friends" | "organizations" | "users" | "step_campaigns" | "forms" | "tags" | "line_channels" | "messages" | "reservation_types" | "schedules" | "schedule_slots" | ... 19 more ... | "webhook_logs"): PostgrestQueryBuilder<...>', gave the following error.
    Argument of type '"url_tracking"' is not assignable to parameter of type '"line_friends" | "organizations" | "users" | "step_campaigns" | "forms" | "tags" | "line_channels" | "messages" | "reservation_types" | "schedules" | "schedule_slots" | "rich_menus" | ... 18 more ... | "webhook_logs"'.
  Overload 2 of 2, '(relation: never): PostgrestQueryBuilder<{ PostgrestVersion: "13.0.5"; }, { Tables: { analytics_events: { Row: { created_at: string | null; event_data: Json; event_type: string; id: string; ip_address: unknown; ... 4 more ...; user_agent: string | null; }; Insert: { ...; }; Update: { ...; }; Relationships: [...]; }; ... 29 more ...; webhook_logs: { ...; }; }; Views: {}; Functions: { ...; }; Enums: {}; CompositeTypes: {}; }, never, never, never>', gave the following error.
    Argument of type '"url_tracking"' is not assignable to parameter of type 'never'.
app/actions/url-tracking.ts(281,11): error TS2769: No overload matches this call.
  Overload 1 of 2, '(relation: "line_friends" | "organizations" | "users" | "step_campaigns" | "forms" | "tags" | "line_channels" | "messages" | "reservation_types" | "schedules" | "schedule_slots" | ... 19 more ... | "webhook_logs"): PostgrestQueryBuilder<...>', gave the following error.
    Argument of type '"url_tracking"' is not assignable to parameter of type '"line_friends" | "organizations" | "users" | "step_campaigns" | "forms" | "tags" | "line_channels" | "messages" | "reservation_types" | "schedules" | "schedule_slots" | "rich_menus" | ... 18 more ... | "webhook_logs"'.
  Overload 2 of 2, '(relation: never): PostgrestQueryBuilder<{ PostgrestVersion: "13.0.5"; }, { Tables: { analytics_events: { Row: { created_at: string | null; event_data: Json; event_type: string; id: string; ip_address: unknown; ... 4 more ...; user_agent: string | null; }; Insert: { ...; }; Update: { ...; }; Relationships: [...]; }; ... 29 more ...; webhook_logs: { ...; }; }; Views: {}; Functions: { ...; }; Enums: {}; CompositeTypes: {}; }, never, never, never>', gave the following error.
    Argument of type '"url_tracking"' is not assignable to parameter of type 'never'.
app/actions/url-tracking.ts(325,27): error TS2769: No overload matches this call.
  Overload 1 of 4, '(value: string | number | Date): Date', gave the following error.
    Argument of type 'string | null' is not assignable to parameter of type 'string | number | Date'.
      Type 'null' is not assignable to type 'string | number | Date'.
  Overload 2 of 4, '(value: string | number): Date', gave the following error.
    Argument of type 'string | null' is not assignable to parameter of type 'string | number'.
      Type 'null' is not assignable to type 'string | number'.
app/actions/url-tracking.ts(331,15): error TS2339: Property 'friend_id' does not exist on type '{ clicked_at: string | null; id: string; ip_address: unknown; line_friend_id: string | null; referrer: string | null; url_mapping_id: string; user_agent: string | null; }'.
app/actions/url-tracking.ts(331,51): error TS2339: Property 'friend_id' does not exist on type '{ clicked_at: string | null; id: string; ip_address: unknown; line_friend_id: string | null; referrer: string | null; url_mapping_id: string; user_agent: string | null; }'.
app/actions/url-tracking.ts(333,29): error TS2339: Property 'friend_id' does not exist on type '{ clicked_at: string | null; id: string; ip_address: unknown; line_friend_id: string | null; referrer: string | null; url_mapping_id: string; user_agent: string | null; }'.
app/actions/url-tracking.ts(382,31): error TS2339: Property 'original_url' does not exist on type '{ created_at: string | null; event_data: Json; event_type: string; id: string; ip_address: unknown; line_friend_id: string | null; organization_id: string; referrer: string | null; session_id: string | null; user_agent: string | null; } | ... 29 more ... | { ...; }'.
  Property 'original_url' does not exist on type '{ created_at: string | null; event_data: Json; event_type: string; id: string; ip_address: unknown; line_friend_id: string | null; organization_id: string; referrer: string | null; session_id: string | null; user_agent: string | null; }'.
app/actions/url-tracking.ts(383,29): error TS2339: Property 'short_code' does not exist on type '{ created_at: string | null; event_data: Json; event_type: string; id: string; ip_address: unknown; line_friend_id: string | null; organization_id: string; referrer: string | null; session_id: string | null; user_agent: string | null; } | ... 29 more ... | { ...; }'.
  Property 'short_code' does not exist on type '{ created_at: string | null; event_data: Json; event_type: string; id: string; ip_address: unknown; line_friend_id: string | null; organization_id: string; referrer: string | null; session_id: string | null; user_agent: string | null; }'.
app/actions/url-tracking.ts(384,68): error TS2339: Property 'short_code' does not exist on type '{ created_at: string | null; event_data: Json; event_type: string; id: string; ip_address: unknown; line_friend_id: string | null; organization_id: string; referrer: string | null; session_id: string | null; user_agent: string | null; } | ... 29 more ... | { ...; }'.
  Property 'short_code' does not exist on type '{ created_at: string | null; event_data: Json; event_type: string; id: string; ip_address: unknown; line_friend_id: string | null; organization_id: string; referrer: string | null; session_id: string | null; user_agent: string | null; }'.
app/actions/url-tracking.ts(385,30): error TS2339: Property 'custom_slug' does not exist on type '{ created_at: string | null; event_data: Json; event_type: string; id: string; ip_address: unknown; line_friend_id: string | null; organization_id: string; referrer: string | null; session_id: string | null; user_agent: string | null; } | ... 29 more ... | { ...; }'.
  Property 'custom_slug' does not exist on type '{ created_at: string | null; event_data: Json; event_type: string; id: string; ip_address: unknown; line_friend_id: string | null; organization_id: string; referrer: string | null; session_id: string | null; user_agent: string | null; }'.
app/actions/url-tracking.ts(386,32): error TS2339: Property 'campaign_name' does not exist on type '{ created_at: string | null; event_data: Json; event_type: string; id: string; ip_address: unknown; line_friend_id: string | null; organization_id: string; referrer: string | null; session_id: string | null; user_agent: string | null; } | ... 29 more ... | { ...; }'.
  Property 'campaign_name' does not exist on type '{ created_at: string | null; event_data: Json; event_type: string; id: string; ip_address: unknown; line_friend_id: string | null; organization_id: string; referrer: string | null; session_id: string | null; user_agent: string | null; }'.
app/actions/url-tracking.ts(387,31): error TS2339: Property 'total_clicks' does not exist on type '{ created_at: string | null; event_data: Json; event_type: string; id: string; ip_address: unknown; line_friend_id: string | null; organization_id: string; referrer: string | null; session_id: string | null; user_agent: string | null; } | ... 29 more ... | { ...; }'.
  Property 'total_clicks' does not exist on type '{ created_at: string | null; event_data: Json; event_type: string; id: string; ip_address: unknown; line_friend_id: string | null; organization_id: string; referrer: string | null; session_id: string | null; user_agent: string | null; }'.
app/actions/url-tracking.ts(388,32): error TS2339: Property 'unique_clicks' does not exist on type '{ created_at: string | null; event_data: Json; event_type: string; id: string; ip_address: unknown; line_friend_id: string | null; organization_id: string; referrer: string | null; session_id: string | null; user_agent: string | null; } | ... 29 more ... | { ...; }'.
  Property 'unique_clicks' does not exist on type '{ created_at: string | null; event_data: Json; event_type: string; id: string; ip_address: unknown; line_friend_id: string | null; organization_id: string; referrer: string | null; session_id: string | null; user_agent: string | null; }'.
app/actions/url-tracking.ts(389,29): error TS2339: Property 'created_at' does not exist on type '{ created_at: string | null; event_data: Json; event_type: string; id: string; ip_address: unknown; line_friend_id: string | null; organization_id: string; referrer: string | null; session_id: string | null; user_agent: string | null; } | ... 29 more ... | { ...; }'.
  Property 'created_at' does not exist on type '{ clicked_at: string | null; id: string; ip_address: unknown; line_friend_id: string | null; referrer: string | null; url_mapping_id: string; user_agent: string | null; }'.
app/actions/url-tracking.ts(390,34): error TS2339: Property 'last_clicked_at' does not exist on type '{ created_at: string | null; event_data: Json; event_type: string; id: string; ip_address: unknown; line_friend_id: string | null; organization_id: string; referrer: string | null; session_id: string | null; user_agent: string | null; } | ... 29 more ... | { ...; }'.
  Property 'last_clicked_at' does not exist on type '{ created_at: string | null; event_data: Json; event_type: string; id: string; ip_address: unknown; line_friend_id: string | null; organization_id: string; referrer: string | null; session_id: string | null; user_agent: string | null; }'.
app/actions/url-tracking.ts(417,11): error TS2769: No overload matches this call.
  Overload 1 of 2, '(relation: "line_friends" | "organizations" | "users" | "step_campaigns" | "forms" | "tags" | "line_channels" | "messages" | "reservation_types" | "schedules" | "schedule_slots" | ... 19 more ... | "webhook_logs"): PostgrestQueryBuilder<...>', gave the following error.
    Argument of type '"url_tracking"' is not assignable to parameter of type '"line_friends" | "organizations" | "users" | "step_campaigns" | "forms" | "tags" | "line_channels" | "messages" | "reservation_types" | "schedules" | "schedule_slots" | "rich_menus" | ... 18 more ... | "webhook_logs"'.
  Overload 2 of 2, '(relation: never): PostgrestQueryBuilder<{ PostgrestVersion: "13.0.5"; }, { Tables: { analytics_events: { Row: { created_at: string | null; event_data: Json; event_type: string; id: string; ip_address: unknown; ... 4 more ...; user_agent: string | null; }; Insert: { ...; }; Update: { ...; }; Relationships: [...]; }; ... 29 more ...; webhook_logs: { ...; }; }; Views: {}; Functions: { ...; }; Enums: {}; CompositeTypes: {}; }, never, never, never>', gave the following error.
    Argument of type '"url_tracking"' is not assignable to parameter of type 'never'.
app/actions/url-tracking.ts(484,11): error TS2769: No overload matches this call.
  Overload 1 of 2, '(relation: "line_friends" | "organizations" | "users" | "step_campaigns" | "forms" | "tags" | "line_channels" | "messages" | "reservation_types" | "schedules" | "schedule_slots" | ... 19 more ... | "webhook_logs"): PostgrestQueryBuilder<...>', gave the following error.
    Argument of type '"url_tracking"' is not assignable to parameter of type '"line_friends" | "organizations" | "users" | "step_campaigns" | "forms" | "tags" | "line_channels" | "messages" | "reservation_types" | "schedules" | "schedule_slots" | "rich_menus" | ... 18 more ... | "webhook_logs"'.
  Overload 2 of 2, '(relation: never): PostgrestQueryBuilder<{ PostgrestVersion: "13.0.5"; }, { Tables: { analytics_events: { Row: { created_at: string | null; event_data: Json; event_type: string; id: string; ip_address: unknown; ... 4 more ...; user_agent: string | null; }; Insert: { ...; }; Update: { ...; }; Relationships: [...]; }; ... 29 more ...; webhook_logs: { ...; }; }; Views: {}; Functions: { ...; }; Enums: {}; CompositeTypes: {}; }, never, never, never>', gave the following error.
    Argument of type '"url_tracking"' is not assignable to parameter of type 'never'.
app/api/billing/add-payment-method/route.ts(33,13): error TS2769: No overload matches this call.
  Overload 1 of 2, '(relation: "line_friends" | "organizations" | "users" | "step_campaigns" | "forms" | "tags" | "line_channels" | "messages" | "reservation_types" | "schedules" | "schedule_slots" | ... 19 more ... | "webhook_logs"): PostgrestQueryBuilder<...>', gave the following error.
    Argument of type '"subscriptions"' is not assignable to parameter of type '"line_friends" | "organizations" | "users" | "step_campaigns" | "forms" | "tags" | "line_channels" | "messages" | "reservation_types" | "schedules" | "schedule_slots" | "rich_menus" | ... 18 more ... | "webhook_logs"'.
  Overload 2 of 2, '(relation: never): PostgrestQueryBuilder<{ PostgrestVersion: "13.0.5"; }, { Tables: { analytics_events: { Row: { created_at: string | null; event_data: Json; event_type: string; id: string; ip_address: unknown; ... 4 more ...; user_agent: string | null; }; Insert: { ...; }; Update: { ...; }; Relationships: [...]; }; ... 29 more ...; webhook_logs: { ...; }; }; Views: {}; Functions: { ...; }; Enums: {}; CompositeTypes: {}; }, never, never, never>', gave the following error.
    Argument of type '"subscriptions"' is not assignable to parameter of type 'never'.
app/api/billing/add-payment-method/route.ts(38,24): error TS2339: Property 'stripe_customer_id' does not exist on type 'SelectQueryError<"column 'stripe_customer_id' does not exist on 'line_friends'."> | SelectQueryError<"column 'stripe_customer_id' does not exist on 'organizations'."> | ... 28 more ... | SelectQueryError<...>'.
  Property 'stripe_customer_id' does not exist on type 'SelectQueryError<"column 'stripe_customer_id' does not exist on 'line_friends'.">'.
app/api/billing/add-payment-method/route.ts(44,30): error TS2339: Property 'stripe_customer_id' does not exist on type 'SelectQueryError<"column 'stripe_customer_id' does not exist on 'line_friends'."> | SelectQueryError<"column 'stripe_customer_id' does not exist on 'organizations'."> | ... 28 more ... | SelectQueryError<...>'.
  Property 'stripe_customer_id' does not exist on type 'SelectQueryError<"column 'stripe_customer_id' does not exist on 'line_friends'.">'.
app/api/billing/add-payment-method/route.ts(49,13): error TS2769: No overload matches this call.
  Overload 1 of 2, '(relation: "line_friends" | "organizations" | "users" | "step_campaigns" | "forms" | "tags" | "line_channels" | "messages" | "reservation_types" | "schedules" | "schedule_slots" | ... 19 more ... | "webhook_logs"): PostgrestQueryBuilder<...>', gave the following error.
    Argument of type '"payment_methods"' is not assignable to parameter of type '"line_friends" | "organizations" | "users" | "step_campaigns" | "forms" | "tags" | "line_channels" | "messages" | "reservation_types" | "schedules" | "schedule_slots" | "rich_menus" | ... 18 more ... | "webhook_logs"'.
  Overload 2 of 2, '(relation: never): PostgrestQueryBuilder<{ PostgrestVersion: "13.0.5"; }, { Tables: { analytics_events: { Row: { created_at: string | null; event_data: Json; event_type: string; id: string; ip_address: unknown; ... 4 more ...; user_agent: string | null; }; Insert: { ...; }; Update: { ...; }; Relationships: [...]; }; ... 29 more ...; webhook_logs: { ...; }; }; Views: {}; Functions: { ...; }; Enums: {}; CompositeTypes: {}; }, never, never, never>', gave the following error.
    Argument of type '"payment_methods"' is not assignable to parameter of type 'never'.
app/api/billing/add-payment-method/route.ts(57,13): error TS2769: No overload matches this call.
  Overload 1 of 2, '(relation: "line_friends" | "organizations" | "users" | "step_campaigns" | "forms" | "tags" | "line_channels" | "messages" | "reservation_types" | "schedules" | "schedule_slots" | ... 19 more ... | "webhook_logs"): PostgrestQueryBuilder<...>', gave the following error.
    Argument of type '"payment_methods"' is not assignable to parameter of type '"line_friends" | "organizations" | "users" | "step_campaigns" | "forms" | "tags" | "line_channels" | "messages" | "reservation_types" | "schedules" | "schedule_slots" | "rich_menus" | ... 18 more ... | "webhook_logs"'.
  Overload 2 of 2, '(relation: never): PostgrestQueryBuilder<{ PostgrestVersion: "13.0.5"; }, { Tables: { analytics_events: { Row: { created_at: string | null; event_data: Json; event_type: string; id: string; ip_address: unknown; ... 4 more ...; user_agent: string | null; }; Insert: { ...; }; Update: { ...; }; Relationships: [...]; }; ... 29 more ...; webhook_logs: { ...; }; }; Views: {}; Functions: { ...; }; Enums: {}; CompositeTypes: {}; }, never, never, never>', gave the following error.
    Argument of type '"payment_methods"' is not assignable to parameter of type 'never'.
app/api/billing/add-payment-method/route.ts(58,8): error TS2769: No overload matches this call.
  Overload 1 of 2, '(values: { created_at?: string | null | undefined; event_data?: Json | undefined; event_type: string; id?: string | undefined; ip_address?: unknown; line_friend_id?: string | null | undefined; organization_id: string; referrer?: string | ... 1 more ... | undefined; session_id?: string | ... 1 more ... | undefined; user_agent?: string | ... 1 more ... | undefined; } | ... 29 more ... | { ...; }, options?: { ...; } | undefined): PostgrestFilterBuilder<...>', gave the following error.
    Object literal may only specify known properties, and 'stripe_payment_method_id' does not exist in type '{ created_at?: string | null | undefined; event_data?: Json | undefined; event_type: string; id?: string | undefined; ip_address?: unknown; line_friend_id?: string | null | undefined; organization_id: string; referrer?: string | ... 1 more ... | undefined; session_id?: string | ... 1 more ... | undefined; user_agent...'.
  Overload 2 of 2, '(values: ({ created_at?: string | null | undefined; event_data?: Json | undefined; event_type: string; id?: string | undefined; ip_address?: unknown; line_friend_id?: string | null | undefined; organization_id: string; referrer?: string | ... 1 more ... | undefined; session_id?: string | ... 1 more ... | undefined; user_agent?: string | ... 1 more ... | undefined; } | ... 29 more ... | { ...; })[], options?: { ...; } | undefined): PostgrestFilterBuilder<...>', gave the following error.
    Object literal may only specify known properties, and 'organization_id' does not exist in type '({ created_at?: string | null | undefined; event_data?: Json | undefined; event_type: string; id?: string | undefined; ip_address?: unknown; line_friend_id?: string | null | undefined; organization_id: string; referrer?: string | ... 1 more ... | undefined; session_id?: string | ... 1 more ... | undefined; user_agen...'.
app/api/billing/add-payment-method/route.ts(76,50): error TS2339: Property 'stripe_customer_id' does not exist on type 'SelectQueryError<"column 'stripe_customer_id' does not exist on 'line_friends'."> | SelectQueryError<"column 'stripe_customer_id' does not exist on 'organizations'."> | ... 28 more ... | SelectQueryError<...>'.
  Property 'stripe_customer_id' does not exist on type 'SelectQueryError<"column 'stripe_customer_id' does not exist on 'line_friends'.">'.
app/api/billing/cancel-subscription/route.ts(27,13): error TS2769: No overload matches this call.
  Overload 1 of 2, '(relation: "line_friends" | "organizations" | "users" | "step_campaigns" | "forms" | "tags" | "line_channels" | "messages" | "reservation_types" | "schedules" | "schedule_slots" | ... 19 more ... | "webhook_logs"): PostgrestQueryBuilder<...>', gave the following error.
    Argument of type '"subscriptions"' is not assignable to parameter of type '"line_friends" | "organizations" | "users" | "step_campaigns" | "forms" | "tags" | "line_channels" | "messages" | "reservation_types" | "schedules" | "schedule_slots" | "rich_menus" | ... 18 more ... | "webhook_logs"'.
  Overload 2 of 2, '(relation: never): PostgrestQueryBuilder<{ PostgrestVersion: "13.0.5"; }, { Tables: { analytics_events: { Row: { created_at: string | null; event_data: Json; event_type: string; id: string; ip_address: unknown; ... 4 more ...; user_agent: string | null; }; Insert: { ...; }; Update: { ...; }; Relationships: [...]; }; ... 29 more ...; webhook_logs: { ...; }; }; Views: {}; Functions: { ...; }; Enums: {}; CompositeTypes: {}; }, never, never, never>', gave the following error.
    Argument of type '"subscriptions"' is not assignable to parameter of type 'never'.
app/api/billing/cancel-subscription/route.ts(37,22): error TS2339: Property 'stripe_subscription_id' does not exist on type '{ created_at: string | null; event_data: Json; event_type: string; id: string; ip_address: unknown; line_friend_id: string | null; organization_id: string; referrer: string | null; session_id: string | null; user_agent: string | null; } | ... 29 more ... | { ...; }'.
  Property 'stripe_subscription_id' does not exist on type '{ created_at: string | null; event_data: Json; event_type: string; id: string; ip_address: unknown; line_friend_id: string | null; organization_id: string; referrer: string | null; session_id: string | null; user_agent: string | null; }'.
app/api/billing/cancel-subscription/route.ts(38,54): error TS2339: Property 'stripe_subscription_id' does not exist on type '{ created_at: string | null; event_data: Json; event_type: string; id: string; ip_address: unknown; line_friend_id: string | null; organization_id: string; referrer: string | null; session_id: string | null; user_agent: string | null; } | ... 29 more ... | { ...; }'.
  Property 'stripe_subscription_id' does not exist on type '{ created_at: string | null; event_data: Json; event_type: string; id: string; ip_address: unknown; line_friend_id: string | null; organization_id: string; referrer: string | null; session_id: string | null; user_agent: string | null; }'.
app/api/billing/cancel-subscription/route.ts(45,13): error TS2769: No overload matches this call.
  Overload 1 of 2, '(relation: "line_friends" | "organizations" | "users" | "step_campaigns" | "forms" | "tags" | "line_channels" | "messages" | "reservation_types" | "schedules" | "schedule_slots" | ... 19 more ... | "webhook_logs"): PostgrestQueryBuilder<...>', gave the following error.
    Argument of type '"subscriptions"' is not assignable to parameter of type '"line_friends" | "organizations" | "users" | "step_campaigns" | "forms" | "tags" | "line_channels" | "messages" | "reservation_types" | "schedules" | "schedule_slots" | "rich_menus" | ... 18 more ... | "webhook_logs"'.
  Overload 2 of 2, '(relation: never): PostgrestQueryBuilder<{ PostgrestVersion: "13.0.5"; }, { Tables: { analytics_events: { Row: { created_at: string | null; event_data: Json; event_type: string; id: string; ip_address: unknown; ... 4 more ...; user_agent: string | null; }; Insert: { ...; }; Update: { ...; }; Relationships: [...]; }; ... 29 more ...; webhook_logs: { ...; }; }; Views: {}; Functions: { ...; }; Enums: {}; CompositeTypes: {}; }, never, never, never>', gave the following error.
    Argument of type '"subscriptions"' is not assignable to parameter of type 'never'.
app/api/billing/change-plan/route.ts(33,13): error TS2769: No overload matches this call.
  Overload 1 of 2, '(relation: "line_friends" | "organizations" | "users" | "step_campaigns" | "forms" | "tags" | "line_channels" | "messages" | "reservation_types" | "schedules" | "schedule_slots" | ... 19 more ... | "webhook_logs"): PostgrestQueryBuilder<...>', gave the following error.
    Argument of type '"subscriptions"' is not assignable to parameter of type '"line_friends" | "organizations" | "users" | "step_campaigns" | "forms" | "tags" | "line_channels" | "messages" | "reservation_types" | "schedules" | "schedule_slots" | "rich_menus" | ... 18 more ... | "webhook_logs"'.
  Overload 2 of 2, '(relation: never): PostgrestQueryBuilder<{ PostgrestVersion: "13.0.5"; }, { Tables: { analytics_events: { Row: { created_at: string | null; event_data: Json; event_type: string; id: string; ip_address: unknown; ... 4 more ...; user_agent: string | null; }; Insert: { ...; }; Update: { ...; }; Relationships: [...]; }; ... 29 more ...; webhook_logs: { ...; }; }; Views: {}; Functions: { ...; }; Enums: {}; CompositeTypes: {}; }, never, never, never>', gave the following error.
    Argument of type '"subscriptions"' is not assignable to parameter of type 'never'.
app/api/billing/change-plan/route.ts(43,22): error TS2339: Property 'stripe_subscription_id' does not exist on type '{ created_at: string | null; event_data: Json; event_type: string; id: string; ip_address: unknown; line_friend_id: string | null; organization_id: string; referrer: string | null; session_id: string | null; user_agent: string | null; } | ... 29 more ... | { ...; }'.
  Property 'stripe_subscription_id' does not exist on type '{ created_at: string | null; event_data: Json; event_type: string; id: string; ip_address: unknown; line_friend_id: string | null; organization_id: string; referrer: string | null; session_id: string | null; user_agent: string | null; }'.
app/api/billing/change-plan/route.ts(50,54): error TS2339: Property 'stripe_subscription_id' does not exist on type '{ created_at: string | null; event_data: Json; event_type: string; id: string; ip_address: unknown; line_friend_id: string | null; organization_id: string; referrer: string | null; session_id: string | null; user_agent: string | null; } | ... 29 more ... | { ...; }'.
  Property 'stripe_subscription_id' does not exist on type '{ created_at: string | null; event_data: Json; event_type: string; id: string; ip_address: unknown; line_friend_id: string | null; organization_id: string; referrer: string | null; session_id: string | null; user_agent: string | null; }'.
app/api/billing/change-plan/route.ts(52,28): error TS2339: Property 'stripe_price_id' does not exist on type '{ created_at: string | null; event_data: Json; event_type: string; id: string; ip_address: unknown; line_friend_id: string | null; organization_id: string; referrer: string | null; session_id: string | null; user_agent: string | null; } | ... 29 more ... | { ...; }'.
  Property 'stripe_price_id' does not exist on type '{ created_at: string | null; event_data: Json; event_type: string; id: string; ip_address: unknown; line_friend_id: string | null; organization_id: string; referrer: string | null; session_id: string | null; user_agent: string | null; }'.
app/api/billing/change-plan/route.ts(61,13): error TS2769: No overload matches this call.
  Overload 1 of 2, '(relation: "line_friends" | "organizations" | "users" | "step_campaigns" | "forms" | "tags" | "line_channels" | "messages" | "reservation_types" | "schedules" | "schedule_slots" | ... 19 more ... | "webhook_logs"): PostgrestQueryBuilder<...>', gave the following error.
    Argument of type '"subscriptions"' is not assignable to parameter of type '"line_friends" | "organizations" | "users" | "step_campaigns" | "forms" | "tags" | "line_channels" | "messages" | "reservation_types" | "schedules" | "schedule_slots" | "rich_menus" | ... 18 more ... | "webhook_logs"'.
  Overload 2 of 2, '(relation: never): PostgrestQueryBuilder<{ PostgrestVersion: "13.0.5"; }, { Tables: { analytics_events: { Row: { created_at: string | null; event_data: Json; event_type: string; id: string; ip_address: unknown; ... 4 more ...; user_agent: string | null; }; Insert: { ...; }; Update: { ...; }; Relationships: [...]; }; ... 29 more ...; webhook_logs: { ...; }; }; Views: {}; Functions: { ...; }; Enums: {}; CompositeTypes: {}; }, never, never, never>', gave the following error.
    Argument of type '"subscriptions"' is not assignable to parameter of type 'never'.
app/api/billing/invoices/route.ts(26,13): error TS2769: No overload matches this call.
  Overload 1 of 2, '(relation: "line_friends" | "organizations" | "users" | "step_campaigns" | "forms" | "tags" | "line_channels" | "messages" | "reservation_types" | "schedules" | "schedule_slots" | ... 19 more ... | "webhook_logs"): PostgrestQueryBuilder<...>', gave the following error.
    Argument of type '"invoices"' is not assignable to parameter of type '"line_friends" | "organizations" | "users" | "step_campaigns" | "forms" | "tags" | "line_channels" | "messages" | "reservation_types" | "schedules" | "schedule_slots" | "rich_menus" | ... 18 more ... | "webhook_logs"'.
  Overload 2 of 2, '(relation: never): PostgrestQueryBuilder<{ PostgrestVersion: "13.0.5"; }, { Tables: { analytics_events: { Row: { created_at: string | null; event_data: Json; event_type: string; id: string; ip_address: unknown; ... 4 more ...; user_agent: string | null; }; Insert: { ...; }; Update: { ...; }; Relationships: [...]; }; ... 29 more ...; webhook_logs: { ...; }; }; Views: {}; Functions: { ...; }; Enums: {}; CompositeTypes: {}; }, never, never, never>', gave the following error.
    Argument of type '"invoices"' is not assignable to parameter of type 'never'.
app/api/billing/invoices/route.ts(40,28): error TS2339: Property 'period_start' does not exist on type '{ created_at: string | null; event_data: Json; event_type: string; id: string; ip_address: unknown; line_friend_id: string | null; organization_id: string; referrer: string | null; session_id: string | null; user_agent: string | null; } | ... 29 more ... | { ...; }'.
  Property 'period_start' does not exist on type '{ created_at: string | null; event_data: Json; event_type: string; id: string; ip_address: unknown; line_friend_id: string | null; organization_id: string; referrer: string | null; session_id: string | null; user_agent: string | null; }'.
app/api/billing/invoices/route.ts(41,26): error TS2339: Property 'period_end' does not exist on type '{ created_at: string | null; event_data: Json; event_type: string; id: string; ip_address: unknown; line_friend_id: string | null; organization_id: string; referrer: string | null; session_id: string | null; user_agent: string | null; } | ... 29 more ... | { ...; }'.
  Property 'period_end' does not exist on type '{ created_at: string | null; event_data: Json; event_type: string; id: string; ip_address: unknown; line_friend_id: string | null; organization_id: string; referrer: string | null; session_id: string | null; user_agent: string | null; }'.
app/api/billing/invoices/route.ts(42,28): error TS2339: Property 'amount_total' does not exist on type '{ created_at: string | null; event_data: Json; event_type: string; id: string; ip_address: unknown; line_friend_id: string | null; organization_id: string; referrer: string | null; session_id: string | null; user_agent: string | null; } | ... 29 more ... | { ...; }'.
  Property 'amount_total' does not exist on type '{ created_at: string | null; event_data: Json; event_type: string; id: string; ip_address: unknown; line_friend_id: string | null; organization_id: string; referrer: string | null; session_id: string | null; user_agent: string | null; }'.
app/api/billing/invoices/route.ts(43,23): error TS2339: Property 'status' does not exist on type '{ created_at: string | null; event_data: Json; event_type: string; id: string; ip_address: unknown; line_friend_id: string | null; organization_id: string; referrer: string | null; session_id: string | null; user_agent: string | null; } | ... 29 more ... | { ...; }'.
  Property 'status' does not exist on type '{ created_at: string | null; event_data: Json; event_type: string; id: string; ip_address: unknown; line_friend_id: string | null; organization_id: string; referrer: string | null; session_id: string | null; user_agent: string | null; }'.
app/api/billing/invoices/route.ts(44,21): error TS2339: Property 'paid' does not exist on type '{ created_at: string | null; event_data: Json; event_type: string; id: string; ip_address: unknown; line_friend_id: string | null; organization_id: string; referrer: string | null; session_id: string | null; user_agent: string | null; } | ... 29 more ... | { ...; }'.
  Property 'paid' does not exist on type '{ created_at: string | null; event_data: Json; event_type: string; id: string; ip_address: unknown; line_friend_id: string | null; organization_id: string; referrer: string | null; session_id: string | null; user_agent: string | null; }'.
app/api/billing/invoices/route.ts(45,23): error TS2339: Property 'paid_at' does not exist on type '{ created_at: string | null; event_data: Json; event_type: string; id: string; ip_address: unknown; line_friend_id: string | null; organization_id: string; referrer: string | null; session_id: string | null; user_agent: string | null; } | ... 29 more ... | { ...; }'.
  Property 'paid_at' does not exist on type '{ created_at: string | null; event_data: Json; event_type: string; id: string; ip_address: unknown; line_friend_id: string | null; organization_id: string; referrer: string | null; session_id: string | null; user_agent: string | null; }'.
app/api/billing/invoices/route.ts(46,30): error TS2339: Property 'invoice_pdf_url' does not exist on type '{ created_at: string | null; event_data: Json; event_type: string; id: string; ip_address: unknown; line_friend_id: string | null; organization_id: string; referrer: string | null; session_id: string | null; user_agent: string | null; } | ... 29 more ... | { ...; }'.
  Property 'invoice_pdf_url' does not exist on type '{ created_at: string | null; event_data: Json; event_type: string; id: string; ip_address: unknown; line_friend_id: string | null; organization_id: string; referrer: string | null; session_id: string | null; user_agent: string | null; }'.
app/api/billing/payment-methods/[id]/route.ts(32,13): error TS2769: No overload matches this call.
  Overload 1 of 2, '(relation: "line_friends" | "organizations" | "users" | "step_campaigns" | "forms" | "tags" | "line_channels" | "messages" | "reservation_types" | "schedules" | "schedule_slots" | ... 19 more ... | "webhook_logs"): PostgrestQueryBuilder<...>', gave the following error.
    Argument of type '"payment_methods"' is not assignable to parameter of type '"line_friends" | "organizations" | "users" | "step_campaigns" | "forms" | "tags" | "line_channels" | "messages" | "reservation_types" | "schedules" | "schedule_slots" | "rich_menus" | ... 18 more ... | "webhook_logs"'.
  Overload 2 of 2, '(relation: never): PostgrestQueryBuilder<{ PostgrestVersion: "13.0.5"; }, { Tables: { analytics_events: { Row: { created_at: string | null; event_data: Json; event_type: string; id: string; ip_address: unknown; ... 4 more ...; user_agent: string | null; }; Insert: { ...; }; Update: { ...; }; Relationships: [...]; }; ... 29 more ...; webhook_logs: { ...; }; }; Views: {}; Functions: { ...; }; Enums: {}; CompositeTypes: {}; }, never, never, never>', gave the following error.
    Argument of type '"payment_methods"' is not assignable to parameter of type 'never'.
app/api/billing/payment-methods/[id]/route.ts(43,23): error TS2339: Property 'is_default' does not exist on type 'SelectQueryError<"column 'stripe_payment_method_id' does not exist on 'line_friends'."> | SelectQueryError<"column 'stripe_payment_method_id' does not exist on 'organizations'."> | ... 28 more ... | SelectQueryError<...>'.
  Property 'is_default' does not exist on type 'SelectQueryError<"column 'stripe_payment_method_id' does not exist on 'line_friends'.">'.
app/api/billing/payment-methods/[id]/route.ts(45,15): error TS2769: No overload matches this call.
  Overload 1 of 2, '(relation: "line_friends" | "organizations" | "users" | "step_campaigns" | "forms" | "tags" | "line_channels" | "messages" | "reservation_types" | "schedules" | "schedule_slots" | ... 19 more ... | "webhook_logs"): PostgrestQueryBuilder<...>', gave the following error.
    Argument of type '"payment_methods"' is not assignable to parameter of type '"line_friends" | "organizations" | "users" | "step_campaigns" | "forms" | "tags" | "line_channels" | "messages" | "reservation_types" | "schedules" | "schedule_slots" | "rich_menus" | ... 18 more ... | "webhook_logs"'.
  Overload 2 of 2, '(relation: never): PostgrestQueryBuilder<{ PostgrestVersion: "13.0.5"; }, { Tables: { analytics_events: { Row: { created_at: string | null; event_data: Json; event_type: string; id: string; ip_address: unknown; ... 4 more ...; user_agent: string | null; }; Insert: { ...; }; Update: { ...; }; Relationships: [...]; }; ... 29 more ...; webhook_logs: { ...; }; }; Views: {}; Functions: { ...; }; Enums: {}; CompositeTypes: {}; }, never, never, never>', gave the following error.
    Argument of type '"payment_methods"' is not assignable to parameter of type 'never'.
app/api/billing/payment-methods/[id]/route.ts(60,56): error TS2339: Property 'stripe_payment_method_id' does not exist on type 'SelectQueryError<"column 'stripe_payment_method_id' does not exist on 'line_friends'."> | SelectQueryError<"column 'stripe_payment_method_id' does not exist on 'organizations'."> | ... 28 more ... | SelectQueryError<...>'.
  Property 'stripe_payment_method_id' does not exist on type 'SelectQueryError<"column 'stripe_payment_method_id' does not exist on 'line_friends'.">'.
app/api/billing/payment-methods/[id]/route.ts(68,13): error TS2769: No overload matches this call.
  Overload 1 of 2, '(relation: "line_friends" | "organizations" | "users" | "step_campaigns" | "forms" | "tags" | "line_channels" | "messages" | "reservation_types" | "schedules" | "schedule_slots" | ... 19 more ... | "webhook_logs"): PostgrestQueryBuilder<...>', gave the following error.
    Argument of type '"payment_methods"' is not assignable to parameter of type '"line_friends" | "organizations" | "users" | "step_campaigns" | "forms" | "tags" | "line_channels" | "messages" | "reservation_types" | "schedules" | "schedule_slots" | "rich_menus" | ... 18 more ... | "webhook_logs"'.
  Overload 2 of 2, '(relation: never): PostgrestQueryBuilder<{ PostgrestVersion: "13.0.5"; }, { Tables: { analytics_events: { Row: { created_at: string | null; event_data: Json; event_type: string; id: string; ip_address: unknown; ... 4 more ...; user_agent: string | null; }; Insert: { ...; }; Update: { ...; }; Relationships: [...]; }; ... 29 more ...; webhook_logs: { ...; }; }; Views: {}; Functions: { ...; }; Enums: {}; CompositeTypes: {}; }, never, never, never>', gave the following error.
    Argument of type '"payment_methods"' is not assignable to parameter of type 'never'.
app/api/billing/payment-methods/route.ts(26,13): error TS2769: No overload matches this call.
  Overload 1 of 2, '(relation: "line_friends" | "organizations" | "users" | "step_campaigns" | "forms" | "tags" | "line_channels" | "messages" | "reservation_types" | "schedules" | "schedule_slots" | ... 19 more ... | "webhook_logs"): PostgrestQueryBuilder<...>', gave the following error.
    Argument of type '"payment_methods"' is not assignable to parameter of type '"line_friends" | "organizations" | "users" | "step_campaigns" | "forms" | "tags" | "line_channels" | "messages" | "reservation_types" | "schedules" | "schedule_slots" | "rich_menus" | ... 18 more ... | "webhook_logs"'.
  Overload 2 of 2, '(relation: never): PostgrestQueryBuilder<{ PostgrestVersion: "13.0.5"; }, { Tables: { analytics_events: { Row: { created_at: string | null; event_data: Json; event_type: string; id: string; ip_address: unknown; ... 4 more ...; user_agent: string | null; }; Insert: { ...; }; Update: { ...; }; Relationships: [...]; }; ... 29 more ...; webhook_logs: { ...; }; }; Views: {}; Functions: { ...; }; Enums: {}; CompositeTypes: {}; }, never, never, never>', gave the following error.
    Argument of type '"payment_methods"' is not assignable to parameter of type 'never'.
app/api/billing/payment-methods/route.ts(39,20): error TS2339: Property 'type' does not exist on type '{ created_at: string | null; event_data: Json; event_type: string; id: string; ip_address: unknown; line_friend_id: string | null; organization_id: string; referrer: string | null; session_id: string | null; user_agent: string | null; } | ... 29 more ... | { ...; }'.
  Property 'type' does not exist on type '{ created_at: string | null; event_data: Json; event_type: string; id: string; ip_address: unknown; line_friend_id: string | null; organization_id: string; referrer: string | null; session_id: string | null; user_agent: string | null; }'.
app/api/billing/payment-methods/route.ts(40,25): error TS2339: Property 'card_brand' does not exist on type '{ created_at: string | null; event_data: Json; event_type: string; id: string; ip_address: unknown; line_friend_id: string | null; organization_id: string; referrer: string | null; session_id: string | null; user_agent: string | null; } | ... 29 more ... | { ...; }'.
  Property 'card_brand' does not exist on type '{ created_at: string | null; event_data: Json; event_type: string; id: string; ip_address: unknown; line_friend_id: string | null; organization_id: string; referrer: string | null; session_id: string | null; user_agent: string | null; }'.
app/api/billing/payment-methods/route.ts(41,25): error TS2339: Property 'card_last4' does not exist on type '{ created_at: string | null; event_data: Json; event_type: string; id: string; ip_address: unknown; line_friend_id: string | null; organization_id: string; referrer: string | null; session_id: string | null; user_agent: string | null; } | ... 29 more ... | { ...; }'.
  Property 'card_last4' does not exist on type '{ created_at: string | null; event_data: Json; event_type: string; id: string; ip_address: unknown; line_friend_id: string | null; organization_id: string; referrer: string | null; session_id: string | null; user_agent: string | null; }'.
app/api/billing/payment-methods/route.ts(42,28): error TS2339: Property 'card_exp_month' does not exist on type '{ created_at: string | null; event_data: Json; event_type: string; id: string; ip_address: unknown; line_friend_id: string | null; organization_id: string; referrer: string | null; session_id: string | null; user_agent: string | null; } | ... 29 more ... | { ...; }'.
  Property 'card_exp_month' does not exist on type '{ created_at: string | null; event_data: Json; event_type: string; id: string; ip_address: unknown; line_friend_id: string | null; organization_id: string; referrer: string | null; session_id: string | null; user_agent: string | null; }'.
app/api/billing/payment-methods/route.ts(43,27): error TS2339: Property 'card_exp_year' does not exist on type '{ created_at: string | null; event_data: Json; event_type: string; id: string; ip_address: unknown; line_friend_id: string | null; organization_id: string; referrer: string | null; session_id: string | null; user_agent: string | null; } | ... 29 more ... | { ...; }'.
  Property 'card_exp_year' does not exist on type '{ created_at: string | null; event_data: Json; event_type: string; id: string; ip_address: unknown; line_friend_id: string | null; organization_id: string; referrer: string | null; session_id: string | null; user_agent: string | null; }'.
app/api/billing/payment-methods/route.ts(44,24): error TS2339: Property 'bank_name' does not exist on type '{ created_at: string | null; event_data: Json; event_type: string; id: string; ip_address: unknown; line_friend_id: string | null; organization_id: string; referrer: string | null; session_id: string | null; user_agent: string | null; } | ... 29 more ... | { ...; }'.
  Property 'bank_name' does not exist on type '{ created_at: string | null; event_data: Json; event_type: string; id: string; ip_address: unknown; line_friend_id: string | null; organization_id: string; referrer: string | null; session_id: string | null; user_agent: string | null; }'.
app/api/billing/payment-methods/route.ts(45,25): error TS2339: Property 'bank_last4' does not exist on type '{ created_at: string | null; event_data: Json; event_type: string; id: string; ip_address: unknown; line_friend_id: string | null; organization_id: string; referrer: string | null; session_id: string | null; user_agent: string | null; } | ... 29 more ... | { ...; }'.
  Property 'bank_last4' does not exist on type '{ created_at: string | null; event_data: Json; event_type: string; id: string; ip_address: unknown; line_friend_id: string | null; organization_id: string; referrer: string | null; session_id: string | null; user_agent: string | null; }'.
app/api/billing/payment-methods/route.ts(46,25): error TS2339: Property 'is_default' does not exist on type '{ created_at: string | null; event_data: Json; event_type: string; id: string; ip_address: unknown; line_friend_id: string | null; organization_id: string; referrer: string | null; session_id: string | null; user_agent: string | null; } | ... 29 more ... | { ...; }'.
  Property 'is_default' does not exist on type '{ created_at: string | null; event_data: Json; event_type: string; id: string; ip_address: unknown; line_friend_id: string | null; organization_id: string; referrer: string | null; session_id: string | null; user_agent: string | null; }'.
app/api/billing/set-default-payment-method/route.ts(33,13): error TS2769: No overload matches this call.
  Overload 1 of 2, '(relation: "line_friends" | "organizations" | "users" | "step_campaigns" | "forms" | "tags" | "line_channels" | "messages" | "reservation_types" | "schedules" | "schedule_slots" | ... 19 more ... | "webhook_logs"): PostgrestQueryBuilder<...>', gave the following error.
    Argument of type '"payment_methods"' is not assignable to parameter of type '"line_friends" | "organizations" | "users" | "step_campaigns" | "forms" | "tags" | "line_channels" | "messages" | "reservation_types" | "schedules" | "schedule_slots" | "rich_menus" | ... 18 more ... | "webhook_logs"'.
  Overload 2 of 2, '(relation: never): PostgrestQueryBuilder<{ PostgrestVersion: "13.0.5"; }, { Tables: { analytics_events: { Row: { created_at: string | null; event_data: Json; event_type: string; id: string; ip_address: unknown; ... 4 more ...; user_agent: string | null; }; Insert: { ...; }; Update: { ...; }; Relationships: [...]; }; ... 29 more ...; webhook_logs: { ...; }; }; Views: {}; Functions: { ...; }; Enums: {}; CompositeTypes: {}; }, never, never, never>', gave the following error.
    Argument of type '"payment_methods"' is not assignable to parameter of type 'never'.
app/api/billing/set-default-payment-method/route.ts(45,13): error TS2769: No overload matches this call.
  Overload 1 of 2, '(relation: "line_friends" | "organizations" | "users" | "step_campaigns" | "forms" | "tags" | "line_channels" | "messages" | "reservation_types" | "schedules" | "schedule_slots" | ... 19 more ... | "webhook_logs"): PostgrestQueryBuilder<...>', gave the following error.
    Argument of type '"subscriptions"' is not assignable to parameter of type '"line_friends" | "organizations" | "users" | "step_campaigns" | "forms" | "tags" | "line_channels" | "messages" | "reservation_types" | "schedules" | "schedule_slots" | "rich_menus" | ... 18 more ... | "webhook_logs"'.
  Overload 2 of 2, '(relation: never): PostgrestQueryBuilder<{ PostgrestVersion: "13.0.5"; }, { Tables: { analytics_events: { Row: { created_at: string | null; event_data: Json; event_type: string; id: string; ip_address: unknown; ... 4 more ...; user_agent: string | null; }; Insert: { ...; }; Update: { ...; }; Relationships: [...]; }; ... 29 more ...; webhook_logs: { ...; }; }; Views: {}; Functions: { ...; }; Enums: {}; CompositeTypes: {}; }, never, never, never>', gave the following error.
    Argument of type '"subscriptions"' is not assignable to parameter of type 'never'.
app/api/billing/set-default-payment-method/route.ts(50,24): error TS2339: Property 'stripe_customer_id' does not exist on type 'SelectQueryError<"column 'stripe_customer_id' does not exist on 'line_friends'."> | SelectQueryError<"column 'stripe_customer_id' does not exist on 'organizations'."> | ... 28 more ... | SelectQueryError<...>'.
  Property 'stripe_customer_id' does not exist on type 'SelectQueryError<"column 'stripe_customer_id' does not exist on 'line_friends'.">'.
app/api/billing/set-default-payment-method/route.ts(55,48): error TS2339: Property 'stripe_customer_id' does not exist on type 'SelectQueryError<"column 'stripe_customer_id' does not exist on 'line_friends'."> | SelectQueryError<"column 'stripe_customer_id' does not exist on 'organizations'."> | ... 28 more ... | SelectQueryError<...>'.
  Property 'stripe_customer_id' does not exist on type 'SelectQueryError<"column 'stripe_customer_id' does not exist on 'line_friends'.">'.
app/api/billing/set-default-payment-method/route.ts(57,47): error TS2339: Property 'stripe_payment_method_id' does not exist on type 'SelectQueryError<"column 'stripe_payment_method_id' does not exist on 'line_friends'."> | SelectQueryError<"column 'stripe_payment_method_id' does not exist on 'organizations'."> | ... 28 more ... | SelectQueryError<...>'.
  Property 'stripe_payment_method_id' does not exist on type 'SelectQueryError<"column 'stripe_payment_method_id' does not exist on 'line_friends'.">'.
app/api/billing/set-default-payment-method/route.ts(63,13): error TS2769: No overload matches this call.
  Overload 1 of 2, '(relation: "line_friends" | "organizations" | "users" | "step_campaigns" | "forms" | "tags" | "line_channels" | "messages" | "reservation_types" | "schedules" | "schedule_slots" | ... 19 more ... | "webhook_logs"): PostgrestQueryBuilder<...>', gave the following error.
    Argument of type '"payment_methods"' is not assignable to parameter of type '"line_friends" | "organizations" | "users" | "step_campaigns" | "forms" | "tags" | "line_channels" | "messages" | "reservation_types" | "schedules" | "schedule_slots" | "rich_menus" | ... 18 more ... | "webhook_logs"'.
  Overload 2 of 2, '(relation: never): PostgrestQueryBuilder<{ PostgrestVersion: "13.0.5"; }, { Tables: { analytics_events: { Row: { created_at: string | null; event_data: Json; event_type: string; id: string; ip_address: unknown; ... 4 more ...; user_agent: string | null; }; Insert: { ...; }; Update: { ...; }; Relationships: [...]; }; ... 29 more ...; webhook_logs: { ...; }; }; Views: {}; Functions: { ...; }; Enums: {}; CompositeTypes: {}; }, never, never, never>', gave the following error.
    Argument of type '"payment_methods"' is not assignable to parameter of type 'never'.
app/api/billing/set-default-payment-method/route.ts(69,13): error TS2769: No overload matches this call.
  Overload 1 of 2, '(relation: "line_friends" | "organizations" | "users" | "step_campaigns" | "forms" | "tags" | "line_channels" | "messages" | "reservation_types" | "schedules" | "schedule_slots" | ... 19 more ... | "webhook_logs"): PostgrestQueryBuilder<...>', gave the following error.
    Argument of type '"payment_methods"' is not assignable to parameter of type '"line_friends" | "organizations" | "users" | "step_campaigns" | "forms" | "tags" | "line_channels" | "messages" | "reservation_types" | "schedules" | "schedule_slots" | "rich_menus" | ... 18 more ... | "webhook_logs"'.
  Overload 2 of 2, '(relation: never): PostgrestQueryBuilder<{ PostgrestVersion: "13.0.5"; }, { Tables: { analytics_events: { Row: { created_at: string | null; event_data: Json; event_type: string; id: string; ip_address: unknown; ... 4 more ...; user_agent: string | null; }; Insert: { ...; }; Update: { ...; }; Relationships: [...]; }; ... 29 more ...; webhook_logs: { ...; }; }; Views: {}; Functions: { ...; }; Enums: {}; CompositeTypes: {}; }, never, never, never>', gave the following error.
    Argument of type '"payment_methods"' is not assignable to parameter of type 'never'.
app/api/billing/setup-intent/route.ts(27,13): error TS2769: No overload matches this call.
  Overload 1 of 2, '(relation: "line_friends" | "organizations" | "users" | "step_campaigns" | "forms" | "tags" | "line_channels" | "messages" | "reservation_types" | "schedules" | "schedule_slots" | ... 19 more ... | "webhook_logs"): PostgrestQueryBuilder<...>', gave the following error.
    Argument of type '"subscriptions"' is not assignable to parameter of type '"line_friends" | "organizations" | "users" | "step_campaigns" | "forms" | "tags" | "line_channels" | "messages" | "reservation_types" | "schedules" | "schedule_slots" | "rich_menus" | ... 18 more ... | "webhook_logs"'.
  Overload 2 of 2, '(relation: never): PostgrestQueryBuilder<{ PostgrestVersion: "13.0.5"; }, { Tables: { analytics_events: { Row: { created_at: string | null; event_data: Json; event_type: string; id: string; ip_address: unknown; ... 4 more ...; user_agent: string | null; }; Insert: { ...; }; Update: { ...; }; Relationships: [...]; }; ... 29 more ...; webhook_logs: { ...; }; }; Views: {}; Functions: { ...; }; Enums: {}; CompositeTypes: {}; }, never, never, never>', gave the following error.
    Argument of type '"subscriptions"' is not assignable to parameter of type 'never'.
app/api/billing/setup-intent/route.ts(32,36): error TS2339: Property 'stripe_customer_id' does not exist on type 'SelectQueryError<"column 'stripe_customer_id' does not exist on 'line_friends'."> | SelectQueryError<"column 'stripe_customer_id' does not exist on 'organizations'."> | ... 28 more ... | SelectQueryError<...>'.
  Property 'stripe_customer_id' does not exist on type 'SelectQueryError<"column 'stripe_customer_id' does not exist on 'line_friends'.">'.
app/api/billing/setup-intent/route.ts(46,15): error TS2769: No overload matches this call.
  Overload 1 of 2, '(relation: "line_friends" | "organizations" | "users" | "step_campaigns" | "forms" | "tags" | "line_channels" | "messages" | "reservation_types" | "schedules" | "schedule_slots" | ... 19 more ... | "webhook_logs"): PostgrestQueryBuilder<...>', gave the following error.
    Argument of type '"subscriptions"' is not assignable to parameter of type '"line_friends" | "organizations" | "users" | "step_campaigns" | "forms" | "tags" | "line_channels" | "messages" | "reservation_types" | "schedules" | "schedule_slots" | "rich_menus" | ... 18 more ... | "webhook_logs"'.
  Overload 2 of 2, '(relation: never): PostgrestQueryBuilder<{ PostgrestVersion: "13.0.5"; }, { Tables: { analytics_events: { Row: { created_at: string | null; event_data: Json; event_type: string; id: string; ip_address: unknown; ... 4 more ...; user_agent: string | null; }; Insert: { ...; }; Update: { ...; }; Relationships: [...]; }; ... 29 more ...; webhook_logs: { ...; }; }; Views: {}; Functions: { ...; }; Enums: {}; CompositeTypes: {}; }, never, never, never>', gave the following error.
    Argument of type '"subscriptions"' is not assignable to parameter of type 'never'.
app/api/billing/setup-intent/route.ts(47,19): error TS2353: Object literal may only specify known properties, and 'stripe_customer_id' does not exist in type '{ created_at?: string | null | undefined; event_data?: Json | undefined; event_type?: string | undefined; id?: string | undefined; ip_address?: unknown; line_friend_id?: string | null | undefined; organization_id?: string | undefined; referrer?: string | ... 1 more ... | undefined; session_id?: string | ... 1 more ....'.
app/api/billing/subscription/route.ts(26,13): error TS2769: No overload matches this call.
  Overload 1 of 2, '(relation: "line_friends" | "organizations" | "users" | "step_campaigns" | "forms" | "tags" | "line_channels" | "messages" | "reservation_types" | "schedules" | "schedule_slots" | ... 19 more ... | "webhook_logs"): PostgrestQueryBuilder<...>', gave the following error.
    Argument of type '"subscriptions"' is not assignable to parameter of type '"line_friends" | "organizations" | "users" | "step_campaigns" | "forms" | "tags" | "line_channels" | "messages" | "reservation_types" | "schedules" | "schedule_slots" | "rich_menus" | ... 18 more ... | "webhook_logs"'.
  Overload 2 of 2, '(relation: never): PostgrestQueryBuilder<{ PostgrestVersion: "13.0.5"; }, { Tables: { analytics_events: { Row: { created_at: string | null; event_data: Json; event_type: string; id: string; ip_address: unknown; ... 4 more ...; user_agent: string | null; }; Insert: { ...; }; Update: { ...; }; Relationships: [...]; }; ... 29 more ...; webhook_logs: { ...; }; }; Views: {}; Functions: { ...; }; Enums: {}; CompositeTypes: {}; }, never, never, never>', gave the following error.
    Argument of type '"subscriptions"' is not assignable to parameter of type 'never'.
app/api/billing/subscription/route.ts(38,26): error TS2339: Property 'plan' does not exist on type '{ created_at: string | null; event_data: Json; event_type: string; id: string; ip_address: unknown; line_friend_id: string | null; organization_id: string; referrer: string | null; session_id: string | null; user_agent: string | null; } | ... 29 more ... | { ...; }'.
  Property 'plan' does not exist on type '{ created_at: string | null; event_data: Json; event_type: string; id: string; ip_address: unknown; line_friend_id: string | null; organization_id: string; referrer: string | null; session_id: string | null; user_agent: string | null; }'.
app/api/billing/subscription/route.ts(39,28): error TS2339: Property 'status' does not exist on type '{ created_at: string | null; event_data: Json; event_type: string; id: string; ip_address: unknown; line_friend_id: string | null; organization_id: string; referrer: string | null; session_id: string | null; user_agent: string | null; } | ... 29 more ... | { ...; }'.
  Property 'status' does not exist on type '{ created_at: string | null; event_data: Json; event_type: string; id: string; ip_address: unknown; line_friend_id: string | null; organization_id: string; referrer: string | null; session_id: string | null; user_agent: string | null; }'.
app/api/billing/subscription/route.ts(40,38): error TS2339: Property 'current_period_end' does not exist on type '{ created_at: string | null; event_data: Json; event_type: string; id: string; ip_address: unknown; line_friend_id: string | null; organization_id: string; referrer: string | null; session_id: string | null; user_agent: string | null; } | ... 29 more ... | { ...; }'.
  Property 'current_period_end' does not exist on type '{ created_at: string | null; event_data: Json; event_type: string; id: string; ip_address: unknown; line_friend_id: string | null; organization_id: string; referrer: string | null; session_id: string | null; user_agent: string | null; }'.
app/api/billing/subscription/route.ts(41,30): error TS2339: Property 'trial_end' does not exist on type '{ created_at: string | null; event_data: Json; event_type: string; id: string; ip_address: unknown; line_friend_id: string | null; organization_id: string; referrer: string | null; session_id: string | null; user_agent: string | null; } | ... 29 more ... | { ...; }'.
  Property 'trial_end' does not exist on type '{ created_at: string | null; event_data: Json; event_type: string; id: string; ip_address: unknown; line_friend_id: string | null; organization_id: string; referrer: string | null; session_id: string | null; user_agent: string | null; }'.
app/api/billing/subscription/route.ts(42,39): error TS2339: Property 'cancel_at_period_end' does not exist on type '{ created_at: string | null; event_data: Json; event_type: string; id: string; ip_address: unknown; line_friend_id: string | null; organization_id: string; referrer: string | null; session_id: string | null; user_agent: string | null; } | ... 29 more ... | { ...; }'.
  Property 'cancel_at_period_end' does not exist on type '{ created_at: string | null; event_data: Json; event_type: string; id: string; ip_address: unknown; line_friend_id: string | null; organization_id: string; referrer: string | null; session_id: string | null; user_agent: string | null; }'.
app/api/billing/subscription/route.ts(43,27): error TS2339: Property 'usage' does not exist on type '{ created_at: string | null; event_data: Json; event_type: string; id: string; ip_address: unknown; line_friend_id: string | null; organization_id: string; referrer: string | null; session_id: string | null; user_agent: string | null; } | ... 29 more ... | { ...; }'.
  Property 'usage' does not exist on type '{ created_at: string | null; event_data: Json; event_type: string; id: string; ip_address: unknown; line_friend_id: string | null; organization_id: string; referrer: string | null; session_id: string | null; user_agent: string | null; }'.
app/api/billing/subscription/route.ts(44,28): error TS2339: Property 'limits' does not exist on type '{ created_at: string | null; event_data: Json; event_type: string; id: string; ip_address: unknown; line_friend_id: string | null; organization_id: string; referrer: string | null; session_id: string | null; user_agent: string | null; } | ... 29 more ... | { ...; }'.
  Property 'limits' does not exist on type '{ created_at: string | null; event_data: Json; event_type: string; id: string; ip_address: unknown; line_friend_id: string | null; organization_id: string; referrer: string | null; session_id: string | null; user_agent: string | null; }'.
app/api/line/webhook/route.ts(244,6): error TS2769: No overload matches this call.
  Overload 1 of 2, '(values: { content: string; conversation_id: string; created_at?: string | undefined; id?: string | undefined; is_read?: boolean | undefined; message_type?: string | undefined; metadata?: Json | undefined; organization_id: string; sender_type: string; sent_at?: string | undefined; }, options?: { ...; } | undefined): PostgrestFilterBuilder<...>', gave the following error.
    Type 'string | null' is not assignable to type 'string'.
      Type 'null' is not assignable to type 'string'.
  Overload 2 of 2, '(values: { content: string; conversation_id: string; created_at?: string | undefined; id?: string | undefined; is_read?: boolean | undefined; message_type?: string | undefined; metadata?: Json | undefined; organization_id: string; sender_type: string; sent_at?: string | undefined; }[], options?: { ...; } | undefined): PostgrestFilterBuilder<...>', gave the following error.
    Object literal may only specify known properties, and 'conversation_id' does not exist in type '{ content: string; conversation_id: string; created_at?: string | undefined; id?: string | undefined; is_read?: boolean | undefined; message_type?: string | undefined; metadata?: Json | undefined; organization_id: string; sender_type: string; sent_at?: string | undefined; }[]'.
app/api/line/webhook/route.ts(283,6): error TS2769: No overload matches this call.
  Overload 1 of 2, '(values: { created_at?: string | null | undefined; error_message?: string | null | undefined; event_type: string; id?: string | undefined; line_channel_id?: string | null | undefined; payload: Json; processed_at?: string | ... 1 more ... | undefined; status?: string | undefined; }, options?: { ...; } | undefined): PostgrestFilterBuilder<...>', gave the following error.
    Type 'LineWebhookEvent' is not assignable to type 'Json'.
      Type 'LineWebhookEvent' is not assignable to type '{ [key: string]: Json | undefined; }'.
        Index signature for type 'string' is missing in type 'LineWebhookEvent'.
  Overload 2 of 2, '(values: { created_at?: string | null | undefined; error_message?: string | null | undefined; event_type: string; id?: string | undefined; line_channel_id?: string | null | undefined; payload: Json; processed_at?: string | ... 1 more ... | undefined; status?: string | undefined; }[], options?: { ...; } | undefined): PostgrestFilterBuilder<...>', gave the following error.
    Object literal may only specify known properties, and 'line_channel_id' does not exist in type '{ created_at?: string | null | undefined; error_message?: string | null | undefined; event_type: string; id?: string | undefined; line_channel_id?: string | null | undefined; payload: Json; processed_at?: string | ... 1 more ... | undefined; status?: string | undefined; }[]'.
app/api/test-connection/route.ts(16,73): error TS2345: Argument of type '"get_tables"' is not assignable to parameter of type '"custom_access_token_hook"'.
app/api/test-connection/route.ts(25,15): error TS2769: No overload matches this call.
  Overload 1 of 2, '(relation: "line_friends" | "organizations" | "users" | "step_campaigns" | "forms" | "tags" | "line_channels" | "messages" | "reservation_types" | "schedules" | "schedule_slots" | ... 19 more ... | "webhook_logs"): PostgrestQueryBuilder<...>', gave the following error.
    Argument of type 'string' is not assignable to parameter of type '"line_friends" | "organizations" | "users" | "step_campaigns" | "forms" | "tags" | "line_channels" | "messages" | "reservation_types" | "schedules" | "schedule_slots" | "rich_menus" | ... 18 more ... | "webhook_logs"'.
  Overload 2 of 2, '(relation: never): PostgrestQueryBuilder<{ PostgrestVersion: "13.0.5"; }, { Tables: { analytics_events: { Row: { created_at: string | null; event_data: Json; event_type: string; id: string; ip_address: unknown; ... 4 more ...; user_agent: string | null; }; Insert: { ...; }; Update: { ...; }; Relationships: [...]; }; ... 29 more ...; webhook_logs: { ...; }; }; Views: {}; Functions: { ...; }; Enums: {}; CompositeTypes: {}; }, never, never, never>', gave the following error.
    Argument of type 'string' is not assignable to parameter of type 'never'.
app/dashboard/analytics/page.tsx(64,7): error TS2322: Type '(SelectQueryError<"column 'original_url' does not exist on 'line_friends'."> | SelectQueryError<"column 'original_url' does not exist on 'organizations'."> | ... 28 more ... | SelectQueryError<...>)[]' is not assignable to type 'TopURL[]'.
  Type 'SelectQueryError<"column 'original_url' does not exist on 'line_friends'."> | SelectQueryError<"column 'original_url' does not exist on 'organizations'."> | ... 28 more ... | SelectQueryError<...>' is not assignable to type 'TopURL'.
    Type '{ error: true; } & String' is missing the following properties from type 'TopURL': id, original_url, short_code, custom_slug, and 4 more.
app/dashboard/auto-response/ai/page.tsx(132,13): error TS2322: Type 'Dispatch<SetStateAction<{ basePrompt: string; characterSettings: string; responseStyle: string; forbiddenWords: never[]; }>>' is not assignable to type '(config: PromptConfig) => void'.
  Types of parameters 'value' and 'config' are incompatible.
    Type 'PromptConfig' is not assignable to type 'SetStateAction<{ basePrompt: string; characterSettings: string; responseStyle: string; forbiddenWords: never[]; }>'.
      Type 'PromptConfig' is not assignable to type '{ basePrompt: string; characterSettings: string; responseStyle: string; forbiddenWords: never[]; }'.
        Types of property 'forbiddenWords' are incompatible.
          Type 'string[]' is not assignable to type 'never[]'.
            Type 'string' is not assignable to type 'never'.
app/dashboard/auto-response/ai/page.tsx(139,13): error TS2322: Type 'Dispatch<SetStateAction<{ id: string; keywords: string[]; condition: { type: "always"; value: string; }; priority: number; }[]>>' is not assignable to type '(rules: ResponseRule[]) => void'.
  Types of parameters 'value' and 'rules' are incompatible.
    Type 'ResponseRule[]' is not assignable to type 'SetStateAction<{ id: string; keywords: string[]; condition: { type: "always"; value: string; }; priority: number; }[]>'.
      Type 'ResponseRule[]' is not assignable to type '{ id: string; keywords: string[]; condition: { type: "always"; value: string; }; priority: number; }[]'.
        Type 'ResponseRule' is not assignable to type '{ id: string; keywords: string[]; condition: { type: "always"; value: string; }; priority: number; }'.
          The types of 'condition.type' are incompatible between these types.
            Type '"segment" | "tag" | "always"' is not assignable to type '"always"'.
              Type '"segment"' is not assignable to type '"always"'.
app/dashboard/auto-response/keyword/[id]/edit/page.tsx(25,11): error TS2769: No overload matches this call.
  Overload 1 of 2, '(relation: "line_friends" | "organizations" | "users" | "step_campaigns" | "forms" | "tags" | "line_channels" | "messages" | "reservation_types" | "schedules" | "schedule_slots" | ... 19 more ... | "webhook_logs"): PostgrestQueryBuilder<...>', gave the following error.
    Argument of type '"keyword_rules"' is not assignable to parameter of type '"line_friends" | "organizations" | "users" | "step_campaigns" | "forms" | "tags" | "line_channels" | "messages" | "reservation_types" | "schedules" | "schedule_slots" | "rich_menus" | ... 18 more ... | "webhook_logs"'.
  Overload 2 of 2, '(relation: never): PostgrestQueryBuilder<{ PostgrestVersion: "13.0.5"; }, { Tables: { analytics_events: { Row: { created_at: string | null; event_data: Json; event_type: string; id: string; ip_address: unknown; ... 4 more ...; user_agent: string | null; }; Insert: { ...; }; Update: { ...; }; Relationships: [...]; }; ... 29 more ...; webhook_logs: { ...; }; }; Views: {}; Functions: { ...; }; Enums: {}; CompositeTypes: {}; }, never, never, never>', gave the following error.
    Argument of type '"keyword_rules"' is not assignable to parameter of type 'never'.
app/dashboard/auto-response/keyword/[id]/edit/page.tsx(65,11): error TS2769: No overload matches this call.
  Overload 1 of 2, '(relation: "line_friends" | "organizations" | "users" | "step_campaigns" | "forms" | "tags" | "line_channels" | "messages" | "reservation_types" | "schedules" | "schedule_slots" | ... 19 more ... | "webhook_logs"): PostgrestQueryBuilder<...>', gave the following error.
    Argument of type '"keyword_rules"' is not assignable to parameter of type '"line_friends" | "organizations" | "users" | "step_campaigns" | "forms" | "tags" | "line_channels" | "messages" | "reservation_types" | "schedules" | "schedule_slots" | "rich_menus" | ... 18 more ... | "webhook_logs"'.
  Overload 2 of 2, '(relation: never): PostgrestQueryBuilder<{ PostgrestVersion: "13.0.5"; }, { Tables: { analytics_events: { Row: { created_at: string | null; event_data: Json; event_type: string; id: string; ip_address: unknown; ... 4 more ...; user_agent: string | null; }; Insert: { ...; }; Update: { ...; }; Relationships: [...]; }; ... 29 more ...; webhook_logs: { ...; }; }; Views: {}; Functions: { ...; }; Enums: {}; CompositeTypes: {}; }, never, never, never>', gave the following error.
    Argument of type '"keyword_rules"' is not assignable to parameter of type 'never'.
app/dashboard/auto-response/keyword/[id]/edit/page.tsx(91,11): error TS2769: No overload matches this call.
  Overload 1 of 2, '(relation: "line_friends" | "organizations" | "users" | "step_campaigns" | "forms" | "tags" | "line_channels" | "messages" | "reservation_types" | "schedules" | "schedule_slots" | ... 19 more ... | "webhook_logs"): PostgrestQueryBuilder<...>', gave the following error.
    Argument of type '"message_templates"' is not assignable to parameter of type '"line_friends" | "organizations" | "users" | "step_campaigns" | "forms" | "tags" | "line_channels" | "messages" | "reservation_types" | "schedules" | "schedule_slots" | "rich_menus" | ... 18 more ... | "webhook_logs"'.
  Overload 2 of 2, '(relation: never): PostgrestQueryBuilder<{ PostgrestVersion: "13.0.5"; }, { Tables: { analytics_events: { Row: { created_at: string | null; event_data: Json; event_type: string; id: string; ip_address: unknown; ... 4 more ...; user_agent: string | null; }; Insert: { ...; }; Update: { ...; }; Relationships: [...]; }; ... 29 more ...; webhook_logs: { ...; }; }; Views: {}; Functions: { ...; }; Enums: {}; CompositeTypes: {}; }, never, never, never>', gave the following error.
    Argument of type '"message_templates"' is not assignable to parameter of type 'never'.
app/dashboard/auto-response/keyword/[id]/edit/page.tsx(98,16): error TS2339: Property 'name' does not exist on type '{ created_at: string | null; event_data: Json; event_type: string; id: string; ip_address: unknown; line_friend_id: string | null; organization_id: string; referrer: string | null; session_id: string | null; user_agent: string | null; } | ... 29 more ... | { ...; }'.
  Property 'name' does not exist on type '{ created_at: string | null; event_data: Json; event_type: string; id: string; ip_address: unknown; line_friend_id: string | null; organization_id: string; referrer: string | null; session_id: string | null; user_agent: string | null; }'.
app/dashboard/auto-response/keyword/[id]/edit/page.tsx(99,23): error TS2339: Property 'description' does not exist on type '{ created_at: string | null; event_data: Json; event_type: string; id: string; ip_address: unknown; line_friend_id: string | null; organization_id: string; referrer: string | null; session_id: string | null; user_agent: string | null; } | ... 29 more ... | { ...; }'.
  Property 'description' does not exist on type '{ created_at: string | null; event_data: Json; event_type: string; id: string; ip_address: unknown; line_friend_id: string | null; organization_id: string; referrer: string | null; session_id: string | null; user_agent: string | null; }'.
app/dashboard/auto-response/keyword/[id]/edit/page.tsx(100,20): error TS2339: Property 'priority' does not exist on type '{ created_at: string | null; event_data: Json; event_type: string; id: string; ip_address: unknown; line_friend_id: string | null; organization_id: string; referrer: string | null; session_id: string | null; user_agent: string | null; } | ... 29 more ... | { ...; }'.
  Property 'priority' does not exist on type '{ created_at: string | null; event_data: Json; event_type: string; id: string; ip_address: unknown; line_friend_id: string | null; organization_id: string; referrer: string | null; session_id: string | null; user_agent: string | null; }'.
app/dashboard/auto-response/keyword/[id]/edit/page.tsx(101,20): error TS2339: Property 'keywords' does not exist on type '{ created_at: string | null; event_data: Json; event_type: string; id: string; ip_address: unknown; line_friend_id: string | null; organization_id: string; referrer: string | null; session_id: string | null; user_agent: string | null; } | ... 29 more ... | { ...; }'.
  Property 'keywords' does not exist on type '{ created_at: string | null; event_data: Json; event_type: string; id: string; ip_address: unknown; line_friend_id: string | null; organization_id: string; referrer: string | null; session_id: string | null; user_agent: string | null; }'.
app/dashboard/auto-response/keyword/[id]/edit/page.tsx(102,20): error TS2339: Property 'response' does not exist on type '{ created_at: string | null; event_data: Json; event_type: string; id: string; ip_address: unknown; line_friend_id: string | null; organization_id: string; referrer: string | null; session_id: string | null; user_agent: string | null; } | ... 29 more ... | { ...; }'.
  Property 'response' does not exist on type '{ created_at: string | null; event_data: Json; event_type: string; id: string; ip_address: unknown; line_friend_id: string | null; organization_id: string; referrer: string | null; session_id: string | null; user_agent: string | null; }'.
app/dashboard/auto-response/keyword/[id]/edit/page.tsx(103,26): error TS2339: Property 'time_conditions' does not exist on type '{ created_at: string | null; event_data: Json; event_type: string; id: string; ip_address: unknown; line_friend_id: string | null; organization_id: string; referrer: string | null; session_id: string | null; user_agent: string | null; } | ... 29 more ... | { ...; }'.
  Property 'time_conditions' does not exist on type '{ created_at: string | null; event_data: Json; event_type: string; id: string; ip_address: unknown; line_friend_id: string | null; organization_id: string; referrer: string | null; session_id: string | null; user_agent: string | null; }'.
app/dashboard/auto-response/keyword/[id]/edit/page.tsx(104,28): error TS2339: Property 'friend_conditions' does not exist on type '{ created_at: string | null; event_data: Json; event_type: string; id: string; ip_address: unknown; line_friend_id: string | null; organization_id: string; referrer: string | null; session_id: string | null; user_agent: string | null; } | ... 29 more ... | { ...; }'.
  Property 'friend_conditions' does not exist on type '{ created_at: string | null; event_data: Json; event_type: string; id: string; ip_address: unknown; line_friend_id: string | null; organization_id: string; referrer: string | null; session_id: string | null; user_agent: string | null; }'.
app/dashboard/auto-response/keyword/[id]/edit/page.tsx(105,27): error TS2339: Property 'limit_conditions' does not exist on type '{ created_at: string | null; event_data: Json; event_type: string; id: string; ip_address: unknown; line_friend_id: string | null; organization_id: string; referrer: string | null; session_id: string | null; user_agent: string | null; } | ... 29 more ... | { ...; }'.
  Property 'limit_conditions' does not exist on type '{ created_at: string | null; event_data: Json; event_type: string; id: string; ip_address: unknown; line_friend_id: string | null; organization_id: string; referrer: string | null; session_id: string | null; user_agent: string | null; }'.
app/dashboard/auto-response/keyword/[id]/edit/page.tsx(106,19): error TS2339: Property 'actions' does not exist on type '{ created_at: string | null; event_data: Json; event_type: string; id: string; ip_address: unknown; line_friend_id: string | null; organization_id: string; referrer: string | null; session_id: string | null; user_agent: string | null; } | ... 29 more ... | { ...; }'.
  Property 'actions' does not exist on type '{ created_at: string | null; event_data: Json; event_type: string; id: string; ip_address: unknown; line_friend_id: string | null; organization_id: string; referrer: string | null; session_id: string | null; user_agent: string | null; }'.
app/dashboard/auto-response/keyword/[id]/edit/page.tsx(107,20): error TS2339: Property 'is_active' does not exist on type '{ created_at: string | null; event_data: Json; event_type: string; id: string; ip_address: unknown; line_friend_id: string | null; organization_id: string; referrer: string | null; session_id: string | null; user_agent: string | null; } | ... 29 more ... | { ...; }'.
  Property 'is_active' does not exist on type '{ created_at: string | null; event_data: Json; event_type: string; id: string; ip_address: unknown; line_friend_id: string | null; organization_id: string; referrer: string | null; session_id: string | null; user_agent: string | null; }'.
app/dashboard/auto-response/keyword/[id]/edit/page.tsx(108,22): error TS2339: Property 'valid_until' does not exist on type '{ created_at: string | null; event_data: Json; event_type: string; id: string; ip_address: unknown; line_friend_id: string | null; organization_id: string; referrer: string | null; session_id: string | null; user_agent: string | null; } | ... 29 more ... | { ...; }'.
  Property 'valid_until' does not exist on type '{ created_at: string | null; event_data: Json; event_type: string; id: string; ip_address: unknown; line_friend_id: string | null; organization_id: string; referrer: string | null; session_id: string | null; user_agent: string | null; }'.
app/dashboard/auto-response/keyword/[id]/edit/page.tsx(134,11): error TS2322: Type '(SelectQueryError<"column 'name' does not exist on 'line_friends'."> | SelectQueryError<"column 'name' does not exist on 'organizations'."> | ... 28 more ... | SelectQueryError<...>)[]' is not assignable to type '{ id: string; name: string; type: string; }[]'.
  Type 'SelectQueryError<"column 'name' does not exist on 'line_friends'."> | SelectQueryError<"column 'name' does not exist on 'organizations'."> | ... 28 more ... | SelectQueryError<...>' is not assignable to type '{ id: string; name: string; type: string; }'.
    Type '{ error: true; } & String' is missing the following properties from type '{ id: string; name: string; type: string; }': id, name, type
app/dashboard/auto-response/keyword/new/page.tsx(24,41): error TS2769: No overload matches this call.
  Overload 1 of 2, '(relation: "line_friends" | "organizations" | "users" | "step_campaigns" | "forms" | "tags" | "line_channels" | "messages" | "reservation_types" | "schedules" | "schedule_slots" | ... 19 more ... | "webhook_logs"): PostgrestQueryBuilder<...>', gave the following error.
    Argument of type '"keyword_rules"' is not assignable to parameter of type '"line_friends" | "organizations" | "users" | "step_campaigns" | "forms" | "tags" | "line_channels" | "messages" | "reservation_types" | "schedules" | "schedule_slots" | "rich_menus" | ... 18 more ... | "webhook_logs"'.
  Overload 2 of 2, '(relation: never): PostgrestQueryBuilder<{ PostgrestVersion: "13.0.5"; }, { Tables: { analytics_events: { Row: { created_at: string | null; event_data: Json; event_type: string; id: string; ip_address: unknown; ... 4 more ...; user_agent: string | null; }; Insert: { ...; }; Update: { ...; }; Relationships: [...]; }; ... 29 more ...; webhook_logs: { ...; }; }; Views: {}; Functions: { ...; }; Enums: {}; CompositeTypes: {}; }, never, never, never>', gave the following error.
    Argument of type '"keyword_rules"' is not assignable to parameter of type 'never'.
app/dashboard/auto-response/keyword/new/page.tsx(24,58): error TS2769: No overload matches this call.
  Overload 1 of 2, '(values: { created_at?: string | null | undefined; event_data?: Json | undefined; event_type: string; id?: string | undefined; ip_address?: unknown; line_friend_id?: string | null | undefined; organization_id: string; referrer?: string | ... 1 more ... | undefined; session_id?: string | ... 1 more ... | undefined; user_agent?: string | ... 1 more ... | undefined; } | ... 29 more ... | { ...; }, options?: { ...; } | undefined): PostgrestFilterBuilder<...>', gave the following error.
    Object literal may only specify known properties, and 'keywords' does not exist in type '{ created_at?: string | null | undefined; event_data?: Json | undefined; event_type: string; id?: string | undefined; ip_address?: unknown; line_friend_id?: string | null | undefined; organization_id: string; referrer?: string | ... 1 more ... | undefined; session_id?: string | ... 1 more ... | undefined; user_agent...'.
  Overload 2 of 2, '(values: ({ created_at?: string | null | undefined; event_data?: Json | undefined; event_type: string; id?: string | undefined; ip_address?: unknown; line_friend_id?: string | null | undefined; organization_id: string; referrer?: string | ... 1 more ... | undefined; session_id?: string | ... 1 more ... | undefined; user_agent?: string | ... 1 more ... | undefined; } | ... 29 more ... | { ...; })[], options?: { ...; } | undefined): PostgrestFilterBuilder<...>', gave the following error.
    Object literal may only specify known properties, and 'user_id' does not exist in type '({ created_at?: string | null | undefined; event_data?: Json | undefined; event_type: string; id?: string | undefined; ip_address?: unknown; line_friend_id?: string | null | undefined; organization_id: string; referrer?: string | ... 1 more ... | undefined; session_id?: string | ... 1 more ... | undefined; user_agen...'.
app/dashboard/auto-response/keyword/new/page.tsx(71,11): error TS2769: No overload matches this call.
  Overload 1 of 2, '(relation: "line_friends" | "organizations" | "users" | "step_campaigns" | "forms" | "tags" | "line_channels" | "messages" | "reservation_types" | "schedules" | "schedule_slots" | ... 19 more ... | "webhook_logs"): PostgrestQueryBuilder<...>', gave the following error.
    Argument of type '"message_templates"' is not assignable to parameter of type '"line_friends" | "organizations" | "users" | "step_campaigns" | "forms" | "tags" | "line_channels" | "messages" | "reservation_types" | "schedules" | "schedule_slots" | "rich_menus" | ... 18 more ... | "webhook_logs"'.
  Overload 2 of 2, '(relation: never): PostgrestQueryBuilder<{ PostgrestVersion: "13.0.5"; }, { Tables: { analytics_events: { Row: { created_at: string | null; event_data: Json; event_type: string; id: string; ip_address: unknown; ... 4 more ...; user_agent: string | null; }; Insert: { ...; }; Update: { ...; }; Relationships: [...]; }; ... 29 more ...; webhook_logs: { ...; }; }; Views: {}; Functions: { ...; }; Enums: {}; CompositeTypes: {}; }, never, never, never>', gave the following error.
    Argument of type '"message_templates"' is not assignable to parameter of type 'never'.
app/dashboard/auto-response/keyword/new/page.tsx(105,11): error TS2322: Type '(SelectQueryError<"column 'name' does not exist on 'line_friends'."> | SelectQueryError<"column 'name' does not exist on 'organizations'."> | ... 28 more ... | SelectQueryError<...>)[]' is not assignable to type '{ id: string; name: string; type: string; }[]'.
  Type 'SelectQueryError<"column 'name' does not exist on 'line_friends'."> | SelectQueryError<"column 'name' does not exist on 'organizations'."> | ... 28 more ... | SelectQueryError<...>' is not assignable to type '{ id: string; name: string; type: string; }'.
    Type '{ error: true; } & String' is missing the following properties from type '{ id: string; name: string; type: string; }': id, name, type
app/dashboard/auto-response/page.tsx(25,7): error TS7034: Variable 'rules' implicitly has type 'any[]' in some locations where its type cannot be determined.
app/dashboard/auto-response/page.tsx(79,28): error TS7005: Variable 'rules' implicitly has an 'any[]' type.
app/dashboard/chat/[friendId]/page.tsx(34,32): error TS2322: Type '{ created_at: string | null; custom_fields: Json; display_name: string | null; first_followed_at: string; follow_status: string; id: string; language: string | null; last_followed_at: string | null; ... 8 more ...; updated_at: string | null; }' is not assignable to type '{ id: string; display_name: string | null; picture_url: string | null; follow_status: string; language: string | null; first_followed_at: string | null; last_interaction_at: string | null; custom_fields?: Record<...> | ... 1 more ... | undefined; }'.
  Types of property 'custom_fields' are incompatible.
    Type 'Json' is not assignable to type 'Record<string, any> | null | undefined'.
      Type 'string' is not assignable to type 'Record<string, any>'.
app/dashboard/forms/[id]/analytics/page.tsx(66,9): error TS2739: Type '{ form: { fields: any[]; created_at: string | null; created_by: string | null; description: string | null; id: string; organization_id: string; settings: Json; status: string; title: string; total_responses: number | null; updated_at: string | null; }; totalResponses: number; responseRate: any; fieldAnalytics: Recor...' is missing the following properties from type '{ trends: { date: string; total_responses: number; completed_responses: number; avg_completion_time: number | null; }[]; overallStats: { totalResponses: number; completedResponses: number; abandonedResponses: number; avgCompletionTime: number | null; completionRate: number; }; deviceBreakdown: Record<...>; fieldStat...': trends, overallStats, deviceBreakdown, fieldStats
app/dashboard/forms/[id]/responses/page.tsx(47,22): error TS2345: Argument of type '{ created_at: string | null; form_id: string; id: string; ip_address: unknown; line_friend_id: string | null; responses: Json; submitted_at: string | null; user_agent: string | null; friend: SelectQueryError<...>; }[]' is not assignable to parameter of type 'SetStateAction<FormResponse[]>'.
  Type '{ created_at: string | null; form_id: string; id: string; ip_address: unknown; line_friend_id: string | null; responses: Json; submitted_at: string | null; user_agent: string | null; friend: SelectQueryError<...>; }[]' is not assignable to type 'FormResponse[]'.
    Type '{ created_at: string | null; form_id: string; id: string; ip_address: unknown; line_friend_id: string | null; responses: Json; submitted_at: string | null; user_agent: string | null; friend: SelectQueryError<...>; }' is missing the following properties from type 'FormResponse': friend_id, answers
app/dashboard/forms/[id]/responses/page.tsx(53,18): error TS2345: Argument of type 'FormStats | undefined' is not assignable to parameter of type 'SetStateAction<FormStats>'.
  Type 'undefined' is not assignable to type 'SetStateAction<FormStats>'.
app/dashboard/friends/[id]/page.tsx(24,54): error TS2589: Type instantiation is excessively deep and possibly infinite.
app/dashboard/friends/[id]/page.tsx(25,11): error TS2769: No overload matches this call.
  Overload 1 of 2, '(relation: "line_friends" | "organizations" | "users" | "step_campaigns" | "forms" | "tags" | "line_channels" | "messages" | "reservation_types" | "schedules" | "schedule_slots" | ... 19 more ... | "webhook_logs"): PostgrestQueryBuilder<...>', gave the following error.
    Argument of type '"friends"' is not assignable to parameter of type '"line_friends" | "organizations" | "users" | "step_campaigns" | "forms" | "tags" | "line_channels" | "messages" | "reservation_types" | "schedules" | "schedule_slots" | "rich_menus" | ... 18 more ... | "webhook_logs"'.
  Overload 2 of 2, '(relation: never): PostgrestQueryBuilder<{ PostgrestVersion: "13.0.5"; }, { Tables: { analytics_events: { Row: { created_at: string | null; event_data: Json; event_type: string; id: string; ip_address: unknown; ... 4 more ...; user_agent: string | null; }; Insert: { ...; }; Update: { ...; }; Relationships: [...]; }; ... 29 more ...; webhook_logs: { ...; }; }; Views: {}; Functions: { ...; }; Enums: {}; CompositeTypes: {}; }, never, never, never>', gave the following error.
    Argument of type '"friends"' is not assignable to parameter of type 'never'.
app/dashboard/friends/import/page.tsx(50,24): error TS2339: Property 'id' does not exist on type 'SelectQueryError<"column 'channel_name' does not exist on 'line_channels'.">'.
app/dashboard/friends/import/page.tsx(51,26): error TS2339: Property 'channel_name' does not exist on type 'SelectQueryError<"column 'channel_name' does not exist on 'line_channels'.">'.
app/dashboard/friends/page.tsx(80,31): error TS2352: Conversion of type '{ created_at: string | null; custom_fields: Json; display_name: string | null; first_followed_at: string; follow_status: string; id: string; language: string | null; last_followed_at: string | null; ... 8 more ...; updated_at: string | null; }[]' to type 'LineFriend[]' may be a mistake because neither type sufficiently overlaps with the other. If this was intentional, convert the expression to 'unknown' first.
  Type '{ created_at: string | null; custom_fields: Json; display_name: string | null; first_followed_at: string; follow_status: string; id: string; language: string | null; last_followed_at: string | null; ... 8 more ...; updated_at: string | null; }' is missing the following properties from type 'LineFriend': channel_id, status, first_added_at
app/dashboard/rich-menus/[id]/edit/page.tsx(64,34): error TS2339: Property 'rich_menu_id' does not exist on type '{ chat_bar_text: string; created_at: string | null; id: string; image_url: string; is_default: boolean | null; line_channel_id: string; line_rich_menu_id: string | null; name: string; ... 4 more ...; updated_at: string | null; }'.
app/dashboard/rich-menus/[id]/edit/page.tsx(67,28): error TS2339: Property 'size' does not exist on type '{ chat_bar_text: string; created_at: string | null; id: string; image_url: string; is_default: boolean | null; line_channel_id: string; line_rich_menu_id: string | null; name: string; ... 4 more ...; updated_at: string | null; }'.
app/dashboard/rich-menus/[id]/edit/page.tsx(68,32): error TS2339: Property 'selected' does not exist on type '{ chat_bar_text: string; created_at: string | null; id: string; image_url: string; is_default: boolean | null; line_channel_id: string; line_rich_menu_id: string | null; name: string; ... 4 more ...; updated_at: string | null; }'.
app/dashboard/rich-menus/[id]/edit/page.tsx(69,29): error TS2339: Property 'areas' does not exist on type '{ chat_bar_text: string; created_at: string | null; id: string; image_url: string; is_default: boolean | null; line_channel_id: string; line_rich_menu_id: string | null; name: string; ... 4 more ...; updated_at: string | null; }'.
app/dashboard/rich-menus/page.tsx(28,26): error TS2322: Type '{ chat_bar_text: string; created_at: string | null; id: string; image_url: string; is_default: boolean | null; line_channel_id: string; line_rich_menu_id: string | null; name: string; ... 4 more ...; updated_at: string | null; }[]' is not assignable to type 'RichMenu[]'.
  Type '{ chat_bar_text: string; created_at: string | null; id: string; image_url: string; is_default: boolean | null; line_channel_id: string; line_rich_menu_id: string | null; name: string; ... 4 more ...; updated_at: string | null; }' is missing the following properties from type 'RichMenu': rich_menu_id, size, areas
app/dashboard/settings/line/client.tsx(18,10): error TS2724: '"@/app/actions/line-settings"' has no exported member named 'updateLineSettings'. Did you mean 'saveLineSettings'?
app/dashboard/settings/organization/client.tsx(67,9): error TS2353: Object literal may only specify known properties, and 'title' does not exist in type 'ReactElement<unknown, string | JSXElementConstructor<any>> | Iterable<ReactNode> | ReactPortal | Promise<...> | (() => ReactNode)'.
app/dashboard/settings/organization/client.tsx(74,9): error TS2353: Object literal may only specify known properties, and 'title' does not exist in type 'ReactElement<unknown, string | JSXElementConstructor<any>> | Iterable<ReactNode> | ReactPortal | Promise<...> | (() => ReactNode)'.
app/dashboard/settings/organization/client.tsx(98,9): error TS2353: Object literal may only specify known properties, and 'title' does not exist in type 'ReactElement<unknown, string | JSXElementConstructor<any>> | Iterable<ReactNode> | ReactPortal | Promise<...> | (() => ReactNode)'.
app/dashboard/settings/organization/client.tsx(105,9): error TS2353: Object literal may only specify known properties, and 'title' does not exist in type 'ReactElement<unknown, string | JSXElementConstructor<any>> | Iterable<ReactNode> | ReactPortal | Promise<...> | (() => ReactNode)'.
app/dashboard/settings/organization/client.tsx(129,9): error TS2353: Object literal may only specify known properties, and 'title' does not exist in type 'ReactElement<unknown, string | JSXElementConstructor<any>> | Iterable<ReactNode> | ReactPortal | Promise<...> | (() => ReactNode)'.
app/dashboard/settings/organization/client.tsx(136,9): error TS2353: Object literal may only specify known properties, and 'title' does not exist in type 'ReactElement<unknown, string | JSXElementConstructor<any>> | Iterable<ReactNode> | ReactPortal | Promise<...> | (() => ReactNode)'.
app/dashboard/settings/organization/client.tsx(154,9): error TS2353: Object literal may only specify known properties, and 'title' does not exist in type 'ReactElement<unknown, string | JSXElementConstructor<any>> | Iterable<ReactNode> | ReactPortal | Promise<...> | (() => ReactNode)'.
app/dashboard/settings/organization/client.tsx(159,9): error TS2353: Object literal may only specify known properties, and 'title' does not exist in type 'ReactElement<unknown, string | JSXElementConstructor<any>> | Iterable<ReactNode> | ReactPortal | Promise<...> | (() => ReactNode)'.
app/dashboard/settings/organization/client.tsx(177,9): error TS2353: Object literal may only specify known properties, and 'title' does not exist in type 'ReactElement<unknown, string | JSXElementConstructor<any>> | Iterable<ReactNode> | ReactPortal | Promise<...> | (() => ReactNode)'.
app/dashboard/settings/organization/client.tsx(184,9): error TS2353: Object literal may only specify known properties, and 'title' does not exist in type 'ReactElement<unknown, string | JSXElementConstructor<any>> | Iterable<ReactNode> | ReactPortal | Promise<...> | (() => ReactNode)'.
app/dashboard/settings/organization/client.tsx(204,9): error TS2353: Object literal may only specify known properties, and 'title' does not exist in type 'ReactElement<unknown, string | JSXElementConstructor<any>> | Iterable<ReactNode> | ReactPortal | Promise<...> | (() => ReactNode)'.
app/dashboard/settings/organization/client.tsx(211,9): error TS2353: Object literal may only specify known properties, and 'title' does not exist in type 'ReactElement<unknown, string | JSXElementConstructor<any>> | Iterable<ReactNode> | ReactPortal | Promise<...> | (() => ReactNode)'.
app/dashboard/settings/organization/client.tsx(229,9): error TS2353: Object literal may only specify known properties, and 'title' does not exist in type 'ReactElement<unknown, string | JSXElementConstructor<any>> | Iterable<ReactNode> | ReactPortal | Promise<...> | (() => ReactNode)'.
app/dashboard/settings/organization/client.tsx(236,9): error TS2353: Object literal may only specify known properties, and 'title' does not exist in type 'ReactElement<unknown, string | JSXElementConstructor<any>> | Iterable<ReactNode> | ReactPortal | Promise<...> | (() => ReactNode)'.
app/dashboard/settings/organization/page.tsx(73,11): error TS2769: No overload matches this call.
  Overload 1 of 2, '(relation: "line_friends" | "organizations" | "users" | "step_campaigns" | "forms" | "tags" | "line_channels" | "messages" | "reservation_types" | "schedules" | "schedule_slots" | ... 19 more ... | "webhook_logs"): PostgrestQueryBuilder<...>', gave the following error.
    Argument of type '"invitations"' is not assignable to parameter of type '"line_friends" | "organizations" | "users" | "step_campaigns" | "forms" | "tags" | "line_channels" | "messages" | "reservation_types" | "schedules" | "schedule_slots" | "rich_menus" | ... 18 more ... | "webhook_logs"'.
  Overload 2 of 2, '(relation: never): PostgrestQueryBuilder<{ PostgrestVersion: "13.0.5"; }, { Tables: { analytics_events: { Row: { created_at: string | null; event_data: Json; event_type: string; id: string; ip_address: unknown; ... 4 more ...; user_agent: string | null; }; Insert: { ...; }; Update: { ...; }; Relationships: [...]; }; ... 29 more ...; webhook_logs: { ...; }; }; Views: {}; Functions: { ...; }; Enums: {}; CompositeTypes: {}; }, never, never, never>', gave the following error.
    Argument of type '"invitations"' is not assignable to parameter of type 'never'.
app/dashboard/settings/organization/page.tsx(100,29): error TS2339: Property 'logo_url' does not exist on type '{ created_at: string | null; id: string; line_channel_access_token: string | null; line_channel_secret: string | null; name: string; plan: string; settings: Json; slug: string; status: string; subscription_expires_at: string | null; updated_at: string | null; }'.
app/dashboard/settings/organization/page.tsx(101,34): error TS2339: Property 'primary_color' does not exist on type '{ created_at: string | null; id: string; line_channel_access_token: string | null; line_channel_secret: string | null; name: string; plan: string; settings: Json; slug: string; status: string; subscription_expires_at: string | null; updated_at: string | null; }'.
app/dashboard/settings/organization/page.tsx(102,36): error TS2339: Property 'secondary_color' does not exist on type '{ created_at: string | null; id: string; line_channel_access_token: string | null; line_channel_secret: string | null; name: string; plan: string; settings: Json; slug: string; status: string; subscription_expires_at: string | null; updated_at: string | null; }'.
app/dashboard/settings/organization/page.tsx(103,32): error TS2339: Property 'website_url' does not exist on type '{ created_at: string | null; id: string; line_channel_access_token: string | null; line_channel_secret: string | null; name: string; plan: string; settings: Json; slug: string; status: string; subscription_expires_at: string | null; updated_at: string | null; }'.
app/dashboard/settings/organization/page.tsx(104,34): error TS2339: Property 'contact_email' does not exist on type '{ created_at: string | null; id: string; line_channel_access_token: string | null; line_channel_secret: string | null; name: string; plan: string; settings: Json; slug: string; status: string; subscription_expires_at: string | null; updated_at: string | null; }'.
app/dashboard/settings/profile/page.tsx(69,37): error TS2339: Property 'full_name' does not exist on type '{ avatar_url: string | null; created_at: string | null; display_name: string | null; email: string; id: string; last_login_at: string | null; organization_id: string; preferences: Json; role: string; status: string; updated_at: string | null; }'.
app/dashboard/settings/profile/page.tsx(71,40): error TS2339: Property 'phone_number' does not exist on type '{ avatar_url: string | null; created_at: string | null; display_name: string | null; email: string; id: string; last_login_at: string | null; organization_id: string; preferences: Json; role: string; status: string; updated_at: string | null; }'.
app/dashboard/settings/profile/page.tsx(72,36): error TS2339: Property 'timezone' does not exist on type '{ avatar_url: string | null; created_at: string | null; display_name: string | null; email: string; id: string; last_login_at: string | null; organization_id: string; preferences: Json; role: string; status: string; updated_at: string | null; }'.
app/dashboard/settings/profile/page.tsx(73,34): error TS2339: Property 'locale' does not exist on type '{ avatar_url: string | null; created_at: string | null; display_name: string | null; email: string; id: string; last_login_at: string | null; organization_id: string; preferences: Json; role: string; status: string; updated_at: string | null; }'.
app/dashboard/settings/profile/page.tsx(108,39): error TS2339: Property 'notification_settings' does not exist on type '{ avatar_url: string | null; created_at: string | null; display_name: string | null; email: string; id: string; last_login_at: string | null; organization_id: string; preferences: Json; role: string; status: string; updated_at: string | null; }'.
app/dashboard/settings/profile/page.tsx(126,33): error TS2339: Property 'two_factor_enabled' does not exist on type '{ avatar_url: string | null; created_at: string | null; display_name: string | null; email: string; id: string; last_login_at: string | null; organization_id: string; preferences: Json; role: string; status: string; updated_at: string | null; }'.
app/dashboard/settings/profile/page.tsx(145,35): error TS2551: Property 'last_login_ip' does not exist on type '{ avatar_url: string | null; created_at: string | null; display_name: string | null; email: string; id: string; last_login_at: string | null; organization_id: string; preferences: Json; role: string; status: string; updated_at: string | null; }'. Did you mean 'last_login_at'?
app/dashboard/settings/system/page.tsx(30,11): error TS2769: No overload matches this call.
  Overload 1 of 2, '(relation: "line_friends" | "organizations" | "users" | "step_campaigns" | "forms" | "tags" | "line_channels" | "messages" | "reservation_types" | "schedules" | "schedule_slots" | ... 19 more ... | "webhook_logs"): PostgrestQueryBuilder<...>', gave the following error.
    Argument of type '"api_keys"' is not assignable to parameter of type '"line_friends" | "organizations" | "users" | "step_campaigns" | "forms" | "tags" | "line_channels" | "messages" | "reservation_types" | "schedules" | "schedule_slots" | "rich_menus" | ... 18 more ... | "webhook_logs"'.
  Overload 2 of 2, '(relation: never): PostgrestQueryBuilder<{ PostgrestVersion: "13.0.5"; }, { Tables: { analytics_events: { Row: { created_at: string | null; event_data: Json; event_type: string; id: string; ip_address: unknown; ... 4 more ...; user_agent: string | null; }; Insert: { ...; }; Update: { ...; }; Relationships: [...]; }; ... 29 more ...; webhook_logs: { ...; }; }; Views: {}; Functions: { ...; }; Enums: {}; CompositeTypes: {}; }, never, never, never>', gave the following error.
    Argument of type '"api_keys"' is not assignable to parameter of type 'never'.
app/dashboard/settings/system/page.tsx(43,7): error TS2322: Type '({ created_at: string | null; event_data: Json; event_type: string; id: string; ip_address: unknown; line_friend_id: string | null; organization_id: string; referrer: string | null; session_id: string | null; user_agent: string | null; } | ... 29 more ... | { ...; })[]' is not assignable to type 'APIKey[]'.
  Type '{ created_at: string | null; event_data: Json; event_type: string; id: string; ip_address: unknown; line_friend_id: string | null; organization_id: string; referrer: string | null; session_id: string | null; user_agent: string | null; } | ... 29 more ... | { ...; }' is not assignable to type 'APIKey'.
    Type '{ created_at: string | null; event_data: Json; event_type: string; id: string; ip_address: unknown; line_friend_id: string | null; organization_id: string; referrer: string | null; session_id: string | null; user_agent: string | null; }' is missing the following properties from type 'APIKey': name, key_prefix, key_hash, permissions, and 7 more.
components/analytics/ChartExamples.tsx(71,13): error TS2322: Type '{ date: string; new_friends: number; blocked: number; total: number; }[]' is not assignable to type 'ChartData[] | TimeSeriesData[]'.
  Type '{ date: string; new_friends: number; blocked: number; total: number; }[]' is not assignable to type 'ChartData[]'.
    Type '{ date: string; new_friends: number; blocked: number; total: number; }' is missing the following properties from type 'ChartData': name, value
components/analytics/ChartExamples.tsx(93,13): error TS2322: Type '{ date: string; new_friends: number; blocked: number; total: number; }[]' is not assignable to type 'ChartData[] | TimeSeriesData[]'.
  Type '{ date: string; new_friends: number; blocked: number; total: number; }[]' is not assignable to type 'ChartData[]'.
    Type '{ date: string; new_friends: number; blocked: number; total: number; }' is missing the following properties from type 'ChartData': name, value
components/analytics/ChartExamples.tsx(115,13): error TS2322: Type '{ month: string; messages: number; delivery_rate: number; engagement: number; }[]' is not assignable to type 'ChartData[] | TimeSeriesData[]'.
  Type '{ month: string; messages: number; delivery_rate: number; engagement: number; }[]' is not assignable to type 'ChartData[]'.
    Type '{ month: string; messages: number; delivery_rate: number; engagement: number; }' is missing the following properties from type 'ChartData': name, value
components/analytics/ChartExamples.tsx(192,13): error TS2322: Type '{ month: string; messages: number; delivery_rate: number; engagement: number; }[]' is not assignable to type 'ChartData[] | TimeSeriesData[]'.
  Type '{ month: string; messages: number; delivery_rate: number; engagement: number; }[]' is not assignable to type 'ChartData[]'.
    Type '{ month: string; messages: number; delivery_rate: number; engagement: number; }' is missing the following properties from type 'ChartData': name, value
components/analytics/charts/PieChartComponent.tsx(45,11): error TS2322: Type '({ name, percent }: { name: string; percent: number; }) => string' is not assignable to type 'PieLabel | undefined'.
  Type '({ name, percent }: { name: string; percent: number; }) => string' is not assignable to type '(props: PieLabelRenderProps) => ReactNode | ReactElement<SVGElement, string | JSXElementConstructor<any>>'.
    Types of parameters '__0' and 'props' are incompatible.
      Property 'percent' is missing in type 'PieLabelRenderProps' but required in type '{ name: string; percent: number; }'.
components/analytics/ChartTooltip.tsx(6,11): error TS2430: Interface 'CustomTooltipProps' incorrectly extends interface 'TooltipProps<number, string>'.
  Type 'CustomTooltipProps' is not assignable to type 'Omit<Props<number, string>, PropertiesReadFromContext>'.
    Types of property 'formatter' are incompatible.
      Type '"number" | "percentage" | "currency" | undefined' is not assignable to type 'Formatter<number, string> | undefined'.
        Type 'string' is not assignable to type 'Formatter<number, string>'.
components/analytics/ChartTooltip.tsx(11,40): error TS2339: Property 'payload' does not exist on type 'CustomTooltipProps'.
components/analytics/ChartTooltip.tsx(11,49): error TS2339: Property 'label' does not exist on type 'CustomTooltipProps'.
components/analytics/ChartTooltip.tsx(31,23): error TS7006: Parameter 'entry' implicitly has an 'any' type.
components/analytics/ChartTooltip.tsx(31,30): error TS7006: Parameter 'index' implicitly has an 'any' type.
components/analytics/CrossAnalysisBuilder.tsx(62,15): error TS2448: Block-scoped variable 'getAxisLabel' used before its declaration.
components/analytics/CrossAnalysisBuilder.tsx(62,15): error TS2454: Variable 'getAxisLabel' is used before being assigned.
components/analytics/CrossAnalysisBuilder.tsx(146,17): error TS2322: Type 'Dispatch<SetStateAction<"segment" | "date" | "tag" | "message_type" | "device">>' is not assignable to type '(value: string) => void'.
  Types of parameters 'value' and 'value' are incompatible.
    Type 'string' is not assignable to type 'SetStateAction<"segment" | "date" | "tag" | "message_type" | "device">'.
components/analytics/CrossAnalysisBuilder.tsx(147,17): error TS2322: Type 'Dispatch<SetStateAction<"friends" | "messages" | "delivery_rate" | "engagement" | "clicks">>' is not assignable to type '(value: string) => void'.
  Types of parameters 'value' and 'value' are incompatible.
    Type 'string' is not assignable to type 'SetStateAction<"friends" | "messages" | "delivery_rate" | "engagement" | "clicks">'.
components/analytics/DeviceBreakdown.tsx(73,33): error TS18046: 'percent' is of type 'unknown'.
components/analytics/DeviceChart.tsx(41,15): error TS2322: Type 'DeviceData[]' is not assignable to type 'ChartDataInput[]'.
  Type 'DeviceData' is not assignable to type 'ChartDataInput'.
    Index signature for type 'string' is missing in type 'DeviceData'.
components/analytics/DeviceChart.tsx(49,57): error TS18046: 'percent' is of type 'unknown'.
components/analytics/ReportHistory.tsx(46,26): error TS2554: Expected 2 arguments, but got 1.
components/analytics/TagDistributionChart.tsx(44,15): error TS2322: Type 'TagDistributionData[]' is not assignable to type 'ChartDataInput[]'.
  Type 'TagDistributionData' is not assignable to type 'ChartDataInput'.
    Index signature for type 'string' is missing in type 'TagDistributionData'.
components/analytics/TagDistributionChart.tsx(48,58): error TS18046: 'percent' is of type 'unknown'.
components/analytics/URLCreateForm.tsx(15,10): error TS2724: '"@/app/actions/url-tracking"' has no exported member named 'createShortenedURL'. Did you mean 'createShortUrl'?
components/auto-response/ConversationTimeline.tsx(270,22): error TS2304: Cannot find name 'ClockIcon'.
components/auto-response/RuleCard.tsx(186,19): error TS2322: Type '(e: React.MouseEvent) => Promise<void>' is not assignable to type '(checked: boolean) => void'.
  Types of parameters 'e' and 'checked' are incompatible.
    Type 'boolean' is not assignable to type 'MouseEvent<Element, MouseEvent>'.
components/auto-response/RuleCard.tsx(187,19): error TS2322: Type 'boolean | "" | null' is not assignable to type 'boolean | undefined'.
  Type 'null' is not assignable to type 'boolean | undefined'.
components/forms/FieldAnalytics.tsx(71,60): error TS18046: 'percent' is of type 'unknown'.
components/forms/FormCard.tsx(106,30): error TS2339: Property 'response_rate' does not exist on type 'Form'.
components/forms/FormList.tsx(101,27): error TS2339: Property 'response_rate' does not exist on type 'Form'.
components/forms/PublicForm.tsx(24,26): error TS2339: Property 'questions' does not exist on type 'Form'.
components/forms/WordCloud.tsx(5,19): error TS7016: Could not find a declaration file for module 'd3-cloud'. '/Users/kadotani/Documents/dev-projects/GitHub/lme-manual-scraper/node_modules/d3-cloud/build/d3.layout.cloud.js' implicitly has an 'any' type.
  Try `npm i --save-dev @types/d3-cloud` if it exists or add a new declaration (.d.ts) file containing `declare module 'd3-cloud';`
components/forms/WordCloud.tsx(62,17): error TS7006: Parameter 'd' implicitly has an 'any' type.
components/friends/SegmentDialog.tsx(31,30): error TS2339: Property 'conditions' does not exist on type 'SegmentWithCount'.
components/friends/SegmentDialog.tsx(63,31): error TS2345: Argument of type '{ name: string; description: string | null; conditions: any; }' is not assignable to parameter of type 'Omit<{ created_at?: string | null | undefined; description?: string | null | undefined; estimated_count?: number | null | undefined; id?: string | undefined; name: string; organization_id: string; type?: string | undefined; updated_at?: string | ... 1 more ... | undefined; }, "user_id">'.
  Property 'organization_id' is missing in type '{ name: string; description: string | null; conditions: any; }' but required in type 'Omit<{ created_at?: string | null | undefined; description?: string | null | undefined; estimated_count?: number | null | undefined; id?: string | undefined; name: string; organization_id: string; type?: string | undefined; updated_at?: string | ... 1 more ... | undefined; }, "user_id">'.
components/friends/SegmentList.tsx(135,29): error TS2339: Property 'conditions' does not exist on type 'SegmentWithCount'.
components/friends/SegmentList.tsx(141,39): error TS2769: No overload matches this call.
  Overload 1 of 4, '(value: string | number | Date): Date', gave the following error.
    Argument of type 'string | null' is not assignable to parameter of type 'string | number | Date'.
      Type 'null' is not assignable to type 'string | number | Date'.
  Overload 2 of 4, '(value: string | number): Date', gave the following error.
    Argument of type 'string | null' is not assignable to parameter of type 'string | number'.
      Type 'null' is not assignable to type 'string | number'.
components/messages/MessageCreationWizard.tsx(146,9): error TS2353: Object literal may only specify known properties, and 'exclude_blocked' does not exist in type '{ title: string; type: "text" | "image" | "video" | "flex" | "carousel"; content: string; target_type: "tags" | "segments" | "all" | "manual"; media_url?: string | null | undefined; flex_json?: string | ... 1 more ... | undefined; scheduled_at?: string | ... 1 more ... | undefined; target_ids?: string[] | undefined; }'.
components/messages/MessageCreationWizard.tsx(177,9): error TS2353: Object literal may only specify known properties, and 'exclude_blocked' does not exist in type '{ title: string; type: "text" | "image" | "video" | "flex" | "carousel"; content: string; target_type: "tags" | "segments" | "all" | "manual"; media_url?: string | null | undefined; flex_json?: string | ... 1 more ... | undefined; scheduled_at?: string | ... 1 more ... | undefined; target_ids?: string[] | undefined; }'.
components/messages/TargetSelector.tsx(49,11): error TS2554: Expected 1-2 arguments, but got 4.
components/reservations/PublicReservationForm.tsx(78,31): error TS2339: Property 'id' does not exist on type 'SlotWithAvailability'.
components/reservations/ReservationConfirm.tsx(66,59): error TS2339: Property 'start_time' does not exist on type 'SlotWithAvailability'.
components/reservations/ReservationConfirm.tsx(68,36): error TS2339: Property 'start_time' does not exist on type 'SlotWithAvailability'.
components/reservations/ReservationConfirm.tsx(68,68): error TS2339: Property 'end_time' does not exist on type 'SlotWithAvailability'.
components/reservations/ReservationTimeline.tsx(100,56): error TS2367: This comparison appears to be unintentional because the types '"completed" | "confirmed" | "no_show"' and '"pending"' have no overlap.
components/reservations/SlotSelector.tsx(111,31): error TS2339: Property 'id' does not exist on type 'SlotWithAvailability'.
components/reservations/SlotSelector.tsx(112,44): error TS2339: Property 'id' does not exist on type 'SlotWithAvailability'.
components/reservations/SlotSelector.tsx(112,56): error TS2339: Property 'id' does not exist on type 'SlotWithAvailability'.
components/reservations/SlotSelector.tsx(118,40): error TS2339: Property 'start_time' does not exist on type 'SlotWithAvailability'.
components/reservations/SlotSelector.tsx(141,44): error TS2339: Property 'start_time' does not exist on type 'SlotWithAvailability'.
components/reservations/SlotSelector.tsx(141,84): error TS2339: Property 'end_time' does not exist on type 'SlotWithAvailability'.
components/settings/APIKeyDetailsDialog.tsx(35,9): error TS2353: Object literal may only specify known properties, and 'title' does not exist in type 'ReactElement<unknown, string | JSXElementConstructor<any>> | Iterable<ReactNode> | ReactPortal | Promise<...> | (() => ReactNode)'.
components/settings/APIKeyDetailsDialog.tsx(46,9): error TS2353: Object literal may only specify known properties, and 'title' does not exist in type 'ReactElement<unknown, string | JSXElementConstructor<any>> | Iterable<ReactNode> | ReactPortal | Promise<...> | (() => ReactNode)'.
components/settings/APIKeyDetailsDialog.tsx(51,9): error TS2353: Object literal may only specify known properties, and 'title' does not exist in type 'ReactElement<unknown, string | JSXElementConstructor<any>> | Iterable<ReactNode> | ReactPortal | Promise<...> | (() => ReactNode)'.
components/settings/APIKeysList.tsx(34,9): error TS2353: Object literal may only specify known properties, and 'title' does not exist in type '(() => ReactNode) | ReactElement<unknown, string | JSXElementConstructor<any>> | Iterable<ReactNode> | ReactPortal | Promise<...>'.
components/settings/APIKeysList.tsx(38,9): error TS2353: Object literal may only specify known properties, and 'title' does not exist in type '(() => ReactNode) | ReactElement<unknown, string | JSXElementConstructor<any>> | Iterable<ReactNode> | ReactPortal | Promise<...>'.
components/settings/APIKeysList.tsx(52,9): error TS2353: Object literal may only specify known properties, and 'title' does not exist in type '(() => ReactNode) | ReactElement<unknown, string | JSXElementConstructor<any>> | Iterable<ReactNode> | ReactPortal | Promise<...>'.
components/settings/APIKeysList.tsx(56,9): error TS2353: Object literal may only specify known properties, and 'title' does not exist in type '(() => ReactNode) | ReactElement<unknown, string | JSXElementConstructor<any>> | Iterable<ReactNode> | ReactPortal | Promise<...>'.
components/settings/CreateAPIKeyDialog.tsx(53,9): error TS2353: Object literal may only specify known properties, and 'title' does not exist in type '(() => ReactNode) | ReactElement<unknown, string | JSXElementConstructor<any>> | Iterable<ReactNode> | ReactPortal | Promise<...>'.
components/settings/CreateAPIKeyDialog.tsx(61,9): error TS2353: Object literal may only specify known properties, and 'title' does not exist in type '(() => ReactNode) | ReactElement<unknown, string | JSXElementConstructor<any>> | Iterable<ReactNode> | ReactPortal | Promise<...>'.
components/settings/CreateAPIKeyDialog.tsx(75,20): error TS2345: Argument of type 'APIKeyWithSecret' is not assignable to parameter of type 'APIKey & { full_key: string; }'.
  Property 'full_key' is missing in type 'APIKeyWithSecret' but required in type '{ full_key: string; }'.
components/settings/CreateAPIKeyDialog.tsx(84,9): error TS2353: Object literal may only specify known properties, and 'title' does not exist in type '(() => ReactNode) | ReactElement<unknown, string | JSXElementConstructor<any>> | Iterable<ReactNode> | ReactPortal | Promise<...>'.
components/settings/CreateAPIKeyDialog.tsx(89,9): error TS2353: Object literal may only specify known properties, and 'title' does not exist in type '(() => ReactNode) | ReactElement<unknown, string | JSXElementConstructor<any>> | Iterable<ReactNode> | ReactPortal | Promise<...>'.
components/settings/DataExportForm.tsx(47,9): error TS2353: Object literal may only specify known properties, and 'title' does not exist in type '(() => ReactNode) | ReactElement<unknown, string | JSXElementConstructor<any>> | Iterable<ReactNode> | ReactPortal | Promise<...>'.
components/settings/DataExportForm.tsx(64,9): error TS2322: Type 'ExportFormat' is not assignable to type 'import("/Users/kadotani/Documents/dev-projects/GitHub/lme-manual-scraper/types/system").ExportFormat'.
  Type '"excel"' is not assignable to type 'ExportFormat'.
components/settings/DataExportForm.tsx(73,37): error TS2339: Property 'data' does not exist on type 'ExportResult'.
components/settings/DataExportForm.tsx(73,59): error TS2339: Property 'mimeType' does not exist on type 'ExportResult'.
components/settings/DataExportForm.tsx(77,27): error TS2551: Property 'filename' does not exist on type 'ExportResult'. Did you mean 'fileName'?
components/settings/DataExportForm.tsx(84,9): error TS2353: Object literal may only specify known properties, and 'title' does not exist in type '(() => ReactNode) | ReactElement<unknown, string | JSXElementConstructor<any>> | Iterable<ReactNode> | ReactPortal | Promise<...>'.
components/settings/DataExportForm.tsx(85,32): error TS2551: Property 'filename' does not exist on type 'ExportResult'. Did you mean 'fileName'?
components/settings/DataExportForm.tsx(89,9): error TS2353: Object literal may only specify known properties, and 'title' does not exist in type '(() => ReactNode) | ReactElement<unknown, string | JSXElementConstructor<any>> | Iterable<ReactNode> | ReactPortal | Promise<...>'.
components/settings/DataImportForm.tsx(37,9): error TS2353: Object literal may only specify known properties, and 'title' does not exist in type '(() => ReactNode) | ReactElement<unknown, string | JSXElementConstructor<any>> | Iterable<ReactNode> | ReactPortal | Promise<...>'.
components/settings/DataImportForm.tsx(51,29): error TS2554: Expected 2 arguments, but got 1.
components/settings/DataImportForm.tsx(55,9): error TS2353: Object literal may only specify known properties, and 'title' does not exist in type '(() => ReactNode) | ReactElement<unknown, string | JSXElementConstructor<any>> | Iterable<ReactNode> | ReactPortal | Promise<...>'.
components/settings/DataImportForm.tsx(98,28): error TS2554: Expected 2-3 arguments, but got 1.
components/settings/DataImportForm.tsx(104,9): error TS2353: Object literal may only specify known properties, and 'title' does not exist in type '(() => ReactNode) | ReactElement<unknown, string | JSXElementConstructor<any>> | Iterable<ReactNode> | ReactPortal | Promise<...>'.
components/settings/DataImportForm.tsx(105,32): error TS2339: Property 'imported' does not exist on type 'ImportResult'.
components/settings/DataImportForm.tsx(105,72): error TS2339: Property 'skipped' does not exist on type 'ImportResult'.
components/settings/DataImportForm.tsx(116,9): error TS2353: Object literal may only specify known properties, and 'title' does not exist in type '(() => ReactNode) | ReactElement<unknown, string | JSXElementConstructor<any>> | Iterable<ReactNode> | ReactPortal | Promise<...>'.
components/settings/NotificationSettings.tsx(40,17): error TS7053: Element implicitly has an 'any' type because expression of type 'string' can't be used to index type 'Record<string, boolean> | { message_sent: boolean; form_submitted: boolean; reservation_created: boolean; weekly_report: boolean; } | { message_failed: boolean; reservation_reminder: boolean; }'.
  No index signature with a parameter of type 'string' was found on type 'Record<string, boolean> | { message_sent: boolean; form_submitted: boolean; reservation_created: boolean; weekly_report: boolean; } | { message_failed: boolean; reservation_reminder: boolean; }'.
components/settings/NotificationSettings.tsx(49,55): error TS2345: Argument of type '{ email: Record<string, boolean>; push: Record<string, boolean>; } | { email: { message_sent: boolean; form_submitted: boolean; reservation_created: boolean; weekly_report: boolean; }; push: { ...; }; }' is not assignable to parameter of type 'NotificationSettings'.
  Type '{ email: Record<string, boolean>; push: Record<string, boolean>; }' is not assignable to type 'NotificationSettings'.
    Types of property 'email' are incompatible.
      Type 'Record<string, boolean>' is missing the following properties from type '{ message_sent: boolean; form_submitted: boolean; reservation_created: boolean; weekly_report: boolean; }': message_sent, form_submitted, reservation_created, weekly_report
lib/actions/messages.ts(9,11): error TS2769: No overload matches this call.
  Overload 1 of 2, '(values: readonly ["text", "image", "video", "flex", "carousel"], params?: string | { error?: string | $ZodErrorMap<$ZodIssueInvalidValue<unknown>> | undefined; message?: string | undefined; } | undefined): ZodEnum<...>', gave the following error.
    Object literal may only specify known properties, and 'required_error' does not exist in type '{ error?: string | $ZodErrorMap<$ZodIssueInvalidValue<unknown>> | undefined; message?: string | undefined; }'.
  Overload 2 of 2, '(entries: Readonly<Record<string, EnumValue>>, params?: string | { error?: string | $ZodErrorMap<$ZodIssueInvalidValue<unknown>> | undefined; message?: string | undefined; } | undefined): ZodEnum<...>', gave the following error.
    Argument of type 'string[]' is not assignable to parameter of type 'Readonly<Record<string, EnumValue>>'.
      Index signature for type 'string' is missing in type 'string[]'.
lib/actions/messages.ts(90,7): error TS2769: No overload matches this call.
  Overload 1 of 2, '(values: { click_count?: number | null | undefined; completed_at?: string | null | undefined; content: Json; created_at?: string | null | undefined; created_by?: string | null | undefined; ... 14 more ...; updated_at?: string | ... 1 more ... | undefined; }, options?: { ...; } | undefined): PostgrestFilterBuilder<...>', gave the following error.
    Object literal may only specify known properties, and 'user_id' does not exist in type '{ click_count?: number | null | undefined; completed_at?: string | null | undefined; content: Json; created_at?: string | null | undefined; created_by?: string | null | undefined; ... 14 more ...; updated_at?: string | ... 1 more ... | undefined; }'.
  Overload 2 of 2, '(values: { click_count?: number | null | undefined; completed_at?: string | null | undefined; content: Json; created_at?: string | null | undefined; created_by?: string | null | undefined; ... 14 more ...; updated_at?: string | ... 1 more ... | undefined; }[], options?: { ...; } | undefined): PostgrestFilterBuilder<...>', gave the following error.
    Object literal may only specify known properties, and 'user_id' does not exist in type '{ click_count?: number | null | undefined; completed_at?: string | null | undefined; content: Json; created_at?: string | null | undefined; created_by?: string | null | undefined; ... 14 more ...; updated_at?: string | ... 1 more ... | undefined; }[]'.
lib/actions/messages.ts(108,27): error TS2769: No overload matches this call.
  Overload 1 of 2, '(relation: "line_friends" | "organizations" | "users" | "step_campaigns" | "forms" | "tags" | "line_channels" | "messages" | "reservation_types" | "schedules" | "schedule_slots" | ... 19 more ... | "webhook_logs"): PostgrestQueryBuilder<...>', gave the following error.
    Argument of type '"message_segments"' is not assignable to parameter of type '"line_friends" | "organizations" | "users" | "step_campaigns" | "forms" | "tags" | "line_channels" | "messages" | "reservation_types" | "schedules" | "schedule_slots" | "rich_menus" | ... 18 more ... | "webhook_logs"'.
  Overload 2 of 2, '(relation: never): PostgrestQueryBuilder<{ PostgrestVersion: "13.0.5"; }, { Tables: { analytics_events: { Row: { created_at: string | null; event_data: Json; event_type: string; id: string; ip_address: unknown; ... 4 more ...; user_agent: string | null; }; Insert: { ...; }; Update: { ...; }; Relationships: [...]; }; ... 29 more ...; webhook_logs: { ...; }; }; Views: {}; Functions: { ...; }; Enums: {}; CompositeTypes: {}; }, never, never, never>', gave the following error.
    Argument of type '"message_segments"' is not assignable to parameter of type 'never'.
lib/actions/messages.ts(108,54): error TS2769: No overload matches this call.
  Overload 1 of 2, '(values: { created_at?: string | null | undefined; event_data?: Json | undefined; event_type: string; id?: string | undefined; ip_address?: unknown; line_friend_id?: string | null | undefined; organization_id: string; referrer?: string | ... 1 more ... | undefined; session_id?: string | ... 1 more ... | undefined; user_agent?: string | ... 1 more ... | undefined; } | ... 29 more ... | { ...; }, options?: { ...; } | undefined): PostgrestFilterBuilder<...>', gave the following error.
    Argument of type '{ message_id: string; segment_id: string; }[]' is not assignable to parameter of type '{ created_at?: string | null | undefined; event_data?: Json | undefined; event_type: string; id?: string | undefined; ip_address?: unknown; line_friend_id?: string | null | undefined; organization_id: string; referrer?: string | ... 1 more ... | undefined; session_id?: string | ... 1 more ... | undefined; user_agent...'.
  Overload 2 of 2, '(values: ({ created_at?: string | null | undefined; event_data?: Json | undefined; event_type: string; id?: string | undefined; ip_address?: unknown; line_friend_id?: string | null | undefined; organization_id: string; referrer?: string | ... 1 more ... | undefined; session_id?: string | ... 1 more ... | undefined; user_agent?: string | ... 1 more ... | undefined; } | ... 29 more ... | { ...; })[], options?: { ...; } | undefined): PostgrestFilterBuilder<...>', gave the following error.
    Argument of type '{ message_id: string; segment_id: string; }[]' is not assignable to parameter of type '({ created_at?: string | null | undefined; event_data?: Json | undefined; event_type: string; id?: string | undefined; ip_address?: unknown; line_friend_id?: string | null | undefined; organization_id: string; referrer?: string | ... 1 more ... | undefined; session_id?: string | ... 1 more ... | undefined; user_agen...'.
      Type '{ message_id: string; segment_id: string; }' is not assignable to type '{ created_at?: string | null | undefined; event_data?: Json | undefined; event_type: string; id?: string | undefined; ip_address?: unknown; line_friend_id?: string | null | undefined; organization_id: string; referrer?: string | ... 1 more ... | undefined; session_id?: string | ... 1 more ... | undefined; user_agent...'.
        Type '{ message_id: string; segment_id: string; }' is missing the following properties from type '{ click_count?: number | null | undefined; created_at?: string | null | undefined; expires_at?: string | null | undefined; id?: string | undefined; message_id?: string | null | undefined; ... 4 more ...; updated_at?: string | ... 1 more ... | undefined; }': organization_id, original_url, short_code
lib/actions/messages.ts(114,27): error TS2769: No overload matches this call.
  Overload 1 of 2, '(relation: "line_friends" | "organizations" | "users" | "step_campaigns" | "forms" | "tags" | "line_channels" | "messages" | "reservation_types" | "schedules" | "schedule_slots" | ... 19 more ... | "webhook_logs"): PostgrestQueryBuilder<...>', gave the following error.
    Argument of type '"message_tags"' is not assignable to parameter of type '"line_friends" | "organizations" | "users" | "step_campaigns" | "forms" | "tags" | "line_channels" | "messages" | "reservation_types" | "schedules" | "schedule_slots" | "rich_menus" | ... 18 more ... | "webhook_logs"'.
  Overload 2 of 2, '(relation: never): PostgrestQueryBuilder<{ PostgrestVersion: "13.0.5"; }, { Tables: { analytics_events: { Row: { created_at: string | null; event_data: Json; event_type: string; id: string; ip_address: unknown; ... 4 more ...; user_agent: string | null; }; Insert: { ...; }; Update: { ...; }; Relationships: [...]; }; ... 29 more ...; webhook_logs: { ...; }; }; Views: {}; Functions: { ...; }; Enums: {}; CompositeTypes: {}; }, never, never, never>', gave the following error.
    Argument of type '"message_tags"' is not assignable to parameter of type 'never'.
lib/actions/messages.ts(114,50): error TS2769: No overload matches this call.
  Overload 1 of 2, '(values: { created_at?: string | null | undefined; event_data?: Json | undefined; event_type: string; id?: string | undefined; ip_address?: unknown; line_friend_id?: string | null | undefined; organization_id: string; referrer?: string | ... 1 more ... | undefined; session_id?: string | ... 1 more ... | undefined; user_agent?: string | ... 1 more ... | undefined; } | ... 29 more ... | { ...; }, options?: { ...; } | undefined): PostgrestFilterBuilder<...>', gave the following error.
    Argument of type '{ message_id: string; tag_id: string; }[]' is not assignable to parameter of type '{ created_at?: string | null | undefined; event_data?: Json | undefined; event_type: string; id?: string | undefined; ip_address?: unknown; line_friend_id?: string | null | undefined; organization_id: string; referrer?: string | ... 1 more ... | undefined; session_id?: string | ... 1 more ... | undefined; user_agent...'.
  Overload 2 of 2, '(values: ({ created_at?: string | null | undefined; event_data?: Json | undefined; event_type: string; id?: string | undefined; ip_address?: unknown; line_friend_id?: string | null | undefined; organization_id: string; referrer?: string | ... 1 more ... | undefined; session_id?: string | ... 1 more ... | undefined; user_agent?: string | ... 1 more ... | undefined; } | ... 29 more ... | { ...; })[], options?: { ...; } | undefined): PostgrestFilterBuilder<...>', gave the following error.
    Argument of type '{ message_id: string; tag_id: string; }[]' is not assignable to parameter of type '({ created_at?: string | null | undefined; event_data?: Json | undefined; event_type: string; id?: string | undefined; ip_address?: unknown; line_friend_id?: string | null | undefined; organization_id: string; referrer?: string | ... 1 more ... | undefined; session_id?: string | ... 1 more ... | undefined; user_agen...'.
      Type '{ message_id: string; tag_id: string; }' is not assignable to type '{ created_at?: string | null | undefined; event_data?: Json | undefined; event_type: string; id?: string | undefined; ip_address?: unknown; line_friend_id?: string | null | undefined; organization_id: string; referrer?: string | ... 1 more ... | undefined; session_id?: string | ... 1 more ... | undefined; user_agent...'.
        Type '{ message_id: string; tag_id: string; }' is missing the following properties from type '{ click_count?: number | null | undefined; created_at?: string | null | undefined; expires_at?: string | null | undefined; id?: string | undefined; message_id?: string | null | undefined; ... 4 more ...; updated_at?: string | ... 1 more ... | undefined; }': organization_id, original_url, short_code
lib/actions/messages.ts(120,27): error TS2769: No overload matches this call.
  Overload 1 of 2, '(relation: "line_friends" | "organizations" | "users" | "step_campaigns" | "forms" | "tags" | "line_channels" | "messages" | "reservation_types" | "schedules" | "schedule_slots" | ... 19 more ... | "webhook_logs"): PostgrestQueryBuilder<...>', gave the following error.
    Argument of type '"message_friends"' is not assignable to parameter of type '"line_friends" | "organizations" | "users" | "step_campaigns" | "forms" | "tags" | "line_channels" | "messages" | "reservation_types" | "schedules" | "schedule_slots" | "rich_menus" | ... 18 more ... | "webhook_logs"'.
  Overload 2 of 2, '(relation: never): PostgrestQueryBuilder<{ PostgrestVersion: "13.0.5"; }, { Tables: { analytics_events: { Row: { created_at: string | null; event_data: Json; event_type: string; id: string; ip_address: unknown; ... 4 more ...; user_agent: string | null; }; Insert: { ...; }; Update: { ...; }; Relationships: [...]; }; ... 29 more ...; webhook_logs: { ...; }; }; Views: {}; Functions: { ...; }; Enums: {}; CompositeTypes: {}; }, never, never, never>', gave the following error.
    Argument of type '"message_friends"' is not assignable to parameter of type 'never'.
lib/actions/messages.ts(120,53): error TS2769: No overload matches this call.
  Overload 1 of 2, '(values: { created_at?: string | null | undefined; event_data?: Json | undefined; event_type: string; id?: string | undefined; ip_address?: unknown; line_friend_id?: string | null | undefined; organization_id: string; referrer?: string | ... 1 more ... | undefined; session_id?: string | ... 1 more ... | undefined; user_agent?: string | ... 1 more ... | undefined; } | ... 29 more ... | { ...; }, options?: { ...; } | undefined): PostgrestFilterBuilder<...>', gave the following error.
    Argument of type '{ message_id: string; friend_id: string; }[]' is not assignable to parameter of type '{ created_at?: string | null | undefined; event_data?: Json | undefined; event_type: string; id?: string | undefined; ip_address?: unknown; line_friend_id?: string | null | undefined; organization_id: string; referrer?: string | ... 1 more ... | undefined; session_id?: string | ... 1 more ... | undefined; user_agent...'.
  Overload 2 of 2, '(values: ({ created_at?: string | null | undefined; event_data?: Json | undefined; event_type: string; id?: string | undefined; ip_address?: unknown; line_friend_id?: string | null | undefined; organization_id: string; referrer?: string | ... 1 more ... | undefined; session_id?: string | ... 1 more ... | undefined; user_agent?: string | ... 1 more ... | undefined; } | ... 29 more ... | { ...; })[], options?: { ...; } | undefined): PostgrestFilterBuilder<...>', gave the following error.
    Argument of type '{ message_id: string; friend_id: string; }[]' is not assignable to parameter of type '({ created_at?: string | null | undefined; event_data?: Json | undefined; event_type: string; id?: string | undefined; ip_address?: unknown; line_friend_id?: string | null | undefined; organization_id: string; referrer?: string | ... 1 more ... | undefined; session_id?: string | ... 1 more ... | undefined; user_agen...'.
      Type '{ message_id: string; friend_id: string; }' is not assignable to type '{ created_at?: string | null | undefined; event_data?: Json | undefined; event_type: string; id?: string | undefined; ip_address?: unknown; line_friend_id?: string | null | undefined; organization_id: string; referrer?: string | ... 1 more ... | undefined; session_id?: string | ... 1 more ... | undefined; user_agent...'.
        Type '{ message_id: string; friend_id: string; }' is missing the following properties from type '{ click_count?: number | null | undefined; created_at?: string | null | undefined; expires_at?: string | null | undefined; id?: string | undefined; message_id?: string | null | undefined; ... 4 more ...; updated_at?: string | ... 1 more ... | undefined; }': organization_id, original_url, short_code
lib/actions/messages.ts(155,25): error TS2769: No overload matches this call.
  Overload 1 of 2, '(relation: "line_friends" | "organizations" | "users" | "step_campaigns" | "forms" | "tags" | "line_channels" | "messages" | "reservation_types" | "schedules" | "schedule_slots" | ... 19 more ... | "webhook_logs"): PostgrestQueryBuilder<...>', gave the following error.
    Argument of type '"message_segments"' is not assignable to parameter of type '"line_friends" | "organizations" | "users" | "step_campaigns" | "forms" | "tags" | "line_channels" | "messages" | "reservation_types" | "schedules" | "schedule_slots" | "rich_menus" | ... 18 more ... | "webhook_logs"'.
  Overload 2 of 2, '(relation: never): PostgrestQueryBuilder<{ PostgrestVersion: "13.0.5"; }, { Tables: { analytics_events: { Row: { created_at: string | null; event_data: Json; event_type: string; id: string; ip_address: unknown; ... 4 more ...; user_agent: string | null; }; Insert: { ...; }; Update: { ...; }; Relationships: [...]; }; ... 29 more ...; webhook_logs: { ...; }; }; Views: {}; Functions: { ...; }; Enums: {}; CompositeTypes: {}; }, never, never, never>', gave the following error.
    Argument of type '"message_segments"' is not assignable to parameter of type 'never'.
lib/actions/messages.ts(156,25): error TS2769: No overload matches this call.
  Overload 1 of 2, '(relation: "line_friends" | "organizations" | "users" | "step_campaigns" | "forms" | "tags" | "line_channels" | "messages" | "reservation_types" | "schedules" | "schedule_slots" | ... 19 more ... | "webhook_logs"): PostgrestQueryBuilder<...>', gave the following error.
    Argument of type '"message_tags"' is not assignable to parameter of type '"line_friends" | "organizations" | "users" | "step_campaigns" | "forms" | "tags" | "line_channels" | "messages" | "reservation_types" | "schedules" | "schedule_slots" | "rich_menus" | ... 18 more ... | "webhook_logs"'.
  Overload 2 of 2, '(relation: never): PostgrestQueryBuilder<{ PostgrestVersion: "13.0.5"; }, { Tables: { analytics_events: { Row: { created_at: string | null; event_data: Json; event_type: string; id: string; ip_address: unknown; ... 4 more ...; user_agent: string | null; }; Insert: { ...; }; Update: { ...; }; Relationships: [...]; }; ... 29 more ...; webhook_logs: { ...; }; }; Views: {}; Functions: { ...; }; Enums: {}; CompositeTypes: {}; }, never, never, never>', gave the following error.
    Argument of type '"message_tags"' is not assignable to parameter of type 'never'.
lib/actions/messages.ts(157,25): error TS2769: No overload matches this call.
  Overload 1 of 2, '(relation: "line_friends" | "organizations" | "users" | "step_campaigns" | "forms" | "tags" | "line_channels" | "messages" | "reservation_types" | "schedules" | "schedule_slots" | ... 19 more ... | "webhook_logs"): PostgrestQueryBuilder<...>', gave the following error.
    Argument of type '"message_friends"' is not assignable to parameter of type '"line_friends" | "organizations" | "users" | "step_campaigns" | "forms" | "tags" | "line_channels" | "messages" | "reservation_types" | "schedules" | "schedule_slots" | "rich_menus" | ... 18 more ... | "webhook_logs"'.
  Overload 2 of 2, '(relation: never): PostgrestQueryBuilder<{ PostgrestVersion: "13.0.5"; }, { Tables: { analytics_events: { Row: { created_at: string | null; event_data: Json; event_type: string; id: string; ip_address: unknown; ... 4 more ...; user_agent: string | null; }; Insert: { ...; }; Update: { ...; }; Relationships: [...]; }; ... 29 more ...; webhook_logs: { ...; }; }; Views: {}; Functions: { ...; }; Enums: {}; CompositeTypes: {}; }, never, never, never>', gave the following error.
    Argument of type '"message_friends"' is not assignable to parameter of type 'never'.
lib/actions/messages.ts(166,29): error TS2769: No overload matches this call.
  Overload 1 of 2, '(relation: "line_friends" | "organizations" | "users" | "step_campaigns" | "forms" | "tags" | "line_channels" | "messages" | "reservation_types" | "schedules" | "schedule_slots" | ... 19 more ... | "webhook_logs"): PostgrestQueryBuilder<...>', gave the following error.
    Argument of type '"message_segments"' is not assignable to parameter of type '"line_friends" | "organizations" | "users" | "step_campaigns" | "forms" | "tags" | "line_channels" | "messages" | "reservation_types" | "schedules" | "schedule_slots" | "rich_menus" | ... 18 more ... | "webhook_logs"'.
  Overload 2 of 2, '(relation: never): PostgrestQueryBuilder<{ PostgrestVersion: "13.0.5"; }, { Tables: { analytics_events: { Row: { created_at: string | null; event_data: Json; event_type: string; id: string; ip_address: unknown; ... 4 more ...; user_agent: string | null; }; Insert: { ...; }; Update: { ...; }; Relationships: [...]; }; ... 29 more ...; webhook_logs: { ...; }; }; Views: {}; Functions: { ...; }; Enums: {}; CompositeTypes: {}; }, never, never, never>', gave the following error.
    Argument of type '"message_segments"' is not assignable to parameter of type 'never'.
lib/actions/messages.ts(166,56): error TS2769: No overload matches this call.
  Overload 1 of 2, '(values: { created_at?: string | null | undefined; event_data?: Json | undefined; event_type: string; id?: string | undefined; ip_address?: unknown; line_friend_id?: string | null | undefined; organization_id: string; referrer?: string | ... 1 more ... | undefined; session_id?: string | ... 1 more ... | undefined; user_agent?: string | ... 1 more ... | undefined; } | ... 29 more ... | { ...; }, options?: { ...; } | undefined): PostgrestFilterBuilder<...>', gave the following error.
    Argument of type '{ message_id: string; segment_id: string; }[]' is not assignable to parameter of type '{ created_at?: string | null | undefined; event_data?: Json | undefined; event_type: string; id?: string | undefined; ip_address?: unknown; line_friend_id?: string | null | undefined; organization_id: string; referrer?: string | ... 1 more ... | undefined; session_id?: string | ... 1 more ... | undefined; user_agent...'.
  Overload 2 of 2, '(values: ({ created_at?: string | null | undefined; event_data?: Json | undefined; event_type: string; id?: string | undefined; ip_address?: unknown; line_friend_id?: string | null | undefined; organization_id: string; referrer?: string | ... 1 more ... | undefined; session_id?: string | ... 1 more ... | undefined; user_agent?: string | ... 1 more ... | undefined; } | ... 29 more ... | { ...; })[], options?: { ...; } | undefined): PostgrestFilterBuilder<...>', gave the following error.
    Argument of type '{ message_id: string; segment_id: string; }[]' is not assignable to parameter of type '({ created_at?: string | null | undefined; event_data?: Json | undefined; event_type: string; id?: string | undefined; ip_address?: unknown; line_friend_id?: string | null | undefined; organization_id: string; referrer?: string | ... 1 more ... | undefined; session_id?: string | ... 1 more ... | undefined; user_agen...'.
      Type '{ message_id: string; segment_id: string; }' is not assignable to type '{ created_at?: string | null | undefined; event_data?: Json | undefined; event_type: string; id?: string | undefined; ip_address?: unknown; line_friend_id?: string | null | undefined; organization_id: string; referrer?: string | ... 1 more ... | undefined; session_id?: string | ... 1 more ... | undefined; user_agent...'.
        Type '{ message_id: string; segment_id: string; }' is missing the following properties from type '{ click_count?: number | null | undefined; created_at?: string | null | undefined; expires_at?: string | null | undefined; id?: string | undefined; message_id?: string | null | undefined; ... 4 more ...; updated_at?: string | ... 1 more ... | undefined; }': organization_id, original_url, short_code
lib/actions/messages.ts(172,29): error TS2769: No overload matches this call.
  Overload 1 of 2, '(relation: "line_friends" | "organizations" | "users" | "step_campaigns" | "forms" | "tags" | "line_channels" | "messages" | "reservation_types" | "schedules" | "schedule_slots" | ... 19 more ... | "webhook_logs"): PostgrestQueryBuilder<...>', gave the following error.
    Argument of type '"message_tags"' is not assignable to parameter of type '"line_friends" | "organizations" | "users" | "step_campaigns" | "forms" | "tags" | "line_channels" | "messages" | "reservation_types" | "schedules" | "schedule_slots" | "rich_menus" | ... 18 more ... | "webhook_logs"'.
  Overload 2 of 2, '(relation: never): PostgrestQueryBuilder<{ PostgrestVersion: "13.0.5"; }, { Tables: { analytics_events: { Row: { created_at: string | null; event_data: Json; event_type: string; id: string; ip_address: unknown; ... 4 more ...; user_agent: string | null; }; Insert: { ...; }; Update: { ...; }; Relationships: [...]; }; ... 29 more ...; webhook_logs: { ...; }; }; Views: {}; Functions: { ...; }; Enums: {}; CompositeTypes: {}; }, never, never, never>', gave the following error.
    Argument of type '"message_tags"' is not assignable to parameter of type 'never'.
lib/actions/messages.ts(172,52): error TS2769: No overload matches this call.
  Overload 1 of 2, '(values: { created_at?: string | null | undefined; event_data?: Json | undefined; event_type: string; id?: string | undefined; ip_address?: unknown; line_friend_id?: string | null | undefined; organization_id: string; referrer?: string | ... 1 more ... | undefined; session_id?: string | ... 1 more ... | undefined; user_agent?: string | ... 1 more ... | undefined; } | ... 29 more ... | { ...; }, options?: { ...; } | undefined): PostgrestFilterBuilder<...>', gave the following error.
    Argument of type '{ message_id: string; tag_id: string; }[]' is not assignable to parameter of type '{ created_at?: string | null | undefined; event_data?: Json | undefined; event_type: string; id?: string | undefined; ip_address?: unknown; line_friend_id?: string | null | undefined; organization_id: string; referrer?: string | ... 1 more ... | undefined; session_id?: string | ... 1 more ... | undefined; user_agent...'.
  Overload 2 of 2, '(values: ({ created_at?: string | null | undefined; event_data?: Json | undefined; event_type: string; id?: string | undefined; ip_address?: unknown; line_friend_id?: string | null | undefined; organization_id: string; referrer?: string | ... 1 more ... | undefined; session_id?: string | ... 1 more ... | undefined; user_agent?: string | ... 1 more ... | undefined; } | ... 29 more ... | { ...; })[], options?: { ...; } | undefined): PostgrestFilterBuilder<...>', gave the following error.
    Argument of type '{ message_id: string; tag_id: string; }[]' is not assignable to parameter of type '({ created_at?: string | null | undefined; event_data?: Json | undefined; event_type: string; id?: string | undefined; ip_address?: unknown; line_friend_id?: string | null | undefined; organization_id: string; referrer?: string | ... 1 more ... | undefined; session_id?: string | ... 1 more ... | undefined; user_agen...'.
      Type '{ message_id: string; tag_id: string; }' is not assignable to type '{ created_at?: string | null | undefined; event_data?: Json | undefined; event_type: string; id?: string | undefined; ip_address?: unknown; line_friend_id?: string | null | undefined; organization_id: string; referrer?: string | ... 1 more ... | undefined; session_id?: string | ... 1 more ... | undefined; user_agent...'.
        Type '{ message_id: string; tag_id: string; }' is missing the following properties from type '{ click_count?: number | null | undefined; created_at?: string | null | undefined; expires_at?: string | null | undefined; id?: string | undefined; message_id?: string | null | undefined; ... 4 more ...; updated_at?: string | ... 1 more ... | undefined; }': organization_id, original_url, short_code
lib/actions/messages.ts(178,29): error TS2769: No overload matches this call.
  Overload 1 of 2, '(relation: "line_friends" | "organizations" | "users" | "step_campaigns" | "forms" | "tags" | "line_channels" | "messages" | "reservation_types" | "schedules" | "schedule_slots" | ... 19 more ... | "webhook_logs"): PostgrestQueryBuilder<...>', gave the following error.
    Argument of type '"message_friends"' is not assignable to parameter of type '"line_friends" | "organizations" | "users" | "step_campaigns" | "forms" | "tags" | "line_channels" | "messages" | "reservation_types" | "schedules" | "schedule_slots" | "rich_menus" | ... 18 more ... | "webhook_logs"'.
  Overload 2 of 2, '(relation: never): PostgrestQueryBuilder<{ PostgrestVersion: "13.0.5"; }, { Tables: { analytics_events: { Row: { created_at: string | null; event_data: Json; event_type: string; id: string; ip_address: unknown; ... 4 more ...; user_agent: string | null; }; Insert: { ...; }; Update: { ...; }; Relationships: [...]; }; ... 29 more ...; webhook_logs: { ...; }; }; Views: {}; Functions: { ...; }; Enums: {}; CompositeTypes: {}; }, never, never, never>', gave the following error.
    Argument of type '"message_friends"' is not assignable to parameter of type 'never'.
lib/actions/messages.ts(178,55): error TS2769: No overload matches this call.
  Overload 1 of 2, '(values: { created_at?: string | null | undefined; event_data?: Json | undefined; event_type: string; id?: string | undefined; ip_address?: unknown; line_friend_id?: string | null | undefined; organization_id: string; referrer?: string | ... 1 more ... | undefined; session_id?: string | ... 1 more ... | undefined; user_agent?: string | ... 1 more ... | undefined; } | ... 29 more ... | { ...; }, options?: { ...; } | undefined): PostgrestFilterBuilder<...>', gave the following error.
    Argument of type '{ message_id: string; friend_id: string; }[]' is not assignable to parameter of type '{ created_at?: string | null | undefined; event_data?: Json | undefined; event_type: string; id?: string | undefined; ip_address?: unknown; line_friend_id?: string | null | undefined; organization_id: string; referrer?: string | ... 1 more ... | undefined; session_id?: string | ... 1 more ... | undefined; user_agent...'.
  Overload 2 of 2, '(values: ({ created_at?: string | null | undefined; event_data?: Json | undefined; event_type: string; id?: string | undefined; ip_address?: unknown; line_friend_id?: string | null | undefined; organization_id: string; referrer?: string | ... 1 more ... | undefined; session_id?: string | ... 1 more ... | undefined; user_agent?: string | ... 1 more ... | undefined; } | ... 29 more ... | { ...; })[], options?: { ...; } | undefined): PostgrestFilterBuilder<...>', gave the following error.
    Argument of type '{ message_id: string; friend_id: string; }[]' is not assignable to parameter of type '({ created_at?: string | null | undefined; event_data?: Json | undefined; event_type: string; id?: string | undefined; ip_address?: unknown; line_friend_id?: string | null | undefined; organization_id: string; referrer?: string | ... 1 more ... | undefined; session_id?: string | ... 1 more ... | undefined; user_agen...'.
      Type '{ message_id: string; friend_id: string; }' is not assignable to type '{ created_at?: string | null | undefined; event_data?: Json | undefined; event_type: string; id?: string | undefined; ip_address?: unknown; line_friend_id?: string | null | undefined; organization_id: string; referrer?: string | ... 1 more ... | undefined; session_id?: string | ... 1 more ... | undefined; user_agent...'.
        Type '{ message_id: string; friend_id: string; }' is missing the following properties from type '{ click_count?: number | null | undefined; created_at?: string | null | undefined; expires_at?: string | null | undefined; id?: string | undefined; message_id?: string | null | undefined; ... 4 more ...; updated_at?: string | ... 1 more ... | undefined; }': organization_id, original_url, short_code
lib/email/send-invitation.ts(35,37): error TS2307: Cannot find module 'resend' or its corresponding type declarations.
lib/line/rich-menu-api.ts(114,11): error TS2769: No overload matches this call.
  Overload 1 of 2, '(input: string | URL | Request, init?: RequestInit | undefined): Promise<Response>', gave the following error.
    Type 'Buffer<ArrayBufferLike>' is not assignable to type 'BodyInit | null | undefined'.
      Type 'Buffer<ArrayBufferLike>' is missing the following properties from type 'URLSearchParams': size, append, delete, get, and 2 more.
  Overload 2 of 2, '(input: URL | RequestInfo, init?: RequestInit | undefined): Promise<Response>', gave the following error.
    Type 'Buffer<ArrayBufferLike>' is not assignable to type 'BodyInit | null | undefined'.
      Type 'Buffer<ArrayBufferLike>' is missing the following properties from type 'URLSearchParams': size, append, delete, get, and 2 more.
lib/stripe.ts(8,3): error TS2322: Type '"2024-12-18.acacia"' is not assignable to type '"2025-09-30.clover"'.
lib/supabase/queries/forms.ts(90,3): error TS2322: Type '{ created_at: string | null; created_by: string | null; description: string | null; id: string; organization_id: string; settings: Json; status: string; title: string; total_responses: number | null; updated_at: string | null; }[]' is not assignable to type 'Form[]'.
  Type '{ created_at: string | null; created_by: string | null; description: string | null; id: string; organization_id: string; settings: Json; status: string; title: string; total_responses: number | null; updated_at: string | null; }' is missing the following properties from type 'Form': fields, published_at
lib/supabase/queries/forms.ts(106,3): error TS2739: Type '{ created_at: string | null; created_by: string | null; description: string | null; id: string; organization_id: string; settings: Json; status: string; title: string; total_responses: number | null; updated_at: string | null; }' is missing the following properties from type 'Form': fields, published_at
lib/supabase/queries/forms.ts(117,13): error TS2769: No overload matches this call.
  Overload 1 of 2, '(values: { created_at?: string | null | undefined; created_by?: string | null | undefined; description?: string | null | undefined; id?: string | undefined; organization_id: string; settings?: Json | undefined; status?: string | undefined; title: string; total_responses?: number | ... 1 more ... | undefined; updated_at?: string | ... 1 more ... | undefined; }, options?: { ...; } | undefined): PostgrestFilterBuilder<...>', gave the following error.
    Argument of type 'Omit<Form, "id" | "created_at" | "updated_at">' is not assignable to parameter of type '{ created_at?: string | null | undefined; created_by?: string | null | undefined; description?: string | null | undefined; id?: string | undefined; organization_id: string; settings?: Json | undefined; status?: string | undefined; title: string; total_responses?: number | ... 1 more ... | undefined; updated_at?: str...'.
      Types of property 'settings' are incompatible.
        Type 'FormSettings' is not assignable to type 'Json | undefined'.
          Type 'FormSettings' is not assignable to type '{ [key: string]: Json | undefined; }'.
            Index signature for type 'string' is missing in type 'FormSettings'.
  Overload 2 of 2, '(values: { created_at?: string | null | undefined; created_by?: string | null | undefined; description?: string | null | undefined; id?: string | undefined; organization_id: string; settings?: Json | undefined; status?: string | undefined; title: string; total_responses?: number | ... 1 more ... | undefined; updated_at?: string | ... 1 more ... | undefined; }[], options?: { ...; } | undefined): PostgrestFilterBuilder<...>', gave the following error.
    Argument of type 'Omit<Form, "id" | "created_at" | "updated_at">' is not assignable to parameter of type '{ created_at?: string | null | undefined; created_by?: string | null | undefined; description?: string | null | undefined; id?: string | undefined; organization_id: string; settings?: Json | undefined; status?: string | undefined; title: string; total_responses?: number | ... 1 more ... | undefined; updated_at?: str...'.
      Type 'Omit<Form, "id" | "created_at" | "updated_at">' is missing the following properties from type '{ created_at?: string | null | undefined; created_by?: string | null | undefined; description?: string | null | undefined; id?: string | undefined; organization_id: string; settings?: Json | undefined; status?: string | undefined; title: string; total_responses?: number | ... 1 more ... | undefined; updated_at?: str...': length, pop, push, concat, and 35 more.
lib/supabase/queries/forms.ts(122,3): error TS2739: Type '{ created_at: string | null; created_by: string | null; description: string | null; id: string; organization_id: string; settings: Json; status: string; title: string; total_responses: number | null; updated_at: string | null; }' is missing the following properties from type 'Form': fields, published_at
lib/supabase/queries/forms.ts(133,13): error TS2345: Argument of type '{ updated_at: string; id?: string | undefined; organization_id?: string | undefined; title?: string | undefined; description?: string | null | undefined; fields?: FormField[] | undefined; ... 4 more ...; published_at?: string | ... 1 more ... | undefined; }' is not assignable to parameter of type '{ created_at?: string | null | undefined; created_by?: string | null | undefined; description?: string | null | undefined; id?: string | undefined; organization_id?: string | undefined; ... 4 more ...; updated_at?: string | ... 1 more ... | undefined; }'.
  Types of property 'settings' are incompatible.
    Type 'FormSettings | undefined' is not assignable to type 'Json | undefined'.
      Type 'FormSettings' is not assignable to type 'Json | undefined'.
        Type 'FormSettings' is not assignable to type '{ [key: string]: Json | undefined; }'.
          Index signature for type 'string' is missing in type 'FormSettings'.
lib/supabase/queries/forms.ts(139,3): error TS2739: Type '{ created_at: string | null; created_by: string | null; description: string | null; id: string; organization_id: string; settings: Json; status: string; title: string; total_responses: number | null; updated_at: string | null; }' is missing the following properties from type 'Form': fields, published_at
lib/supabase/queries/forms.ts(195,3): error TS2322: Type '{ created_at: string | null; form_id: string; id: string; ip_address: unknown; line_friend_id: string | null; responses: Json; submitted_at: string | null; user_agent: string | null; }[]' is not assignable to type 'FormResponse[]'.
  Type '{ created_at: string | null; form_id: string; id: string; ip_address: unknown; line_friend_id: string | null; responses: Json; submitted_at: string | null; user_agent: string | null; }' is missing the following properties from type 'FormResponse': response_data, metadata, started_at, completion_time_seconds
lib/supabase/queries/forms.ts(223,10): error TS2345: Argument of type '"get_response_trends"' is not assignable to parameter of type '"custom_access_token_hook"'.
lib/supabase/queries/forms.ts(229,3): error TS2322: Type 'string | number | true | { [key: string]: Json | undefined; } | Json[]' is not assignable to type 'ResponseTrend[]'.
  Type 'string' is not assignable to type 'ResponseTrend[]'.
lib/supabase/queries/forms.ts(244,10): error TS2345: Argument of type '"aggregate_field_responses"' is not assignable to parameter of type '"custom_access_token_hook"'.
lib/supabase/queries/forms.ts(252,3): error TS2322: Type 'string | number | true | { [key: string]: Json | undefined; } | Json[]' is not assignable to type 'Record<string, any>'.
  Type 'string' is not assignable to type 'Record<string, any>'.
lib/supabase/queries/forms.ts(266,11): error TS2769: No overload matches this call.
  Overload 1 of 2, '(relation: "line_friends" | "organizations" | "users" | "step_campaigns" | "forms" | "tags" | "line_channels" | "messages" | "reservation_types" | "schedules" | "schedule_slots" | ... 19 more ... | "webhook_logs"): PostgrestQueryBuilder<...>', gave the following error.
    Argument of type '"form_analytics"' is not assignable to parameter of type '"line_friends" | "organizations" | "users" | "step_campaigns" | "forms" | "tags" | "line_channels" | "messages" | "reservation_types" | "schedules" | "schedule_slots" | "rich_menus" | ... 18 more ... | "webhook_logs"'.
  Overload 2 of 2, '(relation: never): PostgrestQueryBuilder<{ PostgrestVersion: "13.0.5"; }, { Tables: { analytics_events: { Row: { created_at: string | null; event_data: Json; event_type: string; id: string; ip_address: unknown; ... 4 more ...; user_agent: string | null; }; Insert: { ...; }; Update: { ...; }; Relationships: [...]; }; ... 29 more ...; webhook_logs: { ...; }; }; Views: {}; Functions: { ...; }; Enums: {}; CompositeTypes: {}; }, never, never, never>', gave the following error.
    Argument of type '"form_analytics"' is not assignable to parameter of type 'never'.
lib/supabase/queries/forms.ts(274,3): error TS2322: Type '({ created_at: string | null; event_data: Json; event_type: string; id: string; ip_address: unknown; line_friend_id: string | null; organization_id: string; referrer: string | null; session_id: string | null; user_agent: string | null; } | ... 29 more ... | { ...; })[]' is not assignable to type 'FormAnalytics[]'.
  Type '{ created_at: string | null; event_data: Json; event_type: string; id: string; ip_address: unknown; line_friend_id: string | null; organization_id: string; referrer: string | null; session_id: string | null; user_agent: string | null; } | ... 29 more ... | { ...; }' is not assignable to type 'FormAnalytics'.
    Type '{ created_at: string | null; event_data: Json; event_type: string; id: string; ip_address: unknown; line_friend_id: string | null; organization_id: string; referrer: string | null; session_id: string | null; user_agent: string | null; }' is missing the following properties from type 'FormAnalytics': form_id, date, total_responses, completed_responses, and 5 more.
lib/supabase/queries/forms.ts(297,55): error TS2339: Property 'submitted_at' does not exist on type 'SelectQueryError<"column 'completion_time_seconds' does not exist on 'form_responses'.">'.
lib/supabase/queries/forms.ts(301,21): error TS2339: Property 'completion_time_seconds' does not exist on type 'SelectQueryError<"column 'completion_time_seconds' does not exist on 'form_responses'.">'.
lib/supabase/queries/forms.ts(302,17): error TS2339: Property 'completion_time_seconds' does not exist on type 'SelectQueryError<"column 'completion_time_seconds' does not exist on 'form_responses'.">'.
lib/supabase/queries/forms.ts(337,29): error TS2339: Property 'metadata' does not exist on type 'SelectQueryError<"column 'metadata' does not exist on 'form_responses'.">'.
lib/supabase/queries/forms.ts(364,27): error TS2339: Property 'response_data' does not exist on type 'SelectQueryError<"column 'response_data' does not exist on 'form_responses'.">'.
lib/supabase/queries/forms.ts(396,10): error TS2345: Argument of type '"calculate_form_statistics"' is not assignable to parameter of type '"custom_access_token_hook"'.
lib/supabase/queries/friends.ts(5,44): error TS2339: Property 'friends' does not exist on type '{ analytics_events: { Row: { created_at: string | null; event_data: Json; event_type: string; id: string; ip_address: unknown; line_friend_id: string | null; organization_id: string; referrer: string | null; session_id: string | null; user_agent: string | null; }; Insert: { ...; }; Update: { ...; }; Relationships: [...'.
lib/supabase/queries/friends.ts(6,34): error TS2344: Type '"friends"' does not satisfy the constraint '"line_friends" | "organizations" | "users" | "step_campaigns" | "forms" | "tags" | "line_channels" | "messages" | "reservation_types" | "schedules" | "schedule_slots" | "rich_menus" | ... 19 more ... | { ...; }'.
lib/supabase/queries/friends.ts(7,34): error TS2344: Type '"friends"' does not satisfy the constraint '"line_friends" | "organizations" | "users" | "step_campaigns" | "forms" | "tags" | "line_channels" | "messages" | "reservation_types" | "schedules" | "schedule_slots" | "rich_menus" | ... 19 more ... | { ...; }'.
lib/supabase/queries/friends.ts(33,19): error TS2589: Type instantiation is excessively deep and possibly infinite.
lib/supabase/queries/friends.ts(34,15): error TS2769: No overload matches this call.
  Overload 1 of 2, '(relation: "line_friends" | "organizations" | "users" | "step_campaigns" | "forms" | "tags" | "line_channels" | "messages" | "reservation_types" | "schedules" | "schedule_slots" | ... 19 more ... | "webhook_logs"): PostgrestQueryBuilder<...>', gave the following error.
    Argument of type '"friends"' is not assignable to parameter of type '"line_friends" | "organizations" | "users" | "step_campaigns" | "forms" | "tags" | "line_channels" | "messages" | "reservation_types" | "schedules" | "schedule_slots" | "rich_menus" | ... 18 more ... | "webhook_logs"'.
  Overload 2 of 2, '(relation: never): PostgrestQueryBuilder<{ PostgrestVersion: "13.0.5"; }, { Tables: { analytics_events: { Row: { created_at: string | null; event_data: Json; event_type: string; id: string; ip_address: unknown; ... 4 more ...; user_agent: string | null; }; Insert: { ...; }; Update: { ...; }; Relationships: [...]; }; ... 29 more ...; webhook_logs: { ...; }; }; Views: {}; Functions: { ...; }; Enums: {}; CompositeTypes: {}; }, never, never, never>', gave the following error.
    Argument of type '"friends"' is not assignable to parameter of type 'never'.
lib/supabase/queries/friends.ts(95,37): error TS2589: Type instantiation is excessively deep and possibly infinite.
lib/supabase/queries/friends.ts(96,15): error TS2769: No overload matches this call.
  Overload 1 of 2, '(relation: "line_friends" | "organizations" | "users" | "step_campaigns" | "forms" | "tags" | "line_channels" | "messages" | "reservation_types" | "schedules" | "schedule_slots" | ... 19 more ... | "webhook_logs"): PostgrestQueryBuilder<...>', gave the following error.
    Argument of type '"friends"' is not assignable to parameter of type '"line_friends" | "organizations" | "users" | "step_campaigns" | "forms" | "tags" | "line_channels" | "messages" | "reservation_types" | "schedules" | "schedule_slots" | "rich_menus" | ... 18 more ... | "webhook_logs"'.
  Overload 2 of 2, '(relation: never): PostgrestQueryBuilder<{ PostgrestVersion: "13.0.5"; }, { Tables: { analytics_events: { Row: { created_at: string | null; event_data: Json; event_type: string; id: string; ip_address: unknown; ... 4 more ...; user_agent: string | null; }; Insert: { ...; }; Update: { ...; }; Relationships: [...]; }; ... 29 more ...; webhook_logs: { ...; }; }; Views: {}; Functions: { ...; }; Enums: {}; CompositeTypes: {}; }, never, never, never>', gave the following error.
    Argument of type '"friends"' is not assignable to parameter of type 'never'.
lib/supabase/queries/friends.ts(132,15): error TS2769: No overload matches this call.
  Overload 1 of 2, '(relation: "line_friends" | "organizations" | "users" | "step_campaigns" | "forms" | "tags" | "line_channels" | "messages" | "reservation_types" | "schedules" | "schedule_slots" | ... 19 more ... | "webhook_logs"): PostgrestQueryBuilder<...>', gave the following error.
    Argument of type '"friends"' is not assignable to parameter of type '"line_friends" | "organizations" | "users" | "step_campaigns" | "forms" | "tags" | "line_channels" | "messages" | "reservation_types" | "schedules" | "schedule_slots" | "rich_menus" | ... 18 more ... | "webhook_logs"'.
  Overload 2 of 2, '(relation: never): PostgrestQueryBuilder<{ PostgrestVersion: "13.0.5"; }, { Tables: { analytics_events: { Row: { created_at: string | null; event_data: Json; event_type: string; id: string; ip_address: unknown; ... 4 more ...; user_agent: string | null; }; Insert: { ...; }; Update: { ...; }; Relationships: [...]; }; ... 29 more ...; webhook_logs: { ...; }; }; Views: {}; Functions: { ...; }; Enums: {}; CompositeTypes: {}; }, never, never, never>', gave the following error.
    Argument of type '"friends"' is not assignable to parameter of type 'never'.
lib/supabase/queries/friends.ts(153,15): error TS2769: No overload matches this call.
  Overload 1 of 2, '(relation: "line_friends" | "organizations" | "users" | "step_campaigns" | "forms" | "tags" | "line_channels" | "messages" | "reservation_types" | "schedules" | "schedule_slots" | ... 19 more ... | "webhook_logs"): PostgrestQueryBuilder<...>', gave the following error.
    Argument of type '"friends"' is not assignable to parameter of type '"line_friends" | "organizations" | "users" | "step_campaigns" | "forms" | "tags" | "line_channels" | "messages" | "reservation_types" | "schedules" | "schedule_slots" | "rich_menus" | ... 18 more ... | "webhook_logs"'.
  Overload 2 of 2, '(relation: never): PostgrestQueryBuilder<{ PostgrestVersion: "13.0.5"; }, { Tables: { analytics_events: { Row: { created_at: string | null; event_data: Json; event_type: string; id: string; ip_address: unknown; ... 4 more ...; user_agent: string | null; }; Insert: { ...; }; Update: { ...; }; Relationships: [...]; }; ... 29 more ...; webhook_logs: { ...; }; }; Views: {}; Functions: { ...; }; Enums: {}; CompositeTypes: {}; }, never, never, never>', gave the following error.
    Argument of type '"friends"' is not assignable to parameter of type 'never'.
lib/supabase/queries/friends.ts(154,19): error TS2698: Spread types may only be created from object types.
lib/supabase/queries/friends.ts(175,15): error TS2769: No overload matches this call.
  Overload 1 of 2, '(relation: "line_friends" | "organizations" | "users" | "step_campaigns" | "forms" | "tags" | "line_channels" | "messages" | "reservation_types" | "schedules" | "schedule_slots" | ... 19 more ... | "webhook_logs"): PostgrestQueryBuilder<...>', gave the following error.
    Argument of type '"friends"' is not assignable to parameter of type '"line_friends" | "organizations" | "users" | "step_campaigns" | "forms" | "tags" | "line_channels" | "messages" | "reservation_types" | "schedules" | "schedule_slots" | "rich_menus" | ... 18 more ... | "webhook_logs"'.
  Overload 2 of 2, '(relation: never): PostgrestQueryBuilder<{ PostgrestVersion: "13.0.5"; }, { Tables: { analytics_events: { Row: { created_at: string | null; event_data: Json; event_type: string; id: string; ip_address: unknown; ... 4 more ...; user_agent: string | null; }; Insert: { ...; }; Update: { ...; }; Relationships: [...]; }; ... 29 more ...; webhook_logs: { ...; }; }; Views: {}; Functions: { ...; }; Enums: {}; CompositeTypes: {}; }, never, never, never>', gave the following error.
    Argument of type '"friends"' is not assignable to parameter of type 'never'.
lib/supabase/queries/friends.ts(193,48): error TS2345: Argument of type '{ is_blocked: boolean; }' is not assignable to parameter of type 'never'.
lib/supabase/queries/friends.ts(199,15): error TS2769: No overload matches this call.
  Overload 1 of 2, '(relation: "line_friends" | "organizations" | "users" | "step_campaigns" | "forms" | "tags" | "line_channels" | "messages" | "reservation_types" | "schedules" | "schedule_slots" | ... 19 more ... | "webhook_logs"): PostgrestQueryBuilder<...>', gave the following error.
    Argument of type '"friends"' is not assignable to parameter of type '"line_friends" | "organizations" | "users" | "step_campaigns" | "forms" | "tags" | "line_channels" | "messages" | "reservation_types" | "schedules" | "schedule_slots" | "rich_menus" | ... 18 more ... | "webhook_logs"'.
  Overload 2 of 2, '(relation: never): PostgrestQueryBuilder<{ PostgrestVersion: "13.0.5"; }, { Tables: { analytics_events: { Row: { created_at: string | null; event_data: Json; event_type: string; id: string; ip_address: unknown; ... 4 more ...; user_agent: string | null; }; Insert: { ...; }; Update: { ...; }; Relationships: [...]; }; ... 29 more ...; webhook_logs: { ...; }; }; Views: {}; Functions: { ...; }; Enums: {}; CompositeTypes: {}; }, never, never, never>', gave the following error.
    Argument of type '"friends"' is not assignable to parameter of type 'never'.
lib/supabase/queries/messages.ts(422,15): error TS2769: No overload matches this call.
  Overload 1 of 2, '(relation: "line_friends" | "organizations" | "users" | "step_campaigns" | "forms" | "tags" | "line_channels" | "messages" | "reservation_types" | "schedules" | "schedule_slots" | ... 19 more ... | "webhook_logs"): PostgrestQueryBuilder<...>', gave the following error.
    Argument of type '"friends"' is not assignable to parameter of type '"line_friends" | "organizations" | "users" | "step_campaigns" | "forms" | "tags" | "line_channels" | "messages" | "reservation_types" | "schedules" | "schedule_slots" | "rich_menus" | ... 18 more ... | "webhook_logs"'.
  Overload 2 of 2, '(relation: never): PostgrestQueryBuilder<{ PostgrestVersion: "13.0.5"; }, { Tables: { analytics_events: { Row: { created_at: string | null; event_data: Json; event_type: string; id: string; ip_address: unknown; ... 4 more ...; user_agent: string | null; }; Insert: { ...; }; Update: { ...; }; Relationships: [...]; }; ... 29 more ...; webhook_logs: { ...; }; }; Views: {}; Functions: { ...; }; Enums: {}; CompositeTypes: {}; }, never, never, never>', gave the following error.
    Argument of type '"friends"' is not assignable to parameter of type 'never'.
lib/supabase/queries/messages.ts(448,17): error TS2769: No overload matches this call.
  Overload 1 of 2, '(relation: "line_friends" | "organizations" | "users" | "step_campaigns" | "forms" | "tags" | "line_channels" | "messages" | "reservation_types" | "schedules" | "schedule_slots" | ... 19 more ... | "webhook_logs"): PostgrestQueryBuilder<...>', gave the following error.
    Argument of type '"friends"' is not assignable to parameter of type '"line_friends" | "organizations" | "users" | "step_campaigns" | "forms" | "tags" | "line_channels" | "messages" | "reservation_types" | "schedules" | "schedule_slots" | "rich_menus" | ... 18 more ... | "webhook_logs"'.
  Overload 2 of 2, '(relation: never): PostgrestQueryBuilder<{ PostgrestVersion: "13.0.5"; }, { Tables: { analytics_events: { Row: { created_at: string | null; event_data: Json; event_type: string; id: string; ip_address: unknown; ... 4 more ...; user_agent: string | null; }; Insert: { ...; }; Update: { ...; }; Relationships: [...]; }; ... 29 more ...; webhook_logs: { ...; }; }; Views: {}; Functions: { ...; }; Enums: {}; CompositeTypes: {}; }, never, never, never>', gave the following error.
    Argument of type '"friends"' is not assignable to parameter of type 'never'.
lib/supabase/queries/messages.ts(469,58): error TS2339: Property 'friend_id' does not exist on type 'SelectQueryError<"column 'friend_id' does not exist on 'friend_tags'.">'.
lib/supabase/queries/reservations.ts(6,29): error TS2344: Type '"available_slots"' does not satisfy the constraint '"line_friends" | "organizations" | "users" | "step_campaigns" | "forms" | "tags" | "line_channels" | "messages" | "reservation_types" | "schedules" | "schedule_slots" | "rich_menus" | ... 19 more ... | "webhook_logs"'.
lib/supabase/queries/reservations.ts(166,13): error TS2769: No overload matches this call.
  Overload 1 of 2, '(relation: "line_friends" | "organizations" | "users" | "step_campaigns" | "forms" | "tags" | "line_channels" | "messages" | "reservation_types" | "schedules" | "schedule_slots" | ... 19 more ... | "webhook_logs"): PostgrestQueryBuilder<...>', gave the following error.
    Argument of type '"available_slots"' is not assignable to parameter of type '"line_friends" | "organizations" | "users" | "step_campaigns" | "forms" | "tags" | "line_channels" | "messages" | "reservation_types" | "schedules" | "schedule_slots" | "rich_menus" | ... 18 more ... | "webhook_logs"'.
  Overload 2 of 2, '(relation: never): PostgrestQueryBuilder<{ PostgrestVersion: "13.0.5"; }, { Tables: { analytics_events: { Row: { created_at: string | null; event_data: Json; event_type: string; id: string; ip_address: unknown; ... 4 more ...; user_agent: string | null; }; Insert: { ...; }; Update: { ...; }; Relationships: [...]; }; ... 29 more ...; webhook_logs: { ...; }; }; Views: {}; Functions: { ...; }; Enums: {}; CompositeTypes: {}; }, never, never, never>', gave the following error.
    Argument of type '"available_slots"' is not assignable to parameter of type 'never'.
lib/supabase/queries/reservations.ts(218,8): error TS2769: No overload matches this call.
  Overload 1 of 2, '(values: { cancellation_reason?: string | null | undefined; cancelled_at?: string | null | undefined; confirmed_at?: string | null | undefined; created_at?: string | null | undefined; custom_data?: Json | undefined; ... 12 more ...; updated_at?: string | ... 1 more ... | undefined; }, options?: { ...; } | undefined): PostgrestFilterBuilder<...>', gave the following error.
    Object literal may only specify known properties, and 'slot_id' does not exist in type '{ cancellation_reason?: string | null | undefined; cancelled_at?: string | null | undefined; confirmed_at?: string | null | undefined; created_at?: string | null | undefined; custom_data?: Json | undefined; ... 12 more ...; updated_at?: string | ... 1 more ... | undefined; }'.
  Overload 2 of 2, '(values: { cancellation_reason?: string | null | undefined; cancelled_at?: string | null | undefined; confirmed_at?: string | null | undefined; created_at?: string | null | undefined; custom_data?: Json | undefined; ... 12 more ...; updated_at?: string | ... 1 more ... | undefined; }[], options?: { ...; } | undefined): PostgrestFilterBuilder<...>', gave the following error.
    Object literal may only specify known properties, and 'reservation_type_id' does not exist in type '{ cancellation_reason?: string | null | undefined; cancelled_at?: string | null | undefined; confirmed_at?: string | null | undefined; created_at?: string | null | undefined; custom_data?: Json | undefined; ... 12 more ...; updated_at?: string | ... 1 more ... | undefined; }[]'.
lib/supabase/queries/reservations.ts(245,15): error TS2339: Property 'completed_at' does not exist on type 'Partial<{ cancellation_reason: string | null; cancelled_at: string | null; confirmed_at: string | null; created_at: string | null; custom_data: Json; customer_email: string | null; ... 11 more ...; updated_at: string | null; }>'.
lib/supabase/queries/segments.ts(58,59): error TS2339: Property 'conditions' does not exist on type '{ created_at: string | null; description: string | null; estimated_count: number | null; id: string; name: string; organization_id: string; type: string; updated_at: string | null; }'.
lib/supabase/queries/segments.ts(159,15): error TS2769: No overload matches this call.
  Overload 1 of 2, '(relation: "line_friends" | "organizations" | "users" | "step_campaigns" | "forms" | "tags" | "line_channels" | "messages" | "reservation_types" | "schedules" | "schedule_slots" | ... 19 more ... | "webhook_logs"): PostgrestQueryBuilder<...>', gave the following error.
    Argument of type '"friends"' is not assignable to parameter of type '"line_friends" | "organizations" | "users" | "step_campaigns" | "forms" | "tags" | "line_channels" | "messages" | "reservation_types" | "schedules" | "schedule_slots" | "rich_menus" | ... 18 more ... | "webhook_logs"'.
  Overload 2 of 2, '(relation: never): PostgrestQueryBuilder<{ PostgrestVersion: "13.0.5"; }, { Tables: { analytics_events: { Row: { created_at: string | null; event_data: Json; event_type: string; id: string; ip_address: unknown; ... 4 more ...; user_agent: string | null; }; Insert: { ...; }; Update: { ...; }; Relationships: [...]; }; ... 29 more ...; webhook_logs: { ...; }; }; Views: {}; Functions: { ...; }; Enums: {}; CompositeTypes: {}; }, never, never, never>', gave the following error.
    Argument of type '"friends"' is not assignable to parameter of type 'never'.
lib/supabase/queries/segments.ts(222,34): error TS2339: Property 'conditions' does not exist on type '{ created_at: string | null; description: string | null; estimated_count: number | null; id: string; name: string; organization_id: string; type: string; updated_at: string | null; }'.
lib/supabase/queries/segments.ts(225,19): error TS2589: Type instantiation is excessively deep and possibly infinite.
lib/supabase/queries/segments.ts(226,15): error TS2769: No overload matches this call.
  Overload 1 of 2, '(relation: "line_friends" | "organizations" | "users" | "step_campaigns" | "forms" | "tags" | "line_channels" | "messages" | "reservation_types" | "schedules" | "schedule_slots" | ... 19 more ... | "webhook_logs"): PostgrestQueryBuilder<...>', gave the following error.
    Argument of type '"friends"' is not assignable to parameter of type '"line_friends" | "organizations" | "users" | "step_campaigns" | "forms" | "tags" | "line_channels" | "messages" | "reservation_types" | "schedules" | "schedule_slots" | "rich_menus" | ... 18 more ... | "webhook_logs"'.
  Overload 2 of 2, '(relation: never): PostgrestQueryBuilder<{ PostgrestVersion: "13.0.5"; }, { Tables: { analytics_events: { Row: { created_at: string | null; event_data: Json; event_type: string; id: string; ip_address: unknown; ... 4 more ...; user_agent: string | null; }; Insert: { ...; }; Update: { ...; }; Relationships: [...]; }; ... 29 more ...; webhook_logs: { ...; }; }; Views: {}; Functions: { ...; }; Enums: {}; CompositeTypes: {}; }, never, never, never>', gave the following error.
    Argument of type '"friends"' is not assignable to parameter of type 'never'.
lib/supabase/queries/tags.ts(67,68): error TS2339: Property 'user_id' does not exist on type '{ color?: string | null | undefined; created_at?: string | null | undefined; description?: string | null | undefined; id?: string | undefined; name: string; organization_id: string; updated_at?: string | ... 1 more ... | undefined; }'.
lib/supabase/queries/tags.ts(156,19): error TS2769: No overload matches this call.
  Overload 1 of 2, '(values: { created_at?: string | null | undefined; id?: string | undefined; line_friend_id: string; tag_id: string; }, options?: { count?: "exact" | "planned" | "estimated" | undefined; } | undefined): PostgrestFilterBuilder<...>', gave the following error.
    Object literal may only specify known properties, and 'friend_id' does not exist in type '{ created_at?: string | null | undefined; id?: string | undefined; line_friend_id: string; tag_id: string; }'.
  Overload 2 of 2, '(values: { created_at?: string | null | undefined; id?: string | undefined; line_friend_id: string; tag_id: string; }[], options?: { count?: "exact" | "planned" | "estimated" | undefined; defaultToNull?: boolean | undefined; } | undefined): PostgrestFilterBuilder<...>', gave the following error.
    Object literal may only specify known properties, and 'friend_id' does not exist in type '{ created_at?: string | null | undefined; id?: string | undefined; line_friend_id: string; tag_id: string; }[]'.
lib/supabase/queries/templates.ts(5,53): error TS2339: Property 'message_templates' does not exist on type '{ analytics_events: { Row: { created_at: string | null; event_data: Json; event_type: string; id: string; ip_address: unknown; line_friend_id: string | null; organization_id: string; referrer: string | null; session_id: string | null; user_agent: string | null; }; Insert: { ...; }; Update: { ...; }; Relationships: [...'.
lib/supabase/queries/templates.ts(6,43): error TS2344: Type '"message_templates"' does not satisfy the constraint '"line_friends" | "organizations" | "users" | "step_campaigns" | "forms" | "tags" | "line_channels" | "messages" | "reservation_types" | "schedules" | "schedule_slots" | "rich_menus" | ... 19 more ... | { ...; }'.
lib/supabase/queries/templates.ts(7,43): error TS2344: Type '"message_templates"' does not satisfy the constraint '"line_friends" | "organizations" | "users" | "step_campaigns" | "forms" | "tags" | "line_channels" | "messages" | "reservation_types" | "schedules" | "schedule_slots" | "rich_menus" | ... 19 more ... | { ...; }'.
lib/supabase/queries/templates.ts(26,15): error TS2769: No overload matches this call.
  Overload 1 of 2, '(relation: "line_friends" | "organizations" | "users" | "step_campaigns" | "forms" | "tags" | "line_channels" | "messages" | "reservation_types" | "schedules" | "schedule_slots" | ... 19 more ... | "webhook_logs"): PostgrestQueryBuilder<...>', gave the following error.
    Argument of type '"message_templates"' is not assignable to parameter of type '"line_friends" | "organizations" | "users" | "step_campaigns" | "forms" | "tags" | "line_channels" | "messages" | "reservation_types" | "schedules" | "schedule_slots" | "rich_menus" | ... 18 more ... | "webhook_logs"'.
  Overload 2 of 2, '(relation: never): PostgrestQueryBuilder<{ PostgrestVersion: "13.0.5"; }, { Tables: { analytics_events: { Row: { created_at: string | null; event_data: Json; event_type: string; id: string; ip_address: unknown; ... 4 more ...; user_agent: string | null; }; Insert: { ...; }; Update: { ...; }; Relationships: [...]; }; ... 29 more ...; webhook_logs: { ...; }; }; Views: {}; Functions: { ...; }; Enums: {}; CompositeTypes: {}; }, never, never, never>', gave the following error.
    Argument of type '"message_templates"' is not assignable to parameter of type 'never'.
lib/supabase/queries/templates.ts(69,15): error TS2769: No overload matches this call.
  Overload 1 of 2, '(relation: "line_friends" | "organizations" | "users" | "step_campaigns" | "forms" | "tags" | "line_channels" | "messages" | "reservation_types" | "schedules" | "schedule_slots" | ... 19 more ... | "webhook_logs"): PostgrestQueryBuilder<...>', gave the following error.
    Argument of type '"message_templates"' is not assignable to parameter of type '"line_friends" | "organizations" | "users" | "step_campaigns" | "forms" | "tags" | "line_channels" | "messages" | "reservation_types" | "schedules" | "schedule_slots" | "rich_menus" | ... 18 more ... | "webhook_logs"'.
  Overload 2 of 2, '(relation: never): PostgrestQueryBuilder<{ PostgrestVersion: "13.0.5"; }, { Tables: { analytics_events: { Row: { created_at: string | null; event_data: Json; event_type: string; id: string; ip_address: unknown; ... 4 more ...; user_agent: string | null; }; Insert: { ...; }; Update: { ...; }; Relationships: [...]; }; ... 29 more ...; webhook_logs: { ...; }; }; Views: {}; Functions: { ...; }; Enums: {}; CompositeTypes: {}; }, never, never, never>', gave the following error.
    Argument of type '"message_templates"' is not assignable to parameter of type 'never'.
lib/supabase/queries/templates.ts(89,15): error TS2769: No overload matches this call.
  Overload 1 of 2, '(relation: "line_friends" | "organizations" | "users" | "step_campaigns" | "forms" | "tags" | "line_channels" | "messages" | "reservation_types" | "schedules" | "schedule_slots" | ... 19 more ... | "webhook_logs"): PostgrestQueryBuilder<...>', gave the following error.
    Argument of type '"message_templates"' is not assignable to parameter of type '"line_friends" | "organizations" | "users" | "step_campaigns" | "forms" | "tags" | "line_channels" | "messages" | "reservation_types" | "schedules" | "schedule_slots" | "rich_menus" | ... 18 more ... | "webhook_logs"'.
  Overload 2 of 2, '(relation: never): PostgrestQueryBuilder<{ PostgrestVersion: "13.0.5"; }, { Tables: { analytics_events: { Row: { created_at: string | null; event_data: Json; event_type: string; id: string; ip_address: unknown; ... 4 more ...; user_agent: string | null; }; Insert: { ...; }; Update: { ...; }; Relationships: [...]; }; ... 29 more ...; webhook_logs: { ...; }; }; Views: {}; Functions: { ...; }; Enums: {}; CompositeTypes: {}; }, never, never, never>', gave the following error.
    Argument of type '"message_templates"' is not assignable to parameter of type 'never'.
lib/supabase/queries/templates.ts(110,15): error TS2769: No overload matches this call.
  Overload 1 of 2, '(relation: "line_friends" | "organizations" | "users" | "step_campaigns" | "forms" | "tags" | "line_channels" | "messages" | "reservation_types" | "schedules" | "schedule_slots" | ... 19 more ... | "webhook_logs"): PostgrestQueryBuilder<...>', gave the following error.
    Argument of type '"message_templates"' is not assignable to parameter of type '"line_friends" | "organizations" | "users" | "step_campaigns" | "forms" | "tags" | "line_channels" | "messages" | "reservation_types" | "schedules" | "schedule_slots" | "rich_menus" | ... 18 more ... | "webhook_logs"'.
  Overload 2 of 2, '(relation: never): PostgrestQueryBuilder<{ PostgrestVersion: "13.0.5"; }, { Tables: { analytics_events: { Row: { created_at: string | null; event_data: Json; event_type: string; id: string; ip_address: unknown; ... 4 more ...; user_agent: string | null; }; Insert: { ...; }; Update: { ...; }; Relationships: [...]; }; ... 29 more ...; webhook_logs: { ...; }; }; Views: {}; Functions: { ...; }; Enums: {}; CompositeTypes: {}; }, never, never, never>', gave the following error.
    Argument of type '"message_templates"' is not assignable to parameter of type 'never'.
lib/supabase/queries/templates.ts(111,19): error TS2698: Spread types may only be created from object types.
lib/supabase/queries/templates.ts(132,15): error TS2769: No overload matches this call.
  Overload 1 of 2, '(relation: "line_friends" | "organizations" | "users" | "step_campaigns" | "forms" | "tags" | "line_channels" | "messages" | "reservation_types" | "schedules" | "schedule_slots" | ... 19 more ... | "webhook_logs"): PostgrestQueryBuilder<...>', gave the following error.
    Argument of type '"message_templates"' is not assignable to parameter of type '"line_friends" | "organizations" | "users" | "step_campaigns" | "forms" | "tags" | "line_channels" | "messages" | "reservation_types" | "schedules" | "schedule_slots" | "rich_menus" | ... 18 more ... | "webhook_logs"'.
  Overload 2 of 2, '(relation: never): PostgrestQueryBuilder<{ PostgrestVersion: "13.0.5"; }, { Tables: { analytics_events: { Row: { created_at: string | null; event_data: Json; event_type: string; id: string; ip_address: unknown; ... 4 more ...; user_agent: string | null; }; Insert: { ...; }; Update: { ...; }; Relationships: [...]; }; ... 29 more ...; webhook_logs: { ...; }; }; Views: {}; Functions: { ...; }; Enums: {}; CompositeTypes: {}; }, never, never, never>', gave the following error.
    Argument of type '"message_templates"' is not assignable to parameter of type 'never'.
lib/supabase/queries/templates.ts(148,15): error TS2769: No overload matches this call.
  Overload 1 of 2, '(relation: "line_friends" | "organizations" | "users" | "step_campaigns" | "forms" | "tags" | "line_channels" | "messages" | "reservation_types" | "schedules" | "schedule_slots" | ... 19 more ... | "webhook_logs"): PostgrestQueryBuilder<...>', gave the following error.
    Argument of type '"message_templates"' is not assignable to parameter of type '"line_friends" | "organizations" | "users" | "step_campaigns" | "forms" | "tags" | "line_channels" | "messages" | "reservation_types" | "schedules" | "schedule_slots" | "rich_menus" | ... 18 more ... | "webhook_logs"'.
  Overload 2 of 2, '(relation: never): PostgrestQueryBuilder<{ PostgrestVersion: "13.0.5"; }, { Tables: { analytics_events: { Row: { created_at: string | null; event_data: Json; event_type: string; id: string; ip_address: unknown; ... 4 more ...; user_agent: string | null; }; Insert: { ...; }; Update: { ...; }; Relationships: [...]; }; ... 29 more ...; webhook_logs: { ...; }; }; Views: {}; Functions: { ...; }; Enums: {}; CompositeTypes: {}; }, never, never, never>', gave the following error.
    Argument of type '"message_templates"' is not assignable to parameter of type 'never'.
lib/supabase/queries/templates.ts(156,42): error TS2339: Property 'category' does not exist on type 'SelectQueryError<"column 'category' does not exist on 'line_friends'."> | SelectQueryError<"column 'category' does not exist on 'organizations'."> | ... 28 more ... | SelectQueryError<...>'.
  Property 'category' does not exist on type 'SelectQueryError<"column 'category' does not exist on 'line_friends'.">'.
lib/supabase/queries/templates.ts(168,15): error TS2769: No overload matches this call.
  Overload 1 of 2, '(relation: "line_friends" | "organizations" | "users" | "step_campaigns" | "forms" | "tags" | "line_channels" | "messages" | "reservation_types" | "schedules" | "schedule_slots" | ... 19 more ... | "webhook_logs"): PostgrestQueryBuilder<...>', gave the following error.
    Argument of type '"message_templates"' is not assignable to parameter of type '"line_friends" | "organizations" | "users" | "step_campaigns" | "forms" | "tags" | "line_channels" | "messages" | "reservation_types" | "schedules" | "schedule_slots" | "rich_menus" | ... 18 more ... | "webhook_logs"'.
  Overload 2 of 2, '(relation: never): PostgrestQueryBuilder<{ PostgrestVersion: "13.0.5"; }, { Tables: { analytics_events: { Row: { created_at: string | null; event_data: Json; event_type: string; id: string; ip_address: unknown; ... 4 more ...; user_agent: string | null; }; Insert: { ...; }; Update: { ...; }; Relationships: [...]; }; ... 29 more ...; webhook_logs: { ...; }; }; Views: {}; Functions: { ...; }; Enums: {}; CompositeTypes: {}; }, never, never, never>', gave the following error.
    Argument of type '"message_templates"' is not assignable to parameter of type 'never'.
lib/utils/organization.ts(68,11): error TS2769: No overload matches this call.
  Overload 1 of 2, '(relation: "line_friends" | "organizations" | "users" | "step_campaigns" | "forms" | "tags" | "line_channels" | "messages" | "reservation_types" | "schedules" | "schedule_slots" | ... 19 more ... | "webhook_logs"): PostgrestQueryBuilder<...>', gave the following error.
    Argument of type '"user_profiles"' is not assignable to parameter of type '"line_friends" | "organizations" | "users" | "step_campaigns" | "forms" | "tags" | "line_channels" | "messages" | "reservation_types" | "schedules" | "schedule_slots" | "rich_menus" | ... 18 more ... | "webhook_logs"'.
  Overload 2 of 2, '(relation: never): PostgrestQueryBuilder<{ PostgrestVersion: "13.0.5"; }, { Tables: { analytics_events: { Row: { created_at: string | null; event_data: Json; event_type: string; id: string; ip_address: unknown; ... 4 more ...; user_agent: string | null; }; Insert: { ...; }; Update: { ...; }; Relationships: [...]; }; ... 29 more ...; webhook_logs: { ...; }; }; Views: {}; Functions: { ...; }; Enums: {}; CompositeTypes: {}; }, never, never, never>', gave the following error.
    Argument of type '"user_profiles"' is not assignable to parameter of type 'never'.
lib/utils/organization.ts(81,34): error TS2339: Property 'company_id' does not exist on type 'SelectQueryError<"column 'company_id' does not exist on 'line_friends'."> | SelectQueryError<"column 'company_id' does not exist on 'organizations'."> | ... 28 more ... | SelectQueryError<...>'.
  Property 'company_id' does not exist on type 'SelectQueryError<"column 'company_id' does not exist on 'line_friends'.">'.
lib/utils/organization.ts(83,35): error TS2339: Property 'company_id' does not exist on type 'SelectQueryError<"column 'company_id' does not exist on 'line_friends'."> | SelectQueryError<"column 'company_id' does not exist on 'organizations'."> | ... 28 more ... | SelectQueryError<...>'.
  Property 'company_id' does not exist on type 'SelectQueryError<"column 'company_id' does not exist on 'line_friends'.">'.
lib/utils/organization.ts(84,25): error TS2339: Property 'role' does not exist on type 'SelectQueryError<"column 'company_id' does not exist on 'line_friends'."> | SelectQueryError<"column 'company_id' does not exist on 'organizations'."> | ... 28 more ... | SelectQueryError<...>'.
  Property 'role' does not exist on type 'SelectQueryError<"column 'company_id' does not exist on 'line_friends'.">'.
lib/utils/organization.ts(85,33): error TS2339: Property 'company' does not exist on type 'SelectQueryError<"column 'company_id' does not exist on 'line_friends'."> | SelectQueryError<"column 'company_id' does not exist on 'organizations'."> | ... 28 more ... | SelectQueryError<...>'.
  Property 'company' does not exist on type 'SelectQueryError<"column 'company_id' does not exist on 'line_friends'.">'.
supabase/functions/aggregate-analytics/index.ts(14,23): error TS2307: Cannot find module 'https://deno.land/std@0.168.0/http/server.ts' or its corresponding type declarations.
supabase/functions/aggregate-analytics/index.ts(15,30): error TS2307: Cannot find module 'https://esm.sh/@supabase/supabase-js@2' or its corresponding type declarations.
supabase/functions/aggregate-analytics/index.ts(43,14): error TS7006: Parameter 'req' implicitly has an 'any' type.
supabase/functions/aggregate-analytics/index.ts(49,7): error TS2304: Cannot find name 'Deno'.
supabase/functions/aggregate-analytics/index.ts(50,7): error TS2304: Cannot find name 'Deno'.
supabase/functions/aggregate-analytics/index.ts(113,55): error TS7006: Parameter 'e' implicitly has an 'any' type.
supabase/functions/aggregate-analytics/index.ts(114,60): error TS7006: Parameter 'e' implicitly has an 'any' type.
supabase/functions/aggregate-analytics/index.ts(115,55): error TS7006: Parameter 'e' implicitly has an 'any' type.
supabase/functions/aggregate-analytics/index.ts(116,57): error TS7006: Parameter 'e' implicitly has an 'any' type.
supabase/functions/aggregate-analytics/index.ts(134,54): error TS7006: Parameter 'e' implicitly has an 'any' type.
supabase/functions/aggregate-analytics/index.ts(135,56): error TS7006: Parameter 'e' implicitly has an 'any' type.
supabase/functions/aggregate-analytics/index.ts(165,66): error TS7006: Parameter 'e' implicitly has an 'any' type.
supabase/functions/aggregate-analytics/index.ts(166,68): error TS7006: Parameter 'e' implicitly has an 'any' type.
supabase/functions/aggregate-analytics/index.ts(167,68): error TS7006: Parameter 'e' implicitly has an 'any' type.
supabase/functions/aggregate-analytics/index.ts(168,68): error TS7006: Parameter 'e' implicitly has an 'any' type.
supabase/functions/aggregate-analytics/index.ts(169,66): error TS7006: Parameter 'e' implicitly has an 'any' type.
supabase/functions/aggregate-analytics/index.ts(182,51): error TS7006: Parameter 'e' implicitly has an 'any' type.
supabase/functions/aggregate-analytics/index.ts(183,54): error TS7006: Parameter 'e' implicitly has an 'any' type.
supabase/functions/aggregate-analytics/index.ts(184,54): error TS7006: Parameter 'e' implicitly has an 'any' type.
supabase/functions/aggregate-analytics/index.ts(201,72): error TS7006: Parameter 'e' implicitly has an 'any' type.
supabase/functions/cleanup-expired-invitations/index.ts(1,23): error TS2307: Cannot find module 'https://deno.land/std@0.168.0/http/server.ts' or its corresponding type declarations.
supabase/functions/cleanup-expired-invitations/index.ts(2,30): error TS2307: Cannot find module 'https://esm.sh/@supabase/supabase-js@2' or its corresponding type declarations.
supabase/functions/cleanup-expired-invitations/index.ts(4,21): error TS2304: Cannot find name 'Deno'.
supabase/functions/cleanup-expired-invitations/index.ts(5,28): error TS2304: Cannot find name 'Deno'.
supabase/functions/cleanup-expired-invitations/index.ts(14,14): error TS7006: Parameter 'req' implicitly has an 'any' type.
supabase/functions/deploy-rich-menu/index.ts(1,30): error TS2307: Cannot find module 'jsr:@supabase/supabase-js@2' or its corresponding type declarations.
supabase/functions/deploy-rich-menu/index.ts(119,1): error TS2304: Cannot find name 'Deno'.
supabase/functions/deploy-rich-menu/index.ts(119,19): error TS7006: Parameter 'req' implicitly has an 'any' type.
supabase/functions/deploy-rich-menu/index.ts(126,7): error TS2304: Cannot find name 'Deno'.
supabase/functions/deploy-rich-menu/index.ts(127,7): error TS2304: Cannot find name 'Deno'.
supabase/functions/deploy-rich-menu/index.ts(185,29): error TS2304: Cannot find name 'Deno'.
supabase/functions/process-ai-response/index.ts(17,23): error TS2307: Cannot find module 'https://deno.land/std@0.168.0/http/server.ts' or its corresponding type declarations.
supabase/functions/process-ai-response/index.ts(18,30): error TS2307: Cannot find module 'https://esm.sh/@supabase/supabase-js@2' or its corresponding type declarations.
supabase/functions/process-ai-response/index.ts(54,14): error TS7006: Parameter 'req' implicitly has an 'any' type.
supabase/functions/process-ai-response/index.ts(84,7): error TS2304: Cannot find name 'Deno'.
supabase/functions/process-ai-response/index.ts(85,7): error TS2304: Cannot find name 'Deno'.
supabase/functions/process-ai-response/index.ts(214,7): error TS2345: Argument of type 'ConversationMessage[] | undefined' is not assignable to parameter of type 'ConversationMessage[]'.
  Type 'undefined' is not assignable to type 'ConversationMessage[]'.
supabase/functions/process-auto-response/index.ts(7,23): error TS2307: Cannot find module 'https://deno.land/std@0.168.0/http/server.ts' or its corresponding type declarations.
supabase/functions/process-auto-response/index.ts(8,30): error TS2307: Cannot find module 'https://esm.sh/@supabase/supabase-js@2' or its corresponding type declarations.
supabase/functions/process-auto-response/index.ts(233,14): error TS7006: Parameter 'req' implicitly has an 'any' type.
supabase/functions/process-auto-response/index.ts(255,7): error TS2304: Cannot find name 'Deno'.
supabase/functions/process-auto-response/index.ts(256,7): error TS2304: Cannot find name 'Deno'.
supabase/functions/process-auto-response/index.ts(260,25): error TS2304: Cannot find name 'Deno'.
supabase/functions/process-line-webhook/index.ts(6,23): error TS2307: Cannot find module 'https://deno.land/std@0.168.0/http/server.ts' or its corresponding type declarations.
supabase/functions/process-line-webhook/index.ts(7,30): error TS2307: Cannot find module 'https://esm.sh/@supabase/supabase-js@2' or its corresponding type declarations.
supabase/functions/process-line-webhook/index.ts(8,24): error TS2307: Cannot find module 'https://deno.land/std@0.168.0/crypto/mod.ts' or its corresponding type declarations.
supabase/functions/process-line-webhook/index.ts(49,20): error TS7006: Parameter 'key' implicitly has an 'any' type.
supabase/functions/process-line-webhook/index.ts(51,10): error TS7006: Parameter 'hash' implicitly has an 'any' type.
supabase/functions/process-line-webhook/index.ts(141,25): error TS2304: Cannot find name 'Deno'.
supabase/functions/process-line-webhook/index.ts(142,29): error TS2304: Cannot find name 'Deno'.
supabase/functions/process-line-webhook/index.ts(253,14): error TS7006: Parameter 'req' implicitly has an 'any' type.
supabase/functions/process-line-webhook/index.ts(267,27): error TS2304: Cannot find name 'Deno'.
supabase/functions/process-line-webhook/index.ts(286,7): error TS2304: Cannot find name 'Deno'.
supabase/functions/process-line-webhook/index.ts(287,7): error TS2304: Cannot find name 'Deno'.
supabase/functions/process-scheduled-messages/index.ts(7,23): error TS2307: Cannot find module 'https://deno.land/std@0.168.0/http/server.ts' or its corresponding type declarations.
supabase/functions/process-scheduled-messages/index.ts(8,30): error TS2307: Cannot find module 'https://esm.sh/@supabase/supabase-js@2' or its corresponding type declarations.
supabase/functions/process-scheduled-messages/index.ts(10,14): error TS7006: Parameter 'req' implicitly has an 'any' type.
supabase/functions/process-scheduled-messages/index.ts(14,7): error TS2304: Cannot find name 'Deno'.
supabase/functions/process-scheduled-messages/index.ts(15,7): error TS2304: Cannot find name 'Deno'.
supabase/functions/process-scheduled-messages/index.ts(48,25): error TS2304: Cannot find name 'Deno'.
supabase/functions/process-scheduled-messages/index.ts(49,32): error TS2304: Cannot find name 'Deno'.
supabase/functions/process-step-campaigns/index.ts(1,23): error TS2307: Cannot find module 'https://deno.land/std@0.168.0/http/server.ts' or its corresponding type declarations.
supabase/functions/process-step-campaigns/index.ts(2,30): error TS2307: Cannot find module 'https://esm.sh/@supabase/supabase-js@2' or its corresponding type declarations.
supabase/functions/process-step-campaigns/index.ts(37,14): error TS7006: Parameter 'req' implicitly has an 'any' type.
supabase/functions/process-step-campaigns/index.ts(39,5): error TS2304: Cannot find name 'Deno'.
supabase/functions/process-step-campaigns/index.ts(40,5): error TS2304: Cannot find name 'Deno'.
supabase/functions/process-stripe-webhook/index.ts(1,23): error TS2307: Cannot find module 'https://deno.land/std@0.168.0/http/server.ts' or its corresponding type declarations.
supabase/functions/process-stripe-webhook/index.ts(2,30): error TS2307: Cannot find module 'https://esm.sh/@supabase/supabase-js@2' or its corresponding type declarations.
supabase/functions/process-stripe-webhook/index.ts(3,20): error TS2307: Cannot find module 'https://esm.sh/stripe@14' or its corresponding type declarations.
supabase/functions/process-stripe-webhook/index.ts(5,27): error TS2304: Cannot find name 'Deno'.
supabase/functions/process-stripe-webhook/index.ts(10,21): error TS2304: Cannot find name 'Deno'.
supabase/functions/process-stripe-webhook/index.ts(11,28): error TS2304: Cannot find name 'Deno'.
supabase/functions/process-stripe-webhook/index.ts(12,23): error TS2304: Cannot find name 'Deno'.
supabase/functions/process-stripe-webhook/index.ts(37,14): error TS7006: Parameter 'req' implicitly has an 'any' type.
supabase/functions/process-url-click/index.ts(17,23): error TS2307: Cannot find module 'https://deno.land/std@0.168.0/http/server.ts' or its corresponding type declarations.
supabase/functions/process-url-click/index.ts(18,30): error TS2307: Cannot find module 'https://esm.sh/@supabase/supabase-js@2' or its corresponding type declarations.
supabase/functions/process-url-click/index.ts(105,14): error TS7006: Parameter 'req' implicitly has an 'any' type.
supabase/functions/process-url-click/index.ts(136,7): error TS2304: Cannot find name 'Deno'.
supabase/functions/process-url-click/index.ts(137,7): error TS2304: Cannot find name 'Deno'.
supabase/functions/reset-daily-usage/index.ts(1,23): error TS2307: Cannot find module 'https://deno.land/std@0.168.0/http/server.ts' or its corresponding type declarations.
supabase/functions/reset-daily-usage/index.ts(2,30): error TS2307: Cannot find module 'https://esm.sh/@supabase/supabase-js@2' or its corresponding type declarations.
supabase/functions/reset-daily-usage/index.ts(4,21): error TS2304: Cannot find name 'Deno'.
supabase/functions/reset-daily-usage/index.ts(5,28): error TS2304: Cannot find name 'Deno'.
supabase/functions/reset-daily-usage/index.ts(20,14): error TS7006: Parameter 'req' implicitly has an 'any' type.
supabase/functions/send-line-message/index.ts(7,23): error TS2307: Cannot find module 'https://deno.land/std@0.168.0/http/server.ts' or its corresponding type declarations.
supabase/functions/send-line-message/index.ts(8,30): error TS2307: Cannot find module 'https://esm.sh/@supabase/supabase-js@2' or its corresponding type declarations.
supabase/functions/send-line-message/index.ts(19,14): error TS7006: Parameter 'req' implicitly has an 'any' type.
supabase/functions/send-line-message/index.ts(33,7): error TS2304: Cannot find name 'Deno'.
supabase/functions/send-line-message/index.ts(34,7): error TS2304: Cannot find name 'Deno'.
supabase/functions/send-line-message/index.ts(61,25): error TS2304: Cannot find name 'Deno'.
supabase/functions/send-reservation-reminders/index.ts(14,23): error TS2307: Cannot find module 'https://deno.land/std@0.168.0/http/server.ts' or its corresponding type declarations.
supabase/functions/send-reservation-reminders/index.ts(15,30): error TS2307: Cannot find module 'https://esm.sh/@supabase/supabase-js@2' or its corresponding type declarations.
supabase/functions/send-reservation-reminders/index.ts(43,14): error TS7006: Parameter 'req' implicitly has an 'any' type.
supabase/functions/send-reservation-reminders/index.ts(49,7): error TS2304: Cannot find name 'Deno'.
supabase/functions/send-reservation-reminders/index.ts(50,7): error TS2304: Cannot find name 'Deno'.
supabase/functions/send-reservation-reminders/index.ts(54,25): error TS2304: Cannot find name 'Deno'.
supabase/functions/send-reservation-reminders/index.ts(184,30): error TS2304: Cannot find name 'Deno'.
supabase/functions/timeout-inactive-conversations/index.ts(7,23): error TS2307: Cannot find module 'https://deno.land/std@0.168.0/http/server.ts' or its corresponding type declarations.
supabase/functions/timeout-inactive-conversations/index.ts(8,30): error TS2307: Cannot find module 'https://esm.sh/@supabase/supabase-js@2' or its corresponding type declarations.
supabase/functions/timeout-inactive-conversations/index.ts(10,14): error TS7006: Parameter 'req' implicitly has an 'any' type.
supabase/functions/timeout-inactive-conversations/index.ts(14,24): error TS2304: Cannot find name 'Deno'.
supabase/functions/timeout-inactive-conversations/index.ts(22,7): error TS2304: Cannot find name 'Deno'.
supabase/functions/timeout-inactive-conversations/index.ts(23,7): error TS2304: Cannot find name 'Deno'.
